<html>
<body>
<pre>
<h1>µVision Build Log</h1>
<h2>Tool Versions:</h2>
IDE-Version: ¦ÌVision V5.27.1.0
Copyright (C) 2019 ARM Ltd and ARM Germany GmbH. All rights reserved.
License Information: Sok Sok, sok, LIC=LJWPC-73Z5W-24HSS-LK44V-6WJZV-3E21A
 
Tool Versions:
Toolchain:       MDK-ARM Professional  Version: 5.27.1.0
Toolchain Path:  C:\Keil_v5\ARM\ARMCC\Bin
C Compiler:      Armcc.exe V5.06 update 6 (build 750)
Assembler:       Armasm.exe V5.06 update 6 (build 750)
Linker/Locator:  ArmLink.exe V5.06 update 6 (build 750)
Library Manager: ArmAr.exe V5.06 update 6 (build 750)
Hex Converter:   FromElf.exe V5.06 update 6 (build 750)
CPU DLL:         
Dialog DLL:      
Target DLL:      Segger\JL2CM3.dll V2.99.35.0
Dialog DLL:      TCM.DLL V1.36.1.0
 
<h2>Project:</h2>
D:\ProGram_LiWang\EconHand\Hardware\EconHand_UartApp\examples\ble_peripheral\ble_app_uart\pca10040\s132\arm5_no_packs\ble_app_uart_pca10040_s132.uvprojx
Project File Date:  08/22/2022

<h2>Output:</h2>
*** Using Compiler 'V5.06 update 6 (build 750)', folder: 'C:\Keil_v5\ARM\ARMCC\Bin'
Build target 'nrf52832_xxaa'
compiling main.c...
..\..\..\..\..\..\Hard_driver\driver_key.h(34): warning:  #1-D: last line of file ends without a newline
  #endif
..\..\..\..\..\..\Hard_driver\nrf_ads1299.h(68): warning:  #1295-D: Deprecated declaration ADS1292_gpio_config - give arg types
  void 			ADS1292_gpio_config();
..\..\..\..\..\..\Hard_driver\nrf_ads1299.h(70): warning:  #1295-D: Deprecated declaration SPI_User_init - give arg types
  void			SPI_User_init();
..\..\..\..\..\..\Hard_driver\nrf_ads1299.h(71): warning:  #1295-D: Deprecated declaration SPI_uninit - give arg types
  void			SPI_uninit();
..\..\..\..\..\..\Hard_driver\nrf_ads1299.h(80): warning:  #1295-D: Deprecated declaration ADS_Enter_StandBY - give arg types
  void			ADS_Enter_StandBY();
..\..\..\..\..\..\Hard_driver\nrf_ads1299.h(81): warning:  #1295-D: Deprecated declaration ADS_Exit_StandBY - give arg types
  void			ADS_Exit_StandBY();
..\..\..\..\..\..\Hard_driver\nrf_ads1299.h(84): warning:  #1295-D: Deprecated declaration ADS1299_DataCut_InLine - give arg types
  void			ADS1299_DataCut_InLine();
..\..\..\..\..\..\Hard_driver\nrf_ads1299.h(85): warning:  #1295-D: Deprecated declaration ADS1299_Sleep_mode - give arg types
  void			ADS1299_Sleep_mode();
..\..\..\..\..\..\Hard_driver\nrf_ads1299.h(90): warning:  #1-D: last line of file ends without a newline
  #endif
..\..\..\..\..\..\Hard_driver\nrf_lsm6dsl.h(31): warning:  #1295-D: Deprecated declaration Get_LSM6D_Data - give arg types
  void Get_LSM6D_Data();
..\..\..\..\..\..\Hard_driver\nrf_lsm6dsl.h(36): warning:  #1295-D: Deprecated declaration LSM6DSL_Sleep - give arg types
  void LSM6DSL_Sleep();
..\..\..\..\..\..\Hard_driver\nrf_lsm6dsl.h(37): warning:  #1295-D: Deprecated declaration LSM6DSL_WakeUp - give arg types
  void LSM6DSL_WakeUp();
..\..\..\main.h(89): warning:  #65-D: expected a ";"
  }ECG_InitTypeDef;
..\..\..\main.c(312): warning:  #177-D: variable "err_code"  was declared but never referenced
  	ret_code_t err_code;
..\..\..\main.c(617): warning:  #550-D: variable "err_send3"  was set but never used
  		ret_code_t	err_send3;
..\..\..\main.c(516): warning:  #550-D: variable "err_send1"  was set but never used
  	ret_code_t	err_send1, err_send2;
..\..\..\main.c(516): warning:  #550-D: variable "err_send2"  was set but never used
  	ret_code_t	err_send1, err_send2;
..\..\..\main.c(706): warning:  #550-D: variable "err_code"  was set but never used
  		ret_code_t err_code;
..\..\..\main.c(708): warning:  #177-D: variable "length"  was declared but never referenced
  		uint16_t	length = 5;
..\..\..\main.c(984): warning:  #177-D: variable "err_code"  was declared but never referenced
      uint32_t err_code;
..\..\..\main.c(1325): warning:  #177-D: variable "erase_bonds"  was declared but never referenced
      bool erase_bonds;
..\..\..\main.c(1231): warning:  #177-D: function "uart_init"  was declared but never referenced
  static void uart_init(void)
..\..\..\main.c: 22 warnings, 0 errors
linking...
Program Size: Code=33600 RO-data=4176 RW-data=700 ZI-data=17628  
FromELF: creating hex file...
".\_build\nrf52832_xxaa.axf" - 0 Error(s), 22 Warning(s).

<h2>Software Packages used:</h2>

Package Vendor: ARM
                http://www.keil.com/pack/ARM.CMSIS.5.6.0.pack
                ARM.CMSIS.5.6.0
                CMSIS (Cortex Microcontroller Software Interface Standard)
   * Component: CORE Version: 5.3.0

Package Vendor: NordicSemiconductor
                http://developer.nordicsemi.com/nRF5_SDK/pieces/nRF_DeviceFamilyPack/NordicSemiconductor.nRF_DeviceFamilyPack.8.32.1.pack
                NordicSemiconductor.nRF_DeviceFamilyPack.8.32.1
                Nordic Semiconductor nRF ARM devices Device Family Pack with BSD license.
   * Component: Startup Version: 8.32.1

<h2>Collection of Component include folders:</h2>
  .\RTE\_nrf52832_xxaa
  C:\Users\Sok\AppData\Local\Arm\Packs\ARM\CMSIS\5.6.0\CMSIS\Core\Include
  C:\Users\Sok\AppData\Local\Arm\Packs\NordicSemiconductor\nRF_DeviceFamilyPack\8.32.1\Device\Include

<h2>Collection of Component Files used:</h2>

   * Component: ARM::CMSIS:CORE:5.3.0

   * Component: NordicSemiconductor::Device:Startup:8.32.1
      Include file:  Device\Include\system_nrf.h
      Source file:   Device\Source\system_nrf52.c
      Include file:  Device\Include\system_nrf52.h
      Source file:   Device\Source\arm\arm_startup_nrf52.s
Build Time Elapsed:  00:00:03
</pre>
</body>
</html>
