Component: ARM Compiler 5.06 update 6 (build 750) Tool: armlink [4d35ed]

==============================================================================

Section Cross References

    main.o(i.APP_Close_BleADV) refers to nrf_log_frontend.o(i.nrf_log_frontend_std_0) for nrf_log_frontend_std_0
    main.o(i.APP_Close_BleADV) refers to main.o(.data) for .data
    main.o(i.APP_Close_BleADV) refers to nrf_log_frontend.o(log_const_data) for m_nrf_log_app_logs_data_const
    main.o(i.APP_Close_BleADV) refers to main.o(.bss) for .bss
    main.o(i.EconHand_GPIOTE_init) refers to nrfx_gpiote.o(i.nrfx_gpiote_init) for nrfx_gpiote_init
    main.o(i.EconHand_GPIOTE_init) refers to app_error.o(i.app_error_handler_bare) for app_error_handler_bare
    main.o(i.EconHand_GPIOTE_init) refers to nrfx_gpiote.o(i.nrfx_gpiote_in_init) for nrfx_gpiote_in_init
    main.o(i.EconHand_GPIOTE_init) refers to nrfx_gpiote.o(i.nrfx_gpiote_in_event_enable) for nrfx_gpiote_in_event_enable
    main.o(i.EconHand_GPIOTE_init) refers to main.o(.constdata) for .constdata
    main.o(i.EconHand_GPIOTE_init) refers to main.o(i.Nordic_GPIOTE_Handle) for Nordic_GPIOTE_Handle
    main.o(i.EconHand_dis_init) refers to memseta.o(.text) for __aeabi_memclr4
    main.o(i.EconHand_dis_init) refers to ble_srv_common.o(i.ble_srv_ascii_to_utf8) for ble_srv_ascii_to_utf8
    main.o(i.EconHand_dis_init) refers to my_ble_dis.o(i.ble_dis_init) for ble_dis_init
    main.o(i.EconHand_dis_init) refers to app_error.o(i.app_error_handler_bare) for app_error_handler_bare
    main.o(i.Nordic_GPIOTE_Handle) refers to nrf_ads1299.o(i.ADS1299_DataCut_InLine) for ADS1299_DataCut_InLine
    main.o(i.Nordic_GPIOTE_Handle) refers to nrf_queue.o(i.nrf_queue_push) for nrf_queue_push
    main.o(i.Nordic_GPIOTE_Handle) refers to main.o(i.ble_data_send_queue) for ble_data_send_queue
    main.o(i.Nordic_GPIOTE_Handle) refers to driver_key.o(i.Vcheck_Handle) for Vcheck_Handle
    main.o(i.Nordic_GPIOTE_Handle) refers to nrf_lsm6dsl.o(i.LSM6DSL_DataCut_InLine) for LSM6DSL_DataCut_InLine
    main.o(i.Nordic_GPIOTE_Handle) refers to nrf_lsm6dsl.o(i.Get_LSM6D_Data) for Get_LSM6D_Data
    main.o(i.Nordic_GPIOTE_Handle) refers to nrf_lsm6dsl.o(i.LSM6DSL_DataCut_IMU) for LSM6DSL_DataCut_IMU
    main.o(i.Nordic_GPIOTE_Handle) refers to driver_key.o(i.Key_Botton_Handle) for Key_Botton_Handle
    main.o(i.Nordic_GPIOTE_Handle) refers to main.o(.data) for .data
    main.o(i.Nordic_GPIOTE_Handle) refers to main.o(.bss) for .bss
    main.o(i.Nordic_GPIOTE_Handle) refers to main.o(nrf_queue) for nrf_queue
    main.o(i.Nordic_battery_timeout_handle) refers to nrfx_saadc.o(i.nrfx_saadc_init) for nrfx_saadc_init
    main.o(i.Nordic_battery_timeout_handle) refers to app_error.o(i.app_error_handler_bare) for app_error_handler_bare
    main.o(i.Nordic_battery_timeout_handle) refers to nrfx_saadc.o(i.nrfx_saadc_channel_init) for nrfx_saadc_channel_init
    main.o(i.Nordic_battery_timeout_handle) refers to nrfx_saadc.o(i.nrfx_saadc_sample_convert) for nrfx_saadc_sample_convert
    main.o(i.Nordic_battery_timeout_handle) refers to driver_bat.o(i.BatdataBubbleSort) for BatdataBubbleSort
    main.o(i.Nordic_battery_timeout_handle) refers to driver_bat.o(i.GetBatAvr) for GetBatAvr
    main.o(i.Nordic_battery_timeout_handle) refers to nrf_log_frontend.o(i.nrf_log_frontend_std_1) for nrf_log_frontend_std_1
    main.o(i.Nordic_battery_timeout_handle) refers to driver_bat.o(i.User_Set_battery_level_10per) for User_Set_battery_level_10per
    main.o(i.Nordic_battery_timeout_handle) refers to ble_bas.o(i.ble_bas_battery_level_update) for ble_bas_battery_level_update
    main.o(i.Nordic_battery_timeout_handle) refers to nrfx_saadc.o(i.nrfx_saadc_uninit) for nrfx_saadc_uninit
    main.o(i.Nordic_battery_timeout_handle) refers to driver_bat.o(i.First_battery_level) for First_battery_level
    main.o(i.Nordic_battery_timeout_handle) refers to main.o(.constdata) for .constdata
    main.o(i.Nordic_battery_timeout_handle) refers to main.o(.data) for .data
    main.o(i.Nordic_battery_timeout_handle) refers to nrf_log_frontend.o(log_const_data) for m_nrf_log_app_logs_data_const
    main.o(i.Nordic_battery_timeout_handle) refers to main.o(.bss) for .bss
    main.o(i.Nordic_period_timeout_handle) refers to driver_led.o(i.APP_Order_Blink) for APP_Order_Blink
    main.o(i.Nordic_period_timeout_handle) refers to driver_led.o(i.LED_Indicate_Mode) for LED_Indicate_Mode
    main.o(i.Nordic_period_timeout_handle) refers to driver_key.o(i.Key_Time_JudgeOnOff) for Key_Time_JudgeOnOff
    main.o(i.Nordic_period_timeout_handle) refers to main.o(.data) for .data
    main.o(i.Observe_Close_BleSoftDevice) refers to app_error.o(i.app_error_handler_bare) for app_error_handler_bare
    main.o(i.Observe_Close_BleSoftDevice) refers to ble_advertising.o(i.set_user_disconnect_flag) for set_user_disconnect_flag
    main.o(i.Observe_Close_BleSoftDevice) refers to main.o(.data) for .data
[...]
    initialize_ads                           0x0002a2ed   Thumb Code   252  nrf_ads1299.o(i.initialize_ads)
    lsm6dsl_from_fs2000dps_to_mdps           0x0002a609   Thumb Code    18  lsm6dsltr.o(i.lsm6dsl_from_fs2000dps_to_mdps)
    lsm6dsl_from_fs2g_to_mg                  0x0002a621   Thumb Code    18  lsm6dsltr.o(i.lsm6dsl_from_fs2g_to_mg)
    main                                     0x0002a639   Thumb Code   434  main.o(i.main)
    nrf_atfifo_init                          0x0002a9f7   Thumb Code    38  nrf_atfifo.o(i.nrf_atfifo_init)
    nrf_atfifo_item_alloc                    0x0002aa1d   Thumb Code    22  nrf_atfifo.o(i.nrf_atfifo_item_alloc)
    nrf_atfifo_item_free                     0x0002aa33   Thumb Code    22  nrf_atfifo.o(i.nrf_atfifo_item_free)
    nrf_atfifo_item_get                      0x0002aa49   Thumb Code    22  nrf_atfifo.o(i.nrf_atfifo_item_get)
    nrf_atfifo_item_put                      0x0002aa5f   Thumb Code    22  nrf_atfifo.o(i.nrf_atfifo_item_put)
    nrf_atflags_clear                        0x0002aa75   Thumb Code    22  nrf_atflags.o(i.nrf_atflags_clear)
    nrf_atflags_get                          0x0002aa8b   Thumb Code    22  nrf_atflags.o(i.nrf_atflags_get)
    nrf_atflags_set                          0x0002aaa1   Thumb Code    20  nrf_atflags.o(i.nrf_atflags_set)
    nrf_atomic_flag_clear_fetch              0x0002aab5   Thumb Code     6  nrf_atomic.o(i.nrf_atomic_flag_clear_fetch)
    nrf_atomic_flag_set                      0x0002aabb   Thumb Code     6  nrf_atomic.o(i.nrf_atomic_flag_set)
    nrf_atomic_u32_add                       0x0002aac1   Thumb Code    12  nrf_atomic.o(i.nrf_atomic_u32_add)
    nrf_atomic_u32_and                       0x0002aacd   Thumb Code    12  nrf_atomic.o(i.nrf_atomic_u32_and)
    nrf_atomic_u32_fetch_and                 0x0002aad9   Thumb Code    10  nrf_atomic.o(i.nrf_atomic_u32_fetch_and)
    nrf_atomic_u32_fetch_store               0x0002aae3   Thumb Code    10  nrf_atomic.o(i.nrf_atomic_u32_fetch_store)
    nrf_atomic_u32_or                        0x0002aaed   Thumb Code    12  nrf_atomic.o(i.nrf_atomic_u32_or)
    nrf_atomic_u32_sub                       0x0002aaf9   Thumb Code    12  nrf_atomic.o(i.nrf_atomic_u32_sub)
    nrf_balloc_alloc                         0x0002ab05   Thumb Code    68  nrf_balloc.o(i.nrf_balloc_alloc)
    nrf_balloc_free                          0x0002ab49   Thumb Code    48  nrf_balloc.o(i.nrf_balloc_free)
    nrf_balloc_init                          0x0002ab79   Thumb Code    48  nrf_balloc.o(i.nrf_balloc_init)
    nrf_ble_gatt_att_mtu_periph_set          0x0002abb9   Thumb Code    24  nrf_ble_gatt.o(i.nrf_ble_gatt_att_mtu_periph_set)
    nrf_ble_gatt_init                        0x0002abd1   Thumb Code    34  nrf_ble_gatt.o(i.nrf_ble_gatt_init)
    nrf_ble_gatt_on_ble_evt                  0x0002abf5   Thumb Code   270  nrf_ble_gatt.o(i.nrf_ble_gatt_on_ble_evt)
    nrf_ble_qwr_conn_handle_assign           0x0002ad45   Thumb Code    22  nrf_ble_qwr.o(i.nrf_ble_qwr_conn_handle_assign)
    nrf_ble_qwr_init                         0x0002ad5b   Thumb Code    36  nrf_ble_qwr.o(i.nrf_ble_qwr_init)
    nrf_ble_qwr_on_ble_evt                   0x0002ad7f   Thumb Code   182  nrf_ble_qwr.o(i.nrf_ble_qwr_on_ble_evt)
    nrf_dfu_svci_vector_table_set            0x0002aeb5   Thumb Code    92  nrf_dfu_svci.o(i.nrf_dfu_svci_vector_table_set)
    nrf_dfu_svci_vector_table_unset          0x0002af91   Thumb Code    52  nrf_dfu_svci.o(i.nrf_dfu_svci_vector_table_unset)
    nrf_drv_clock_init                       0x0002b031   Thumb Code    56  nrf_drv_clock.o(i.nrf_drv_clock_init)
    nrf_drv_clock_lfclk_release              0x0002b071   Thumb Code    48  nrf_drv_clock.o(i.nrf_drv_clock_lfclk_release)
    nrf_drv_spi_init                         0x0002b0a5   Thumb Code    30  nrf_drv_spi.o(i.nrf_drv_spi_init)
    nrf_drv_twi_init                         0x0002b0cd   Thumb Code    56  nrf_drv_twi.o(i.nrf_drv_twi_init)
    nrf_fprintf                              0x0002b121   Thumb Code    26  nrf_fprintf.o(i.nrf_fprintf)
    nrf_fprintf_buffer_flush                 0x0002b13b   Thumb Code    24  nrf_fprintf.o(i.nrf_fprintf_buffer_flush)
    nrf_fprintf_fmt                          0x0002b153   Thumb Code   474  nrf_fprintf_format.o(i.nrf_fprintf_fmt)
    nrf_log_backend_add                      0x0002b565   Thumb Code    86  nrf_log_frontend.o(i.nrf_log_backend_add)
    nrf_log_backend_rtt_init                 0x0002b5c3   Thumb Code     4  nrf_log_backend_rtt.o(i.nrf_log_backend_rtt_init)
    nrf_log_backend_serial_put               0x0002b5e1   Thumb Code   200  nrf_log_backend_serial.o(i.nrf_log_backend_serial_put)
    nrf_log_color_id_get                     0x0002b6a9   Thumb Code    42  nrf_log_frontend.o(i.nrf_log_color_id_get)
    nrf_log_default_backends_init            0x0002b6d9   Thumb Code    24  nrf_log_default_backends.o(i.nrf_log_default_backends_init)
    nrf_log_frontend_dequeue                 0x0002b6f5   Thumb Code   528  nrf_log_frontend.o(i.nrf_log_frontend_dequeue)
    nrf_log_frontend_std_0                   0x0002b92d   Thumb Code     8  nrf_log_frontend.o(i.nrf_log_frontend_std_0)
    nrf_log_frontend_std_1                   0x0002b935   Thumb Code    14  nrf_log_frontend.o(i.nrf_log_frontend_std_1)
    nrf_log_frontend_std_2                   0x0002b943   Thumb Code    16  nrf_log_frontend.o(i.nrf_log_frontend_std_2)
    nrf_log_hexdump_entry_process            0x0002b955   Thumb Code   150  nrf_log_str_formatter.o(i.nrf_log_hexdump_entry_process)
    nrf_log_init                             0x0002ba05   Thumb Code    28  nrf_log_frontend.o(i.nrf_log_init)
    nrf_log_module_cnt_get                   0x0002ba2d   Thumb Code    10  nrf_log_frontend.o(i.nrf_log_module_cnt_get)
    nrf_log_module_name_get                  0x0002ba41   Thumb Code    24  nrf_log_frontend.o(i.nrf_log_module_name_get)
    nrf_log_panic                            0x0002ba5d   Thumb Code    36  nrf_log_frontend.o(i.nrf_log_panic)
    nrf_log_std_entry_process                0x0002ba85   Thumb Code   182  nrf_log_str_formatter.o(i.nrf_log_std_entry_process)
    nrf_memobj_alloc                         0x0002bb3b   Thumb Code    96  nrf_memobj.o(i.nrf_memobj_alloc)
    nrf_memobj_free                          0x0002bb9b   Thumb Code    50  nrf_memobj.o(i.nrf_memobj_free)
    nrf_memobj_get                           0x0002bbcd   Thumb Code     8  nrf_memobj.o(i.nrf_memobj_get)
    nrf_memobj_pool_init                     0x0002bbd5   Thumb Code     4  nrf_memobj.o(i.nrf_memobj_pool_init)
    nrf_memobj_put                           0x0002bbd9   Thumb Code    30  nrf_memobj.o(i.nrf_memobj_put)
    nrf_memobj_read                          0x0002bbf7   Thumb Code    16  nrf_memobj.o(i.nrf_memobj_read)
    nrf_memobj_write                         0x0002bc07   Thumb Code    16  nrf_memobj.o(i.nrf_memobj_write)
    nrf_pwr_mgmt_init                        0x0002bc19   Thumb Code    28  nrf_pwr_mgmt.o(i.nrf_pwr_mgmt_init)
    nrf_pwr_mgmt_run                         0x0002bc41   Thumb Code    64  nrf_pwr_mgmt.o(i.nrf_pwr_mgmt_run)
    nrf_pwr_mgmt_shutdown                    0x0002bc85   Thumb Code    54  nrf_pwr_mgmt.o(i.nrf_pwr_mgmt_shutdown)
    nrf_queue_generic_pop                    0x0002bcc1   Thumb Code   142  nrf_queue.o(i.nrf_queue_generic_pop)
    nrf_queue_is_empty                       0x0002bd4f   Thumb Code    18  nrf_queue.o(i.nrf_queue_is_empty)
    nrf_queue_is_full                        0x0002bd61   Thumb Code    30  nrf_queue.o(i.nrf_queue_is_full)
    nrf_queue_push                           0x0002bd8d   Thumb Code   178  nrf_queue.o(i.nrf_queue_push)
    nrf_ringbuf_init                         0x0002be43   Thumb Code    28  nrf_ringbuf.o(i.nrf_ringbuf_init)
    nrf_sdh_ble_app_ram_start_get            0x0002bec5   Thumb Code    16  nrf_sdh_ble.o(i.nrf_sdh_ble_app_ram_start_get)
    nrf_sdh_ble_default_cfg_set              0x0002bed9   Thumb Code   274  nrf_sdh_ble.o(i.nrf_sdh_ble_default_cfg_set)
    nrf_sdh_ble_enable                       0x0002c00d   Thumb Code   116  nrf_sdh_ble.o(i.nrf_sdh_ble_enable)
    nrf_sdh_enable_request                   0x0002c19d   Thumb Code   102  nrf_sdh.o(i.nrf_sdh_enable_request)
    nrf_sdh_evts_poll                        0x0002c211   Thumb Code    32  nrf_sdh.o(i.nrf_sdh_evts_poll)
    nrf_sdh_is_enabled                       0x0002c235   Thumb Code     6  nrf_sdh.o(i.nrf_sdh_is_enabled)
    nrf_section_iter_init                    0x0002c27d   Thumb Code    10  nrf_section_iter.o(i.nrf_section_iter_init)
    nrf_section_iter_next                    0x0002c2ab   Thumb Code    32  nrf_section_iter.o(i.nrf_section_iter_next)
    nrf_sortlist_add                         0x0002c2cb   Thumb Code    34  nrf_sortlist.o(i.nrf_sortlist_add)
    nrf_sortlist_peek                        0x0002c2ed   Thumb Code     6  nrf_sortlist.o(i.nrf_sortlist_peek)
    nrf_sortlist_pop                         0x0002c2f3   Thumb Code    14  nrf_sortlist.o(i.nrf_sortlist_pop)
    nrf_sortlist_remove                      0x0002c301   Thumb Code    30  nrf_sortlist.o(i.nrf_sortlist_remove)
    nrf_strerror_find                        0x0002c321   Thumb Code    52  nrf_strerror.o(i.nrf_strerror_find)
    nrf_strerror_get                         0x0002c359   Thumb Code    14  nrf_strerror.o(i.nrf_strerror_get)
    nrfx_clock_enable                        0x0002c395   Thumb Code    34  nrfx_clock.o(i.nrfx_clock_enable)
    nrfx_clock_init                          0x0002c3c1   Thumb Code    26  nrfx_clock.o(i.nrfx_clock_init)
    nrfx_clock_lfclk_stop                    0x0002c3e1   Thumb Code    38  nrfx_clock.o(i.nrfx_clock_lfclk_stop)
    nrfx_gpiote_in_event_enable              0x0002c441   Thumb Code   152  nrfx_gpiote.o(i.nrfx_gpiote_in_event_enable)
    nrfx_gpiote_in_init                      0x0002c4e1   Thumb Code   190  nrfx_gpiote.o(i.nrfx_gpiote_in_init)
    nrfx_gpiote_init                         0x0002c5ad   Thumb Code   102  nrfx_gpiote.o(i.nrfx_gpiote_init)
    nrfx_prs_acquire                         0x0002c621   Thumb Code    58  nrfx_prs.o(i.nrfx_prs_acquire)
    nrfx_prs_release                         0x0002c65b   Thumb Code    18  nrfx_prs.o(i.nrfx_prs_release)
    nrfx_saadc_channel_init                  0x0002c66d   Thumb Code   160  nrfx_saadc.o(i.nrfx_saadc_channel_init)
    nrfx_saadc_channel_uninit                0x0002c719   Thumb Code    62  nrfx_saadc.o(i.nrfx_saadc_channel_uninit)
    nrfx_saadc_init                          0x0002c75d   Thumb Code   130  nrfx_saadc.o(i.nrfx_saadc_init)
    nrfx_saadc_limits_set                    0x0002c7f1   Thumb Code   120  nrfx_saadc.o(i.nrfx_saadc_limits_set)
    nrfx_saadc_sample_convert                0x0002c871   Thumb Code   182  nrfx_saadc.o(i.nrfx_saadc_sample_convert)
    nrfx_saadc_uninit                        0x0002c931   Thumb Code   102  nrfx_saadc.o(i.nrfx_saadc_uninit)
    nrfx_spi_init                            0x0002c9a5   Thumb Code   398  nrfx_spi.o(i.nrfx_spi_init)
    nrfx_spi_uninit                          0x0002cb3d   Thumb Code   114  nrfx_spi.o(i.nrfx_spi_uninit)
    nrfx_spi_xfer                            0x0002cbb5   Thumb Code    96  nrfx_spi.o(i.nrfx_spi_xfer)
    nrfx_twi_disable                         0x0002cc19   Thumb Code    46  nrfx_twi.o(i.nrfx_twi_disable)
    nrfx_twi_enable                          0x0002cc51   Thumb Code    28  nrfx_twi.o(i.nrfx_twi_enable)
    nrfx_twi_init                            0x0002cc71   Thumb Code   218  nrfx_twi.o(i.nrfx_twi_init)
    nrfx_twi_rx                              0x0002cd55   Thumb Code    44  nrfx_twi.o(i.nrfx_twi_rx)
    nrfx_twi_tx                              0x0002cd85   Thumb Code    54  nrfx_twi.o(i.nrfx_twi_tx)
    nrfx_twi_uninit                          0x0002cdbd   Thumb Code   104  nrfx_twi.o(i.nrfx_twi_uninit)
    nrfx_twi_xfer                            0x0002ce29   Thumb Code    28  nrfx_twi.o(i.nrfx_twi_xfer)
    period_timers_start                      0x0002d269   Thumb Code    28  main.o(i.period_timers_start)
    set_user_disconnect_flag                 0x0002d875   Thumb Code     8  ble_advertising.o(i.set_user_disconnect_flag)
    sleep_mode_enter                         0x0002d8fd   Thumb Code   214  main.o(i.sleep_mode_enter)
    updateBoardData                          0x0002e371   Thumb Code    78  nrf_ads1299.o(i.updateBoardData)
    nrf_log_backend_rtt_api                  0x0002e808   Data          12  nrf_log_backend_rtt.o(.constdata)
    m_ram_start                              0x0002e8ac   Data           4  nrf_sdh_ble.o(.constdata)
    __ctype_table                            0x0002e8f0   Data         129  ctype_o.o(.constdata)
    Region$$Table$$Base                      0x0002f214   Number         0  anon$$obj.o(Region$$Table)
    Region$$Table$$Limit                     0x0002f234   Number         0  anon$$obj.o(Region$$Table)
    log_const_data$$Base                     0x0002f244   Number         0  nrfx_spi.o(log_const_data)
    m_nrf_log_SPI_logs_data_const            0x0002f244   Data           8  nrfx_spi.o(log_const_data)
    m_nrf_log_TWI_logs_data_const            0x0002f24c   Data           8  nrfx_twi.o(log_const_data)
    m_nrf_log_nrf_ble_gatt_logs_data_const   0x0002f254   Data           8  nrf_ble_gatt.o(log_const_data)
    m_nrf_log_ble_nus_logs_data_const        0x0002f25c   Data           8  ble_nus.o(log_const_data)
    m_nrf_log_ble_bas_logs_data_const        0x0002f264   Data           8  ble_bas.o(log_const_data)
    m_nrf_log_clock_logs_data_const          0x0002f26c   Data           8  nrf_drv_clock.o(log_const_data)
    m_nrf_log_CLOCK_logs_data_const          0x0002f274   Data           8  nrfx_clock.o(log_const_data)
    m_nrf_log_GPIOTE_logs_data_const         0x0002f27c   Data           8  nrfx_gpiote.o(log_const_data)
    m_nrf_log_PRS_logs_data_const            0x0002f284   Data           8  nrfx_prs.o(log_const_data)
    m_nrf_log_UART_logs_data_const           0x0002f28c   Data           8  nrfx_uart.o(log_const_data)
    m_nrf_log_UARTE_logs_data_const          0x0002f294   Data           8  nrfx_uarte.o(log_const_data)
    m_nrf_log_SAADC_logs_data_const          0x0002f29c   Data           8  nrfx_saadc.o(log_const_data)
    m_nrf_log_app_button_logs_data_const     0x0002f2a4   Data           8  app_button.o(log_const_data)
    m_nrf_log_app_timer_logs_data_const      0x0002f2ac   Data           8  app_timer2.o(log_const_data)
    m_nrf_log_pwr_mgmt_logs_data_const       0x0002f2b4   Data           8  nrf_pwr_mgmt.o(log_const_data)
    m_nrf_log_sortlist_logs_data_const       0x0002f2bc   Data           8  nrf_sortlist.o(log_const_data)
    m_nrf_log_app_logs_data_const            0x0002f2c4   Data           8  nrf_log_frontend.o(log_const_data)
    m_nrf_log_nrf_sdh_logs_data_const        0x0002f2cc   Data           8  nrf_sdh.o(log_const_data)
    m_nrf_log_nrf_sdh_ble_logs_data_const    0x0002f2d4   Data           8  nrf_sdh_ble.o(log_const_data)
    m_nrf_log_nrf_sdh_soc_logs_data_const    0x0002f2dc   Data           8  nrf_sdh_soc.o(log_const_data)
    log_const_data$$Limit                    0x0002f2e4   Number         0  nrf_sdh_soc.o(log_const_data)
    log_mempool                              0x0002f2e4   Data          20  nrf_log_frontend.o(nrf_balloc)
    m_queue                                  0x0002f2f8   Data          20  main.o(nrf_queue)
    pwr_mgmt_data0$$Base                     0x0002f30c   Number         0  main.o(pwr_mgmt_data0)
    pwr_mgmt_data0$$Limit                    0x0002f310   Number         0  main.o(pwr_mgmt_data0)
    sdh_ble_observers0$$Base                 0x0002f310   Number         0  ble_conn_state.o(sdh_ble_observers0)
    sdh_ble_observers0$$Limit                0x0002f318   Number         0  ble_conn_state.o(sdh_ble_observers0)
    sdh_ble_observers1$$Base                 0x0002f318   Number         0  main.o(sdh_ble_observers1)
    sdh_ble_observers1$$Limit                0x0002f338   Number         0  ble_conn_params.o(sdh_ble_observers1)
    sdh_ble_observers2$$Base                 0x0002f338   Number         0  main.o(sdh_ble_observers2)
    sdh_ble_observers2$$Limit                0x0002f358   Number         0  ble_dfu.o(sdh_ble_observers2)
    sdh_ble_observers3$$Base                 0x0002f358   Number         0  main.o(sdh_ble_observers3)
    sdh_ble_observers3$$Limit                0x0002f360   Number         0  main.o(sdh_ble_observers3)
    sdh_soc_observers0$$Base                 0x0002f360   Number         0  nrf_drv_clock.o(sdh_soc_observers0)
    sdh_soc_observers0$$Limit                0x0002f368   Number         0  nrf_drv_clock.o(sdh_soc_observers0)
    sdh_soc_observers1$$Base                 0x0002f368   Number         0  ble_dfu_unbonded.o(sdh_soc_observers1)
    sdh_soc_observers1$$Limit                0x0002f370   Number         0  ble_dfu_unbonded.o(sdh_soc_observers1)
    sdh_stack_observers0$$Base               0x0002f370   Number         0  nrf_sdh_ble.o(sdh_stack_observers0)
    sdh_stack_observers0$$Limit              0x0002f380   Number         0  nrf_sdh_soc.o(sdh_stack_observers0)
    sdh_state_observers0$$Base               0x0002f380   Number         0  main.o(sdh_state_observers0)
    sdh_state_observers0$$Limit              0x0002f390   Number         0  nrf_drv_clock.o(sdh_state_observers0)
    Image$$RW_IRAM1$$Base                    0x20004fe0   Number         0  anon$$obj.o ABSOLUTE
    Key_UserDef                              0x20004fe0   Data           4  main.o(.data)
    isNeedDisconnect                         0x20004fe4   Data           1  main.o(.data)
    adv_started                              0x20004fe5   Data           1  main.o(.data)
    Vcheck_state                             0x20004fe6   Data           1  main.o(.data)
    m_data_count                             0x20004ff0   Data           2  main.o(.data)
    RGB_UserDef                              0x20004ff6   Data           6  main.o(.data)
    m_Dat_buf                                0x20004ffc   Data           8  main.o(.data)
    SendData_UserDef                         0x20005004   Data         288  main.o(.data)
    BatCal_UserDef                           0x20005124   Data          28  main.o(.data)
    m_dat                                    0x20005140   Data          28  main.o(.data)
    mp_dfu                                   0x20005294   Data           4  ble_dfu_unbonded.o(.data)
    SystemCoreClock                          0x20005298   Data           4  system_nrf52.o(.data)
    IMU_UserDef                              0x2000529c   Data          40  main.o(.bss)
    ECG_UserDef                              0x200052c4   Data          36  main.o(.bss)
    m_data_array                             0x20005884   Data        4200  main.o(.bss)
    regData                                  0x20006c34   Data          24  nrf_ads1299.o(.bss)
    nrf_nvic_state                           0x20006ed8   Data          12  app_util_platform.o(.bss)
    _SEGGER_RTT                              0x200074a8   Data         120  segger_rtt.o(.bss)
    __initial_sp                             0x20009778   Data           0  arm_startup_nrf52.o(STACK)



==============================================================================

Memory Map of the image

  Image Entry point : 0x00026201

  Load Region LR_IROM1 (Base: 0x00026000, Size: 0x0000964c, Max: 0x0005a000, ABSOLUTE, COMPRESSED[0x000093f4])

    Execution Region ER_IROM1 (Exec base: 0x00026000, Load base: 0x00026000, Size: 0x00009390, Max: 0x0005a000, ABSOLUTE)

    Exec Addr    Load Addr    Size         Type   Attr      Idx    E Section Name        Object

    0x00026000   0x00026000   0x00000200   Data   RO         8578    RESET               arm_startup_nrf52.o
    0x00026200   0x00026200   0x00000000   Code   RO         8634  * .ARM.Collect$$$$00000000  mc_w.l(entry.o)
    0x00026200   0x00026200   0x00000004   Code   RO         8709    .ARM.Collect$$$$00000001  mc_w.l(entry2.o)
    0x00026204   0x00026204   0x00000004   Code   RO         8712    .ARM.Collect$$$$00000004  mc_w.l(entry5.o)
    0x00026208   0x00026208   0x00000000   Code   RO         8714    .ARM.Collect$$$$00000008  mc_w.l(entry7b.o)
    0x00026208   0x00026208   0x00000000   Code   RO         8716    .ARM.Collect$$$$0000000A  mc_w.l(entry8b.o)
    0x00026208   0x00026208   0x00000008   Code   RO         8717    .ARM.Collect$$$$0000000B  mc_w.l(entry9a.o)
    0x00026210   0x00026210   0x00000000   Code   RO         8719    .ARM.Collect$$$$0000000D  mc_w.l(entry10a.o)
    0x00026210   0x00026210   0x00000000   Code   RO         8721    .ARM.Collect$$$$0000000F  mc_w.l(entry11a.o)
    0x00026210   0x00026210   0x00000004   Code   RO         8710    .ARM.Collect$$$$00002712  mc_w.l(entry2.o)
    0x00026214   0x00026214   0x000000c8   Code   RO         6642    .emb_text           nrf_atfifo.o
    0x000262dc   0x000262dc   0x000000e2   Code   RO         6778    .emb_text           nrf_atomic.o
    0x000263be   0x000263be   0x00000002   PAD
    0x000263c0   0x000263c0   0x00000024   Code   RO         8579    .text               arm_startup_nrf52.o
    0x000263e4   0x000263e4   0x00000062   Code   RO         8637    .text               mc_w.l(uldiv.o)
    0x00026446   0x00026446   0x0000001e   Code   RO         8639    .text               mc_w.l(llshl.o)
    0x00026464   0x00026464   0x00000008   Code   RO         8641    .text               mc_w.l(ctype_o.o)
    0x0002646c   0x0002646c   0x00000024   Code   RO         8669    .text               mc_w.l(memcpya.o)
    0x00026490   0x00026490   0x00000024   Code   RO         8671    .text               mc_w.l(memseta.o)
    0x000264b4   0x000264b4   0x0000000e   Code   RO         8673    .text               mc_w.l(strlen.o)
    0x000264c2   0x000264c2   0x00000012   Code   RO         8677    .text               mc_w.l(strcpy.o)
    0x000264d4   0x000264d4   0x00000020   Code   RO         8723    .text               mc_w.l(llushr.o)
    0x000264f4   0x000264f4   0x00000024   Code   RO         8727    .text               mc_w.l(init.o)
    0x00026518   0x00026518   0x00000056   Code   RO         8737    .text               mc_w.l(__dczerorl2.o)
    0x0002656e   0x0002656e   0x00000036   Code   RO         1276    i.ADS1292_gpio_config  nrf_ads1299.o
    0x000265a4   0x000265a4   0x000001c4   Code   RO         1277    i.ADS1299_DataCut_InLine  nrf_ads1299.o
    0x00026768   0x00026768   0x0000001e   Code   RO         1278    i.ADS1299_RESET     nrf_ads1299.o
    0x00026786   0x00026786   0x00000020   Code   RO         1279    i.ADS1299_START     nrf_ads1299.o
    0x000267a6   0x000267a6   0x00000012   Code   RO         1280    i.ADS1299_Sleep_mode  nrf_ads1299.o
    0x000267b8   0x000267b8   0x00000026   Code   RO         1281    i.ADS_Enter_StandBY  nrf_ads1299.o
    0x000267de   0x000267de   0x00000026   Code   RO         1283    i.ADS_RDATAC        nrf_ads1299.o
    0x00026804   0x00026804   0x00000026   Code   RO         1285    i.ADS_SDATAC        nrf_ads1299.o
    0x0002682a   0x0002682a   0x00000002   PAD
    0x0002682c   0x0002682c   0x0000004c   Code   RO         1286    i.ADS_WREG          nrf_ads1299.o
    0x00026878   0x00026878   0x00000038   Code   RO         1288    i.ADS_xfer          nrf_ads1299.o
    0x000268b0   0x000268b0   0x00000060   Code   RO            4    i.APP_Close_BleADV  main.o
    0x00026910   0x00026910   0x0000005c   Code   RO          649    i.APP_Order_Blink   driver_led.o
    0x0002696c   0x0002696c   0x00000036   Code   RO          949    i.BatdataBubbleSort  driver_bat.o
    0x000269a2   0x000269a2   0x00000018   Code   RO          880    i.Control_AVDD      driver_power.o
    0x000269ba   0x000269ba   0x00000054   Code   RO          881    i.Control_DVDD      driver_power.o
    0x00026a0e   0x00026a0e   0x0000002a   Code   RO          650    i.EconHand_BSP_LED_gpio_init  driver_led.o
    0x00026a38   0x00026a38   0x0000002e   Code   RO          882    i.EconHand_BSP_power_gpio_init  driver_power.o
    0x00026a66   0x00026a66   0x00000002   PAD
    0x00026a68   0x00026a68   0x0000009c   Code   RO            5    i.EconHand_GPIOTE_init  main.o
    0x00026b04   0x00026b04   0x00000078   Code   RO            6    i.EconHand_dis_init  main.o
    0x00026b7c   0x00026b7c   0x00000084   Code   RO          950    i.First_battery_level  driver_bat.o
    0x00026c00   0x00026c00   0x000000a4   Code   RO         4990    i.GPIOTE_IRQHandler  nrfx_gpiote.o
    0x00026ca4   0x00026ca4   0x00000036   Code   RO          951    i.GetBatAvr         driver_bat.o
    0x00026cda   0x00026cda   0x00000002   PAD
    0x00026cdc   0x00026cdc   0x0000005c   Code   RO         1676    i.Get_LSM6D_Data    nrf_lsm6dsl.o
    0x00026d38   0x00026d38   0x00000030   Code   RO         1030    i.Key_Botton_Handle  driver_key.o
    0x00026d68   0x00026d68   0x00000058   Code   RO         1031    i.Key_Time_JudgeOnOff  driver_key.o
    0x00026dc0   0x00026dc0   0x0000003c   Code   RO          651    i.LED_Blue_Fast_Blink  driver_led.o
    0x00026dfc   0x00026dfc   0x0000003c   Code   RO          653    i.LED_Blue_Slow_Blink  driver_led.o
    0x00026e38   0x00026e38   0x00000030   Code   RO          655    i.LED_Indicate_Mode  driver_led.o
    0x00026e68   0x00026e68   0x0000003c   Code   RO          656    i.LED_Red_Slow_Blink  driver_led.o
    0x00026ea4   0x00026ea4   0x00000018   Code   RO          657    i.LED_Reset_close   driver_led.o
    0x00026ebc   0x00026ebc   0x00000088   Code   RO         1677    i.LSM6DSL_DataCut_IMU  nrf_lsm6dsl.o
    0x00026f44   0x00026f44   0x00000074   Code   RO         1678    i.LSM6DSL_DataCut_InLine  nrf_lsm6dsl.o
    0x00026fb8   0x00026fb8   0x0000002c   Code   RO         1679    i.LSM6DSL_ReadOneByte  nrf_lsm6dsl.o
    0x00026fe4   0x00026fe4   0x0000001c   Code   RO         1680    i.LSM6DSL_Sleep     nrf_lsm6dsl.o
    0x00027000   0x00027000   0x00000028   Code   RO         1682    i.LSM6DSL_Write_Byte  nrf_lsm6dsl.o
    0x00027028   0x00027028   0x00000036   Code   RO         1684    i.LSM6DSL_init_ByUser  nrf_lsm6dsl.o
    0x0002705e   0x0002705e   0x00000002   PAD
    0x00027060   0x00027060   0x00000064   Code   RO         1685    i.Lsm_Get_Rawacc    nrf_lsm6dsl.o
    0x000270c4   0x000270c4   0x00000064   Code   RO         1686    i.Lsm_Get_Rawgryo   nrf_lsm6dsl.o
    0x00027128   0x00027128   0x00000234   Code   RO            7    i.Nordic_GPIOTE_Handle  main.o
    0x0002735c   0x0002735c   0x0000002c   Code   RO         1687    i.Nordic_TWI_init   nrf_lsm6dsl.o
    0x00027388   0x00027388   0x00000134   Code   RO            8    i.Nordic_battery_timeout_handle  main.o
    0x000274bc   0x000274bc   0x0000002c   Code   RO            9    i.Nordic_period_timeout_handle  main.o
    0x000274e8   0x000274e8   0x00000028   Code   RO           10    i.Observe_Close_BleSoftDevice  main.o
    0x00027510   0x00027510   0x00000058   Code   RO         4861    i.POWER_CLOCK_IRQHandler  nrfx_clock.o
    0x00027568   0x00027568   0x00000010   Code   RO         6431    i.RTC1_IRQHandler   drv_rtc.o
    0x00027578   0x00027578   0x00000148   Code   RO         5691    i.SAADC_IRQHandler  nrfx_saadc.o
    0x000276c0   0x000276c0   0x00000004   Code   RO         7909    i.SEGGER_RTT_Init   segger_rtt.o
    0x000276c4   0x000276c4   0x0000005c   Code   RO         7923    i.SEGGER_RTT_WriteNoLock  segger_rtt.o
    0x00027720   0x00027720   0x00000010   Code   RO         1445    i.SPIM0_SPIS0_TWIM0_TWIS0_SPI0_TWI0_IRQHandler  nrfx_twi.o
    0x00027730   0x00027730   0x00000044   Code   RO         1142    i.SPIM1_SPIS1_TWIM1_TWIS1_SPI1_TWI1_IRQHandler  nrfx_spi.o
    0x00027774   0x00027774   0x00000060   Code   RO         1289    i.SPI_User_init     nrf_ads1299.o
    0x000277d4   0x000277d4   0x0000000c   Code   RO         1290    i.SPI_uninit        nrf_ads1299.o
    0x000277e0   0x000277e0   0x00000004   Code   RO         8160    i.SWI2_EGU2_IRQHandler  nrf_sdh.o
    0x000277e4   0x000277e4   0x000000a8   Code   RO           11    i.Sleep_withOut_red  main.o
    0x0002788c   0x0002788c   0x0000038c   Code   RO         8587    i.SystemInit        system_nrf52.o
    0x00027c18   0x00027c18   0x0000000c   Code   RO         1688    i.TWI_uninit        nrf_lsm6dsl.o
    0x00027c24   0x00027c24   0x0000000c   Code   RO         5295    i.UARTE0_UART0_IRQHandler  nrfx_prs.o
    0x00027c30   0x00027c30   0x00000088   Code   RO          952    i.User_Set_battery_level_10per  driver_bat.o
    0x00027cb8   0x00027cb8   0x00000068   Code   RO         1032    i.Vcheck_Handle     driver_key.o
    0x00027d20   0x00027d20   0x00000068   Code   RO         7927    i._DoInit           segger_rtt.o
    0x00027d88   0x00027d88   0x00000016   Code   RO         7928    i._GetAvailWriteSpace  segger_rtt.o
    0x00027d9e   0x00027d9e   0x0000005a   Code   RO         7930    i._WriteBlocking    segger_rtt.o
    0x00027df8   0x00027df8   0x00000042   Code   RO         7931    i._WriteNoCheck     segger_rtt.o
    0x00027e3a   0x00027e3a   0x0000000e   Code   RO         8731    i.__scatterload_copy  mc_w.l(handlers.o)
    0x00027e48   0x00027e48   0x00000002   Code   RO         8732    i.__scatterload_null  mc_w.l(handlers.o)
    0x00027e4a   0x00027e4a   0x0000000e   Code   RO         8733    i.__scatterload_zeroinit  mc_w.l(handlers.o)
    0x00027e58   0x00027e58   0x00000024   Code   RO         8161    i.__sd_nvic_app_accessible_irq  nrf_sdh.o
    0x00027e7c   0x00027e7c   0x00000010   Code   RO         3748    i.adv_set_data_size_max_get  ble_advertising.o
    0x00027e8c   0x00027e8c   0x00000036   Code   RO         3532    i.advertising_buttons_configure  bsp_btn_ble.o
    0x00027ec2   0x00027ec2   0x00000002   PAD
    0x00027ec4   0x00027ec4   0x00000084   Code   RO         5986    i.app_error_fault_handler  app_error_weak.o
    0x00027f48   0x00027f48   0x00000016   Code   RO         5930    i.app_error_handler_bare  app_error.o
    0x00027f5e   0x00027f5e   0x00000002   PAD
    0x00027f60   0x00027f60   0x00000090   Code   RO           12    i.app_shutdown_handler  main.o
    0x00027ff0   0x00027ff0   0x0000000c   Code   RO         6145    i.app_timer_cnt_get  app_timer2.o
    0x00027ffc   0x00027ffc   0x00000016   Code   RO         6146    i.app_timer_create  app_timer2.o
    0x00028012   0x00028012   0x00000002   PAD
    0x00028014   0x00028014   0x0000005c   Code   RO         6147    i.app_timer_init    app_timer2.o
    0x00028070   0x00028070   0x00000030   Code   RO         6150    i.app_timer_start   app_timer2.o
    0x000280a0   0x000280a0   0x0000000c   Code   RO         6151    i.app_timer_stop    app_timer2.o
    0x000280ac   0x000280ac   0x00000014   Code   RO         6152    i.app_timer_stop_all  app_timer2.o
    0x000280c0   0x000280c0   0x00000048   Code   RO         6363    i.app_util_critical_region_enter  app_util_platform.o
    0x00028108   0x00028108   0x00000034   Code   RO         6364    i.app_util_critical_region_exit  app_util_platform.o
    0x0002813c   0x0002813c   0x0000009c   Code   RO         4406    i.battery_level_char_add  ble_bas.o
    0x000281d8   0x000281d8   0x0000000a   Code   RO         4407    i.battery_notification_send  ble_bas.o
    0x000281e2   0x000281e2   0x00000002   PAD
    0x000281e4   0x000281e4   0x00000024   Code   RO           15    i.battery_timers_start  main.o
    0x00028208   0x00028208   0x00000048   Code   RO         4116    i.blcm_link_ctx_get  ble_link_ctx_manager.o
    0x00028250   0x00028250   0x00000182   Code   RO         3642    i.ble_advdata_encode  ble_advdata.o
    0x000283d2   0x000283d2   0x00000020   Code   RO         3644    i.ble_advdata_parse  ble_advdata.o
    0x000283f2   0x000283f2   0x00000046   Code   RO         3645    i.ble_advdata_search  ble_advdata.o
    0x00028438   0x00028438   0x00000006   Code   RO         3750    i.ble_advertising_conn_cfg_tag_set  ble_advertising.o
    0x0002843e   0x0002843e   0x000000f8   Code   RO         3751    i.ble_advertising_init  ble_advertising.o
    0x00028536   0x00028536   0x00000008   Code   RO         3752    i.ble_advertising_modes_config_set  ble_advertising.o
    0x0002853e   0x0002853e   0x00000002   PAD
    0x00028540   0x00028540   0x00000078   Code   RO         3753    i.ble_advertising_on_ble_evt  ble_advertising.o
    0x000285b8   0x000285b8   0x00000230   Code   RO         3756    i.ble_advertising_start  ble_advertising.o
    0x000287e8   0x000287e8   0x000000c0   Code   RO         4408    i.ble_bas_battery_level_update  ble_bas.o
    0x000288a8   0x000288a8   0x0000003e   Code   RO         4410    i.ble_bas_init      ble_bas.o
    0x000288e6   0x000288e6   0x00000052   Code   RO         4411    i.ble_bas_on_ble_evt  ble_bas.o
    0x00028938   0x00028938   0x00000068   Code   RO         3864    i.ble_conn_params_init  ble_conn_params.o
    0x000289a0   0x000289a0   0x0000000c   Code   RO         3947    i.ble_conn_state_conn_handles  ble_conn_state.o
    0x000289ac   0x000289ac   0x00000012   Code   RO         3948    i.ble_conn_state_conn_idx  ble_conn_state.o
    0x000289be   0x000289be   0x00000002   PAD
    0x000289c0   0x000289c0   0x00000014   Code   RO         3950    i.ble_conn_state_for_each_connected  ble_conn_state.o
    0x000289d4   0x000289d4   0x00000024   Code   RO         3958    i.ble_conn_state_status  ble_conn_state.o
    0x000289f8   0x000289f8   0x00000014   Code   RO         3962    i.ble_conn_state_valid  ble_conn_state.o
    0x00028a0c   0x00028a0c   0x0000009c   Code   RO           16    i.ble_data_send_queue  main.o
    0x00028aa8   0x00028aa8   0x00000060   Code   RO         3648    i.ble_device_addr_encode  ble_advdata.o
    0x00028b08   0x00028b08   0x00000024   Code   RO         8489    i.ble_dfu_buttonless_async_svci_init  ble_dfu_unbonded.o
    0x00028b2c   0x00028b2c   0x00000014   Code   RO         8490    i.ble_dfu_buttonless_backend_init  ble_dfu_unbonded.o
    0x00028b40   0x00028b40   0x0000002c   Code   RO         8370    i.ble_dfu_buttonless_bootloader_start_finalize  ble_dfu.o
    0x00028b6c   0x00028b6c   0x00000018   Code   RO         8491    i.ble_dfu_buttonless_bootloader_start_prepare  ble_dfu_unbonded.o
    0x00028b84   0x00028b84   0x00000050   Code   RO         8492    i.ble_dfu_buttonless_char_add  ble_dfu_unbonded.o
    0x00028bd4   0x00028bd4   0x00000070   Code   RO         8371    i.ble_dfu_buttonless_init  ble_dfu.o
    0x00028c44   0x00028c44   0x00000080   Code   RO         8372    i.ble_dfu_buttonless_on_ble_evt  ble_dfu.o
    0x00028cc4   0x00028cc4   0x000000dc   Code   RO         8493    i.ble_dfu_buttonless_on_ctrl_pt_write  ble_dfu_unbonded.o
    0x00028da0   0x00028da0   0x00000060   Code   RO         8494    i.ble_dfu_buttonless_on_sys_evt  ble_dfu_unbonded.o
    0x00028e00   0x00028e00   0x00000054   Code   RO         8373    i.ble_dfu_buttonless_resp_send  ble_dfu.o
    0x00028e54   0x00028e54   0x00000040   Code   RO           17    i.ble_dfu_evt_handler  main.o
    0x00028e94   0x00028e94   0x0000013c   Code   RO         4466    i.ble_dis_init      my_ble_dis.o
    0x00028fd0   0x00028fd0   0x00000118   Code   RO           18    i.ble_evt_handler   main.o
    0x000290e8   0x000290e8   0x00000070   Code   RO         3533    i.ble_evt_handler   bsp_btn_ble.o
    0x00029158   0x00029158   0x000000fc   Code   RO         3866    i.ble_evt_handler   ble_conn_params.o
    0x00029254   0x00029254   0x00000118   Code   RO         3963    i.ble_evt_handler   ble_conn_state.o
    0x0002936c   0x0002936c   0x00000066   Code   RO         4348    i.ble_nus_data_send  ble_nus.o
    0x000293d2   0x000293d2   0x00000002   PAD
    0x000293d4   0x000293d4   0x000000dc   Code   RO         4349    i.ble_nus_init      ble_nus.o
    0x000294b0   0x000294b0   0x00000076   Code   RO         4350    i.ble_nus_on_ble_evt  ble_nus.o
    0x00029526   0x00029526   0x00000012   Code   RO         4143    i.ble_srv_ascii_to_utf8  ble_srv_common.o
    0x00029538   0x00029538   0x00000008   Code   RO         4144    i.ble_srv_is_indication_enabled  ble_srv_common.o
    0x00029540   0x00029540   0x00000008   Code   RO         4145    i.ble_srv_is_notification_enabled  ble_srv_common.o
    0x00029548   0x00029548   0x0000000c   Code   RO         4146    i.ble_srv_report_ref_encode  ble_srv_common.o
    0x00029554   0x00029554   0x00000024   Code   RO         3313    i.bsp_board_led_invert  boards.o
    0x00029578   0x00029578   0x00000010   Code   RO         3314    i.bsp_board_led_off  boards.o
    0x00029588   0x00029588   0x00000010   Code   RO         3315    i.bsp_board_led_on  boards.o
    0x00029598   0x00029598   0x00000020   Code   RO         3316    i.bsp_board_led_state_get  boards.o
    0x000295b8   0x000295b8   0x00000012   Code   RO         3317    i.bsp_board_leds_off  boards.o
    0x000295ca   0x000295ca   0x00000012   Code   RO         3318    i.bsp_board_leds_on  boards.o
    0x000295dc   0x000295dc   0x00000024   Code   RO         3319    i.bsp_board_pin_to_button_idx  boards.o
    0x00029600   0x00029600   0x00000090   Code   RO         3413    i.bsp_button_event_handler  bsp.o
    0x00029690   0x00029690   0x00000044   Code   RO         3417    i.bsp_event_to_button_action_assign  bsp.o
    0x000296d4   0x000296d4   0x00000018   Code   RO         3418    i.bsp_indication_set  bsp.o
    0x000296ec   0x000296ec   0x000001c8   Code   RO         3420    i.bsp_led_indication  bsp.o
    0x000298b4   0x000298b4   0x00000094   Code   RO         7663    i.buf_prealloc      nrf_log_frontend.o
    0x00029948   0x00029948   0x0000002e   Code   RO         6990    i.buffer_add        nrf_fprintf_format.o
    0x00029976   0x00029976   0x00000002   PAD
    0x00029978   0x00029978   0x00000018   Code   RO         7664    i.buffer_is_empty   nrf_log_frontend.o
    0x00029990   0x00029990   0x00000018   Code   RO           20    i.buttonless_dfu_sdh_state_observer  main.o
    0x000299a8   0x000299a8   0x0000001c   Code   RO         4991    i.channel_free      nrfx_gpiote.o
    0x000299c4   0x000299c4   0x00000048   Code   RO         4992    i.channel_port_alloc  nrfx_gpiote.o
    0x00029a0c   0x00029a0c   0x00000010   Code   RO         4993    i.channel_port_get  nrfx_gpiote.o
    0x00029a1c   0x00029a1c   0x00000060   Code   RO         4467    i.char_add          my_ble_dis.o
    0x00029a7c   0x00029a7c   0x00000190   Code   RO         4147    i.characteristic_add  ble_srv_common.o
    0x00029c0c   0x00029c0c   0x00000028   Code   RO         4510    i.clock_clk_started_notify  nrf_drv_clock.o
    0x00029c34   0x00029c34   0x0000001c   Code   RO         4511    i.clock_irq_handler  nrf_drv_clock.o
    0x00029c50   0x00029c50   0x00000018   Code   RO         6153    i.compare_func      app_timer2.o
    0x00029c68   0x00029c68   0x0000003e   Code   RO         3964    i.conn_handle_list_get  ble_conn_state.o
    0x00029ca6   0x00029ca6   0x00000088   Code   RO         3649    i.conn_int_encode   ble_advdata.o
    0x00029d2e   0x00029d2e   0x00000004   Code   RO           21    i.conn_params_error_handler  main.o
    0x00029d32   0x00029d32   0x00000002   PAD
    0x00029d34   0x00029d34   0x00000048   Code   RO         3867    i.conn_params_negotiation  ble_conn_params.o
    0x00029d7c   0x00029d7c   0x000000c0   Code   RO         4202    i.data_length_update  nrf_ble_gatt.o
    0x00029e3c   0x00029e3c   0x000000aa   Code   RO         4148    i.descriptor_add    ble_srv_common.o
    0x00029ee6   0x00029ee6   0x00000002   PAD
    0x00029ee8   0x00029ee8   0x00000034   Code   RO           22    i.disconnect        main.o
    0x00029f1c   0x00029f1c   0x00000014   Code   RO         7665    i.dropped_sat16_get  nrf_log_frontend.o
    0x00029f30   0x00029f30   0x00000014   Code   RO         6432    i.drv_rtc_compare_disable  drv_rtc.o
    0x00029f44   0x00029f44   0x0000000e   Code   RO         6435    i.drv_rtc_compare_pending  drv_rtc.o
    0x00029f52   0x00029f52   0x00000050   Code   RO         6436    i.drv_rtc_compare_set  drv_rtc.o
    0x00029fa2   0x00029fa2   0x00000008   Code   RO         6437    i.drv_rtc_counter_get  drv_rtc.o
    0x00029faa   0x00029faa   0x00000002   PAD
    0x00029fac   0x00029fac   0x000000d8   Code   RO         6438    i.drv_rtc_init      drv_rtc.o
    0x0002a084   0x0002a084   0x0000001e   Code   RO         6439    i.drv_rtc_irq_trigger  drv_rtc.o
    0x0002a0a2   0x0002a0a2   0x00000008   Code   RO         6441    i.drv_rtc_overflow_enable  drv_rtc.o
    0x0002a0aa   0x0002a0aa   0x00000008   Code   RO         6442    i.drv_rtc_overflow_pending  drv_rtc.o
    0x0002a0b2   0x0002a0b2   0x00000008   Code   RO         6443    i.drv_rtc_start     drv_rtc.o
    0x0002a0ba   0x0002a0ba   0x00000008   Code   RO         6444    i.drv_rtc_stop      drv_rtc.o
    0x0002a0c2   0x0002a0c2   0x000000de   Code   RO         6449    i.drv_rtc_windowed_compare_set  drv_rtc.o
    0x0002a1a0   0x0002a1a0   0x00000002   Code   RO         8374    i.dummy_evt_handler  ble_dfu.o
    0x0002a1a2   0x0002a1a2   0x00000012   Code   RO         6450    i.evt_enable        drv_rtc.o
    0x0002a1b4   0x0002a1b4   0x00000014   Code   RO         6451    i.evt_pending       drv_rtc.o
    0x0002a1c8   0x0002a1c8   0x0000000a   Code   RO         3965    i.flag_toggle       ble_conn_state.o
    0x0002a1d2   0x0002a1d2   0x00000028   Code   RO         3758    i.flags_set         ble_advertising.o
    0x0002a1fa   0x0002a1fa   0x00000030   Code   RO         3966    i.for_each_set_flag  ble_conn_state.o
    0x0002a22a   0x0002a22a   0x00000002   PAD
    0x0002a22c   0x0002a22c   0x0000005c   Code   RO           23    i.gatt_evt_handler  main.o
    0x0002a288   0x0002a288   0x00000030   Code   RO           24    i.gatt_init         main.o
    0x0002a2b8   0x0002a2b8   0x00000034   Code   RO         6154    i.get_now           app_timer2.o
    0x0002a2ec   0x0002a2ec   0x000000fc   Code   RO         1291    i.initialize_ads    nrf_ads1299.o
    0x0002a3e8   0x0002a3e8   0x00000014   Code   RO         3868    i.instance_get      ble_conn_params.o
    0x0002a3fc   0x0002a3fc   0x000000a6   Code   RO         6991    i.int_print         nrf_fprintf_format.o
    0x0002a4a2   0x0002a4a2   0x00000034   Code   RO         7666    i.invalid_packets_omit  nrf_log_frontend.o
    0x0002a4d6   0x0002a4d6   0x00000044   Code   RO         3869    i.is_conn_params_ok  ble_conn_params.o
    0x0002a51a   0x0002a51a   0x00000002   PAD
    0x0002a51c   0x0002a51c   0x00000030   Code   RO         3424    i.leds_off          bsp.o
    0x0002a54c   0x0002a54c   0x00000018   Code   RO         4203    i.link_init         nrf_ble_gatt.o
    0x0002a564   0x0002a564   0x000000a4   Code   RO         7667    i.log_skip          nrf_log_frontend.o
    0x0002a608   0x0002a608   0x00000018   Code   RO         1888    i.lsm6dsl_from_fs2000dps_to_mdps  lsm6dsltr.o
    0x0002a620   0x0002a620   0x00000018   Code   RO         1890    i.lsm6dsl_from_fs2g_to_mg  lsm6dsltr.o
    0x0002a638   0x0002a638   0x00000204   Code   RO           25    i.main              main.o
    0x0002a83c   0x0002a83c   0x00000064   Code   RO         3650    i.manuf_specific_data_encode  ble_advdata.o
    0x0002a8a0   0x0002a8a0   0x0000007e   Code   RO         7030    i.memobj_op         nrf_memobj.o
    0x0002a91e   0x0002a91e   0x00000002   PAD
    0x0002a920   0x0002a920   0x00000030   Code   RO         7668    i.module_idx_get    nrf_log_frontend.o
    0x0002a950   0x0002a950   0x000000a6   Code   RO         3651    i.name_encode       ble_advdata.o
    0x0002a9f6   0x0002a9f6   0x00000026   Code   RO         6646    i.nrf_atfifo_init   nrf_atfifo.o
    0x0002aa1c   0x0002aa1c   0x00000016   Code   RO         6647    i.nrf_atfifo_item_alloc  nrf_atfifo.o
    0x0002aa32   0x0002aa32   0x00000016   Code   RO         6648    i.nrf_atfifo_item_free  nrf_atfifo.o
    0x0002aa48   0x0002aa48   0x00000016   Code   RO         6649    i.nrf_atfifo_item_get  nrf_atfifo.o
    0x0002aa5e   0x0002aa5e   0x00000016   Code   RO         6650    i.nrf_atfifo_item_put  nrf_atfifo.o
    0x0002aa74   0x0002aa74   0x00000016   Code   RO         6712    i.nrf_atflags_clear  nrf_atflags.o
    0x0002aa8a   0x0002aa8a   0x00000016   Code   RO         6717    i.nrf_atflags_get   nrf_atflags.o
    0x0002aaa0   0x0002aaa0   0x00000014   Code   RO         6719    i.nrf_atflags_set   nrf_atflags.o
    0x0002aab4   0x0002aab4   0x00000006   Code   RO         6780    i.nrf_atomic_flag_clear_fetch  nrf_atomic.o
    0x0002aaba   0x0002aaba   0x00000006   Code   RO         6781    i.nrf_atomic_flag_set  nrf_atomic.o
    0x0002aac0   0x0002aac0   0x0000000c   Code   RO         6783    i.nrf_atomic_u32_add  nrf_atomic.o
    0x0002aacc   0x0002aacc   0x0000000c   Code   RO         6784    i.nrf_atomic_u32_and  nrf_atomic.o
    0x0002aad8   0x0002aad8   0x0000000a   Code   RO         6787    i.nrf_atomic_u32_fetch_and  nrf_atomic.o
    0x0002aae2   0x0002aae2   0x0000000a   Code   RO         6789    i.nrf_atomic_u32_fetch_store  nrf_atomic.o
    0x0002aaec   0x0002aaec   0x0000000c   Code   RO         6793    i.nrf_atomic_u32_or  nrf_atomic.o
    0x0002aaf8   0x0002aaf8   0x0000000c   Code   RO         6795    i.nrf_atomic_u32_sub  nrf_atomic.o
    0x0002ab04   0x0002ab04   0x00000044   Code   RO         6914    i.nrf_balloc_alloc  nrf_balloc.o
    0x0002ab48   0x0002ab48   0x00000030   Code   RO         6915    i.nrf_balloc_free   nrf_balloc.o
    0x0002ab78   0x0002ab78   0x00000030   Code   RO         6916    i.nrf_balloc_init   nrf_balloc.o
    0x0002aba8   0x0002aba8   0x00000010   Code   RO         4994    i.nrf_bitmask_bit_is_set  nrfx_gpiote.o
    0x0002abb8   0x0002abb8   0x00000018   Code   RO         4205    i.nrf_ble_gatt_att_mtu_periph_set  nrf_ble_gatt.o
    0x0002abd0   0x0002abd0   0x00000022   Code   RO         4209    i.nrf_ble_gatt_init  nrf_ble_gatt.o
    0x0002abf2   0x0002abf2   0x00000002   PAD
    0x0002abf4   0x0002abf4   0x00000150   Code   RO         4210    i.nrf_ble_gatt_on_ble_evt  nrf_ble_gatt.o
    0x0002ad44   0x0002ad44   0x00000016   Code   RO         4304    i.nrf_ble_qwr_conn_handle_assign  nrf_ble_qwr.o
    0x0002ad5a   0x0002ad5a   0x00000024   Code   RO         4305    i.nrf_ble_qwr_init  nrf_ble_qwr.o
    0x0002ad7e   0x0002ad7e   0x000000b6   Code   RO         4306    i.nrf_ble_qwr_on_ble_evt  nrf_ble_qwr.o
    0x0002ae34   0x0002ae34   0x0000000e   Code   RO         4862    i.nrf_clock_event_check  nrfx_clock.o
    0x0002ae42   0x0002ae42   0x00000010   Code   RO         4863    i.nrf_clock_event_clear  nrfx_clock.o
    0x0002ae52   0x0002ae52   0x00000002   PAD
    0x0002ae54   0x0002ae54   0x00000020   Code   RO          883    i.nrf_delay_ms      driver_power.o
    0x0002ae74   0x0002ae74   0x00000020   Code   RO         1033    i.nrf_delay_ms      driver_key.o
    0x0002ae94   0x0002ae94   0x00000020   Code   RO         1292    i.nrf_delay_ms      nrf_ads1299.o
    0x0002aeb4   0x0002aeb4   0x000000dc   Code   RO         8549    i.nrf_dfu_svci_vector_table_set  nrf_dfu_svci.o
    0x0002af90   0x0002af90   0x000000a0   Code   RO         8550    i.nrf_dfu_svci_vector_table_unset  nrf_dfu_svci.o
    0x0002b030   0x0002b030   0x00000040   Code   RO         4518    i.nrf_drv_clock_init  nrf_drv_clock.o
    0x0002b070   0x0002b070   0x00000034   Code   RO         4522    i.nrf_drv_clock_lfclk_release  nrf_drv_clock.o
    0x0002b0a4   0x0002b0a4   0x00000028   Code   RO         1092    i.nrf_drv_spi_init  nrf_drv_spi.o
    0x0002b0cc   0x0002b0cc   0x00000040   Code   RO         1623    i.nrf_drv_twi_init  nrf_drv_twi.o
    0x0002b10c   0x0002b10c   0x00000006   Code   RO         1689    i.nrf_drv_twi_rx    nrf_lsm6dsl.o
    0x0002b112   0x0002b112   0x0000000e   Code   RO         1690    i.nrf_drv_twi_tx    nrf_lsm6dsl.o
    0x0002b120   0x0002b120   0x0000001a   Code   RO         6951    i.nrf_fprintf       nrf_fprintf.o
    0x0002b13a   0x0002b13a   0x00000018   Code   RO         6952    i.nrf_fprintf_buffer_flush  nrf_fprintf.o
    0x0002b152   0x0002b152   0x000001da   Code   RO         6992    i.nrf_fprintf_fmt   nrf_fprintf_format.o
    0x0002b32c   0x0002b32c   0x00000024   Code   RO          884    i.nrf_gpio_cfg      driver_power.o
    0x0002b350   0x0002b350   0x00000024   Code   RO         1143    i.nrf_gpio_cfg      nrfx_spi.o
    0x0002b374   0x0002b374   0x00000024   Code   RO         1446    i.nrf_gpio_cfg      nrfx_twi.o
    0x0002b398   0x0002b398   0x00000024   Code   RO         4995    i.nrf_gpio_cfg      nrfx_gpiote.o
    0x0002b3bc   0x0002b3bc   0x00000010   Code   RO           26    i.nrf_gpio_cfg_default  main.o
    0x0002b3cc   0x0002b3cc   0x00000012   Code   RO         1447    i.nrf_gpio_cfg_default  nrfx_twi.o
    0x0002b3de   0x0002b3de   0x00000010   Code   RO          658    i.nrf_gpio_cfg_output  driver_led.o
    0x0002b3ee   0x0002b3ee   0x00000014   Code   RO          885    i.nrf_gpio_cfg_output  driver_power.o
    0x0002b402   0x0002b402   0x00000014   Code   RO         1144    i.nrf_gpio_cfg_output  nrfx_spi.o
    0x0002b416   0x0002b416   0x00000010   Code   RO         1293    i.nrf_gpio_cfg_output  nrf_ads1299.o
    0x0002b426   0x0002b426   0x00000022   Code   RO           27    i.nrf_gpio_cfg_sense_set  main.o
    0x0002b448   0x0002b448   0x00000022   Code   RO         4997    i.nrf_gpio_cfg_sense_set  nrfx_gpiote.o
    0x0002b46a   0x0002b46a   0x00000002   PAD
    0x0002b46c   0x0002b46c   0x0000002c   Code   RO         4998    i.nrf_gpio_latches_read_and_clear  nrfx_gpiote.o
    0x0002b498   0x0002b498   0x0000000e   Code   RO          659    i.nrf_gpio_pin_clear  driver_led.o
    0x0002b4a6   0x0002b4a6   0x0000000e   Code   RO          886    i.nrf_gpio_pin_clear  driver_power.o
    0x0002b4b4   0x0002b4b4   0x0000000e   Code   RO         1294    i.nrf_gpio_pin_clear  nrf_ads1299.o
    0x0002b4c2   0x0002b4c2   0x0000001e   Code   RO         4999    i.nrf_gpio_pin_present_check  nrfx_gpiote.o
    0x0002b4e0   0x0002b4e0   0x00000010   Code   RO         1034    i.nrf_gpio_pin_read  driver_key.o
    0x0002b4f0   0x0002b4f0   0x0000000e   Code   RO          660    i.nrf_gpio_pin_set  driver_led.o
    0x0002b4fe   0x0002b4fe   0x0000000e   Code   RO         1145    i.nrf_gpio_pin_set  nrfx_spi.o
    0x0002b50c   0x0002b50c   0x0000000e   Code   RO         1295    i.nrf_gpio_pin_set  nrf_ads1299.o
    0x0002b51a   0x0002b51a   0x0000000e   Code   RO         1624    i.nrf_gpio_pin_set  nrf_drv_twi.o
    0x0002b528   0x0002b528   0x00000016   Code   RO         3322    i.nrf_gpio_pin_write  boards.o
    0x0002b53e   0x0002b53e   0x00000002   PAD
    0x0002b540   0x0002b540   0x00000014   Code   RO         5000    i.nrf_gpiote_event_clear  nrfx_gpiote.o
    0x0002b554   0x0002b554   0x00000010   Code   RO         5001    i.nrf_gpiote_event_is_set  nrfx_gpiote.o
    0x0002b564   0x0002b564   0x0000005c   Code   RO         7669    i.nrf_log_backend_add  nrf_log_frontend.o
    0x0002b5c0   0x0002b5c0   0x00000002   Code   RO         7527    i.nrf_log_backend_rtt_flush  nrf_log_backend_rtt.o
    0x0002b5c2   0x0002b5c2   0x00000004   Code   RO         7528    i.nrf_log_backend_rtt_init  nrf_log_backend_rtt.o
    0x0002b5c6   0x0002b5c6   0x00000002   Code   RO         7529    i.nrf_log_backend_rtt_panic_set  nrf_log_backend_rtt.o
    0x0002b5c8   0x0002b5c8   0x00000018   Code   RO         7530    i.nrf_log_backend_rtt_put  nrf_log_backend_rtt.o
    0x0002b5e0   0x0002b5e0   0x000000c8   Code   RO         7593    i.nrf_log_backend_serial_put  nrf_log_backend_serial.o
    0x0002b6a8   0x0002b6a8   0x00000030   Code   RO         7671    i.nrf_log_color_id_get  nrf_log_frontend.o
    0x0002b6d8   0x0002b6d8   0x0000001c   Code   RO         7627    i.nrf_log_default_backends_init  nrf_log_default_backends.o
    0x0002b6f4   0x0002b6f4   0x00000238   Code   RO         7672    i.nrf_log_frontend_dequeue  nrf_log_frontend.o
    0x0002b92c   0x0002b92c   0x00000008   Code   RO         7674    i.nrf_log_frontend_std_0  nrf_log_frontend.o
    0x0002b934   0x0002b934   0x0000000e   Code   RO         7675    i.nrf_log_frontend_std_1  nrf_log_frontend.o
    0x0002b942   0x0002b942   0x00000010   Code   RO         7676    i.nrf_log_frontend_std_2  nrf_log_frontend.o
    0x0002b952   0x0002b952   0x00000002   PAD
    0x0002b954   0x0002b954   0x000000b0   Code   RO         7850    i.nrf_log_hexdump_entry_process  nrf_log_str_formatter.o
    0x0002ba04   0x0002ba04   0x00000028   Code   RO         7681    i.nrf_log_init      nrf_log_frontend.o
    0x0002ba2c   0x0002ba2c   0x00000014   Code   RO         7682    i.nrf_log_module_cnt_get  nrf_log_frontend.o
    0x0002ba40   0x0002ba40   0x0000001c   Code   RO         7685    i.nrf_log_module_name_get  nrf_log_frontend.o
    0x0002ba5c   0x0002ba5c   0x00000028   Code   RO         7686    i.nrf_log_panic     nrf_log_frontend.o
    0x0002ba84   0x0002ba84   0x000000b6   Code   RO         7851    i.nrf_log_std_entry_process  nrf_log_str_formatter.o
    0x0002bb3a   0x0002bb3a   0x00000060   Code   RO         7031    i.nrf_memobj_alloc  nrf_memobj.o
    0x0002bb9a   0x0002bb9a   0x00000032   Code   RO         7032    i.nrf_memobj_free   nrf_memobj.o
    0x0002bbcc   0x0002bbcc   0x00000008   Code   RO         7033    i.nrf_memobj_get    nrf_memobj.o
    0x0002bbd4   0x0002bbd4   0x00000004   Code   RO         7034    i.nrf_memobj_pool_init  nrf_memobj.o
    0x0002bbd8   0x0002bbd8   0x0000001e   Code   RO         7035    i.nrf_memobj_put    nrf_memobj.o
    0x0002bbf6   0x0002bbf6   0x00000010   Code   RO         7036    i.nrf_memobj_read   nrf_memobj.o
    0x0002bc06   0x0002bc06   0x00000010   Code   RO         7037    i.nrf_memobj_write  nrf_memobj.o
    0x0002bc16   0x0002bc16   0x00000002   PAD
    0x0002bc18   0x0002bc18   0x00000028   Code   RO         7109    i.nrf_pwr_mgmt_init  nrf_pwr_mgmt.o
    0x0002bc40   0x0002bc40   0x00000044   Code   RO         7110    i.nrf_pwr_mgmt_run  nrf_pwr_mgmt.o
    0x0002bc84   0x0002bc84   0x0000003c   Code   RO         7111    i.nrf_pwr_mgmt_shutdown  nrf_pwr_mgmt.o
    0x0002bcc0   0x0002bcc0   0x0000008e   Code   RO         7411    i.nrf_queue_generic_pop  nrf_queue.o
    0x0002bd4e   0x0002bd4e   0x00000012   Code   RO         7413    i.nrf_queue_is_empty  nrf_queue.o
    0x0002bd60   0x0002bd60   0x0000001e   Code   RO         7414    i.nrf_queue_is_full  nrf_queue.o
    0x0002bd7e   0x0002bd7e   0x0000000e   Code   RO         7417    i.nrf_queue_next_idx  nrf_queue.o
    0x0002bd8c   0x0002bd8c   0x000000b2   Code   RO         7419    i.nrf_queue_push    nrf_queue.o
    0x0002be3e   0x0002be3e   0x00000004   Code   RO           28    i.nrf_qwr_error_handler  main.o
    0x0002be42   0x0002be42   0x0000001c   Code   RO         7189    i.nrf_ringbuf_init  nrf_ringbuf.o
    0x0002be5e   0x0002be5e   0x0000000c   Code   RO         6452    i.nrf_rtc_event_clear  drv_rtc.o
    0x0002be6a   0x0002be6a   0x00000002   PAD
    0x0002be6c   0x0002be6c   0x00000010   Code   RO         5692    i.nrf_saadc_buffer_init  nrfx_saadc.o
    0x0002be7c   0x0002be7c   0x00000014   Code   RO         5693    i.nrf_saadc_channel_input_set  nrfx_saadc.o
    0x0002be90   0x0002be90   0x00000010   Code   RO         5694    i.nrf_saadc_event_check  nrfx_saadc.o
    0x0002bea0   0x0002bea0   0x00000014   Code   RO         5695    i.nrf_saadc_event_clear  nrfx_saadc.o
    0x0002beb4   0x0002beb4   0x00000010   Code   RO         5696    i.nrf_saadc_limit_int_get  nrfx_saadc.o
    0x0002bec4   0x0002bec4   0x00000014   Code   RO         8281    i.nrf_sdh_ble_app_ram_start_get  nrf_sdh_ble.o
    0x0002bed8   0x0002bed8   0x00000134   Code   RO         8282    i.nrf_sdh_ble_default_cfg_set  nrf_sdh_ble.o
    0x0002c00c   0x0002c00c   0x00000130   Code   RO         8283    i.nrf_sdh_ble_enable  nrf_sdh_ble.o
    0x0002c13c   0x0002c13c   0x00000060   Code   RO         8284    i.nrf_sdh_ble_evts_poll  nrf_sdh_ble.o
    0x0002c19c   0x0002c19c   0x00000074   Code   RO         8163    i.nrf_sdh_enable_request  nrf_sdh.o
    0x0002c210   0x0002c210   0x00000024   Code   RO         8164    i.nrf_sdh_evts_poll  nrf_sdh.o
    0x0002c234   0x0002c234   0x0000000c   Code   RO         8165    i.nrf_sdh_is_enabled  nrf_sdh.o
    0x0002c240   0x0002c240   0x0000003c   Code   RO         8335    i.nrf_sdh_soc_evts_poll  nrf_sdh_soc.o
    0x0002c27c   0x0002c27c   0x0000000a   Code   RO         7247    i.nrf_section_iter_init  nrf_section_iter.o
    0x0002c286   0x0002c286   0x00000024   Code   RO         7248    i.nrf_section_iter_item_set  nrf_section_iter.o
    0x0002c2aa   0x0002c2aa   0x00000020   Code   RO         7249    i.nrf_section_iter_next  nrf_section_iter.o
    0x0002c2ca   0x0002c2ca   0x00000022   Code   RO         7282    i.nrf_sortlist_add  nrf_sortlist.o
    0x0002c2ec   0x0002c2ec   0x00000006   Code   RO         7284    i.nrf_sortlist_peek  nrf_sortlist.o
    0x0002c2f2   0x0002c2f2   0x0000000e   Code   RO         7285    i.nrf_sortlist_pop  nrf_sortlist.o
    0x0002c300   0x0002c300   0x0000001e   Code   RO         7286    i.nrf_sortlist_remove  nrf_sortlist.o
    0x0002c31e   0x0002c31e   0x00000002   PAD
    0x0002c320   0x0002c320   0x00000038   Code   RO         7338    i.nrf_strerror_find  nrf_strerror.o
    0x0002c358   0x0002c358   0x00000014   Code   RO         7339    i.nrf_strerror_get  nrf_strerror.o
    0x0002c36c   0x0002c36c   0x0000000a   Code   RO         1448    i.nrf_twi_event_check  nrfx_twi.o
    0x0002c376   0x0002c376   0x0000000c   Code   RO         1449    i.nrf_twi_event_clear  nrfx_twi.o
    0x0002c382   0x0002c382   0x00000002   PAD
    0x0002c384   0x0002c384   0x00000010   Code   RO         4525    i.nrf_wdt_started   nrf_drv_clock.o
    0x0002c394   0x0002c394   0x0000002c   Code   RO         4868    i.nrfx_clock_enable  nrfx_clock.o
    0x0002c3c0   0x0002c3c0   0x00000020   Code   RO         4871    i.nrfx_clock_init   nrfx_clock.o
    0x0002c3e0   0x0002c3e0   0x00000030   Code   RO         4874    i.nrfx_clock_lfclk_stop  nrfx_clock.o
    0x0002c410   0x0002c410   0x00000010   Code   RO         1625    i.nrfx_coredep_delay_us  nrf_drv_twi.o
    0x0002c420   0x0002c420   0x00000010   Code   RO         5697    i.nrfx_coredep_delay_us  nrfx_saadc.o
    0x0002c430   0x0002c430   0x00000010   Code   RO         6453    i.nrfx_coredep_delay_us  drv_rtc.o
    0x0002c440   0x0002c440   0x000000a0   Code   RO         5007    i.nrfx_gpiote_in_event_enable  nrfx_gpiote.o
    0x0002c4e0   0x0002c4e0   0x000000cc   Code   RO         5009    i.nrfx_gpiote_in_init  nrfx_gpiote.o
    0x0002c5ac   0x0002c5ac   0x00000074   Code   RO         5012    i.nrfx_gpiote_init  nrfx_gpiote.o
    0x0002c620   0x0002c620   0x0000003a   Code   RO         5296    i.nrfx_prs_acquire  nrfx_prs.o
    0x0002c65a   0x0002c65a   0x00000012   Code   RO         5297    i.nrfx_prs_release  nrfx_prs.o
    0x0002c66c   0x0002c66c   0x000000ac   Code   RO         5701    i.nrfx_saadc_channel_init  nrfx_saadc.o
    0x0002c718   0x0002c718   0x00000044   Code   RO         5702    i.nrfx_saadc_channel_uninit  nrfx_saadc.o
    0x0002c75c   0x0002c75c   0x00000094   Code   RO         5703    i.nrfx_saadc_init   nrfx_saadc.o
    0x0002c7f0   0x0002c7f0   0x00000080   Code   RO         5705    i.nrfx_saadc_limits_set  nrfx_saadc.o
    0x0002c870   0x0002c870   0x000000c0   Code   RO         5707    i.nrfx_saadc_sample_convert  nrfx_saadc.o
    0x0002c930   0x0002c930   0x00000074   Code   RO         5709    i.nrfx_saadc_uninit  nrfx_saadc.o
    0x0002c9a4   0x0002c9a4   0x00000198   Code   RO         1147    i.nrfx_spi_init     nrfx_spi.o
    0x0002cb3c   0x0002cb3c   0x00000078   Code   RO         1148    i.nrfx_spi_uninit   nrfx_spi.o
    0x0002cbb4   0x0002cbb4   0x00000064   Code   RO         1149    i.nrfx_spi_xfer     nrfx_spi.o
    0x0002cc18   0x0002cc18   0x00000038   Code   RO         1451    i.nrfx_twi_disable  nrfx_twi.o
    0x0002cc50   0x0002cc50   0x00000020   Code   RO         1452    i.nrfx_twi_enable   nrfx_twi.o
    0x0002cc70   0x0002cc70   0x000000e4   Code   RO         1453    i.nrfx_twi_init     nrfx_twi.o
    0x0002cd54   0x0002cd54   0x00000030   Code   RO         1455    i.nrfx_twi_rx       nrfx_twi.o
    0x0002cd84   0x0002cd84   0x00000036   Code   RO         1457    i.nrfx_twi_tx       nrfx_twi.o
    0x0002cdba   0x0002cdba   0x00000002   PAD
    0x0002cdbc   0x0002cdbc   0x0000006c   Code   RO         1458    i.nrfx_twi_uninit   nrfx_twi.o
    0x0002ce28   0x0002ce28   0x00000020   Code   RO         1459    i.nrfx_twi_xfer     nrfx_twi.o
    0x0002ce48   0x0002ce48   0x000000dc   Code   RO           29    i.nus_data_handler  main.o
    0x0002cf24   0x0002cf24   0x0000001c   Code   RO           30    i.on_adv_evt        main.o
    0x0002cf40   0x0002cf40   0x0000005c   Code   RO           31    i.on_bas_evt        main.o
    0x0002cf9c   0x0002cf9c   0x0000001c   Code   RO           32    i.on_conn_params_evt  main.o
    0x0002cfb8   0x0002cfb8   0x0000006a   Code   RO         4351    i.on_connect_uart   ble_nus.o
    0x0002d022   0x0002d022   0x00000002   PAD
    0x0002d024   0x0002d024   0x000000a8   Code   RO         4211    i.on_connected_evt  nrf_ble_gatt.o
    0x0002d0cc   0x0002d0cc   0x0000006c   Code   RO         8375    i.on_ctrlpt_write   ble_dfu.o
    0x0002d138   0x0002d138   0x000000ac   Code   RO         4212    i.on_exchange_mtu_request_evt  nrf_ble_gatt.o
    0x0002d1e4   0x0002d1e4   0x00000084   Code   RO         4352    i.on_write_uart     ble_nus.o
    0x0002d268   0x0002d268   0x00000020   Code   RO           34    i.period_timers_start  main.o
    0x0002d288   0x0002d288   0x00000012   Code   RO         3759    i.phy_is_valid      ble_advertising.o
    0x0002d29a   0x0002d29a   0x00000002   PAD
    0x0002d29c   0x0002d29c   0x0000001c   Code   RO         5031    i.pin_configured_set  nrfx_gpiote.o
    0x0002d2b8   0x0002d2b8   0x00000018   Code   RO         5032    i.pin_in_use_by_port  nrfx_gpiote.o
    0x0002d2d0   0x0002d2d0   0x00000018   Code   RO         5033    i.pin_in_use_by_te  nrfx_gpiote.o
    0x0002d2e8   0x0002d2e8   0x00000034   Code   RO         4468    i.pnp_id_encode     my_ble_dis.o
    0x0002d31c   0x0002d31c   0x000000b4   Code   RO         5034    i.port_event_handle  nrfx_gpiote.o
    0x0002d3d0   0x0002d3d0   0x00000010   Code   RO         5035    i.port_handler_polarity_get  nrfx_gpiote.o
    0x0002d3e0   0x0002d3e0   0x0000003c   Code   RO         7853    i.postfix_process   nrf_log_str_formatter.o
    0x0002d41c   0x0002d41c   0x00000098   Code   RO         7854    i.prefix_process    nrf_log_str_formatter.o
    0x0002d4b4   0x0002d4b4   0x00000018   Code   RO         5298    i.prs_box_get       nrfx_prs.o
    0x0002d4cc   0x0002d4cc   0x00000018   Code   RO         7425    i.queue_utilization_get  nrf_queue.o
    0x0002d4e4   0x0002d4e4   0x0000005c   Code   RO         6155    i.rtc_irq           app_timer2.o
    0x0002d540   0x0002d540   0x00000064   Code   RO         6156    i.rtc_schedule      app_timer2.o
    0x0002d5a4   0x0002d5a4   0x00000074   Code   RO         6157    i.rtc_update        app_timer2.o
    0x0002d618   0x0002d618   0x00000058   Code   RO         4526    i.sd_state_evt_handler  nrf_drv_clock.o
    0x0002d670   0x0002d670   0x00000030   Code   RO         8170    i.sdh_request_observer_notify  nrf_sdh.o
    0x0002d6a0   0x0002d6a0   0x0000002c   Code   RO         8171    i.sdh_state_observer_notify  nrf_sdh.o
    0x0002d6cc   0x0002d6cc   0x00000010   Code   RO         3870    i.send_error_evt    ble_conn_params.o
    0x0002d6dc   0x0002d6dc   0x00000050   Code   RO         7531    i.serial_tx         nrf_log_backend_rtt.o
    0x0002d72c   0x0002d72c   0x00000088   Code   RO         3652    i.service_data_encode  ble_advdata.o
    0x0002d7b4   0x0002d7b4   0x00000090   Code   RO           35    i.services_init     main.o
    0x0002d844   0x0002d844   0x00000030   Code   RO         4149    i.set_security_req  ble_srv_common.o
    0x0002d874   0x0002d874   0x0000000c   Code   RO         3760    i.set_user_disconnect_flag  ble_advertising.o
    0x0002d880   0x0002d880   0x0000007c   Code   RO         7112    i.shutdown_process  nrf_pwr_mgmt.o
    0x0002d8fc   0x0002d8fc   0x000000dc   Code   RO           36    i.sleep_mode_enter  main.o
    0x0002d9d8   0x0002d9d8   0x00000018   Code   RO         4527    i.soc_evt_handler   nrf_drv_clock.o
    0x0002d9f0   0x0002d9f0   0x00000058   Code   RO         8173    i.softdevices_evt_irq_enable  nrf_sdh.o
    0x0002da48   0x0002da48   0x0000000c   Code   RO         6158    i.sortlist_pop      app_timer2.o
    0x0002da54   0x0002da54   0x00000038   Code   RO         1093    i.spi_evt_handler   nrf_drv_spi.o
    0x0002da8c   0x0002da8c   0x0000007e   Code   RO         1150    i.spi_xfer          nrfx_spi.o
    0x0002db0a   0x0002db0a   0x00000002   PAD
    0x0002db0c   0x0002db0c   0x00000094   Code   RO         7688    i.std_n             nrf_log_frontend.o
    0x0002dba0   0x0002dba0   0x00000042   Code   RO         4469    i.sys_id_encode     my_ble_dis.o
    0x0002dbe2   0x0002dbe2   0x00000002   PAD
    0x0002dbe4   0x0002dbe4   0x00000058   Code   RO         6159    i.timer_expire      app_timer2.o
    0x0002dc3c   0x0002dc3c   0x00000078   Code   RO         6160    i.timer_req_process  app_timer2.o
    0x0002dcb4   0x0002dcb4   0x00000038   Code   RO         6161    i.timer_req_schedule  app_timer2.o
    0x0002dcec   0x0002dcec   0x00000064   Code   RO         1151    i.transfer_byte     nrfx_spi.o
    0x0002dd50   0x0002dd50   0x000000aa   Code   RO         1626    i.twi_clear_bus     nrf_drv_twi.o
    0x0002ddfa   0x0002ddfa   0x00000002   PAD
    0x0002ddfc   0x0002ddfc   0x00000040   Code   RO         1627    i.twi_evt_handler   nrf_drv_twi.o
    0x0002de3c   0x0002de3c   0x000000bc   Code   RO         1460    i.twi_irq_handler   nrfx_twi.o
    0x0002def8   0x0002def8   0x0000001e   Code   RO         1461    i.twi_process_error  nrfx_twi.o
    0x0002df16   0x0002df16   0x00000002   PAD
    0x0002df18   0x0002df18   0x000000c4   Code   RO         1462    i.twi_rx_start_transfer  nrfx_twi.o
    0x0002dfdc   0x0002dfdc   0x00000036   Code   RO         1463    i.twi_send_byte     nrfx_twi.o
    0x0002e012   0x0002e012   0x00000140   Code   RO         1464    i.twi_transfer      nrfx_twi.o
    0x0002e152   0x0002e152   0x00000002   PAD
    0x0002e154   0x0002e154   0x000000b8   Code   RO         1465    i.twi_tx_start_transfer  nrfx_twi.o
    0x0002e20c   0x0002e20c   0x000000a4   Code   RO         1466    i.twi_xfer          nrfx_twi.o
    0x0002e2b0   0x0002e2b0   0x0000000a   Code   RO         3653    i.uint16_encode     ble_advdata.o
    0x0002e2ba   0x0002e2ba   0x00000002   PAD
    0x0002e2bc   0x0002e2bc   0x000000b4   Code   RO         6993    i.unsigned_print    nrf_fprintf_format.o
    0x0002e370   0x0002e370   0x00000054   Code   RO         1297    i.updateBoardData   nrf_ads1299.o
    0x0002e3c4   0x0002e3c4   0x00000068   Code   RO         3871    i.update_timeout_handler  ble_conn_params.o
    0x0002e42c   0x0002e42c   0x00000018   Code   RO         3761    i.use_whitelist     ble_advertising.o
    0x0002e444   0x0002e444   0x00000024   Code   RO         4307    i.user_mem_reply    nrf_ble_qwr.o
    0x0002e468   0x0002e468   0x00000030   Code   RO         3654    i.uuid_list_encode  ble_advdata.o
    0x0002e498   0x0002e498   0x0000009e   Code   RO         3655    i.uuid_list_sized_encode  ble_advdata.o
    0x0002e536   0x0002e536   0x0000000a   PAD
    0x0002e540   0x0002e540   0x00000031   Data   RO           45    .constdata          main.o
    0x0002e571   0x0002e571   0x0000000f   PAD
    0x0002e580   0x0002e580   0x00000006   Data   RO          887    .constdata          driver_power.o
    0x0002e586   0x0002e586   0x0000000a   PAD
    0x0002e590   0x0002e590   0x00000006   Data   RO         1035    .constdata          driver_key.o
    0x0002e596   0x0002e596   0x00000002   PAD
    0x0002e598   0x0002e598   0x00000004   Data   RO         1154    .constdata          nrfx_spi.o
    0x0002e59c   0x0002e59c   0x00000004   PAD
    0x0002e5a0   0x0002e5a0   0x00000028   Data   RO         1299    .constdata          nrf_ads1299.o
    0x0002e5c8   0x0002e5c8   0x00000018   Data   RO         1469    .constdata          nrfx_twi.o
    0x0002e5e0   0x0002e5e0   0x00000006   Data   RO         1628    .constdata          nrf_drv_twi.o
    0x0002e5e6   0x0002e5e6   0x00000002   PAD
    0x0002e5e8   0x0002e5e8   0x00000020   Data   RO         1695    .constdata          nrf_lsm6dsl.o
    0x0002e608   0x0002e608   0x00000008   Data   RO         3323    .constdata          boards.o
    0x0002e610   0x0002e610   0x0000002c   Data   RO         3431    .constdata          bsp.o
    0x0002e63c   0x0002e63c   0x00000016   Data   RO         4213    .constdata          nrf_ble_gatt.o
    0x0002e652   0x0002e652   0x00000002   PAD
    0x0002e654   0x0002e654   0x00000010   Data   RO         4353    .constdata          ble_nus.o
    0x0002e664   0x0002e664   0x00000004   Data   RO         5037    .constdata          nrfx_gpiote.o
    0x0002e668   0x0002e668   0x00000008   PAD
    0x0002e670   0x0002e670   0x00000006   Data   RO         5711    .constdata          nrfx_saadc.o
    0x0002e676   0x0002e676   0x00000002   PAD
    0x0002e678   0x0002e678   0x00000014   Data   RO         6164    .constdata          app_timer2.o
    0x0002e68c   0x0002e68c   0x00000004   PAD
    0x0002e690   0x0002e690   0x00000006   Data   RO         6454    .constdata          drv_rtc.o
    0x0002e696   0x0002e696   0x00000010   Data   RO         6994    .constdata          nrf_fprintf_format.o
    0x0002e6a6   0x0002e6a6   0x00000002   PAD
    0x0002e6a8   0x0002e6a8   0x00000018   Data   RO         7114    .constdata          nrf_pwr_mgmt.o
    0x0002e6c0   0x0002e6c0   0x0000000c   Data   RO         7115    .constdata          nrf_pwr_mgmt.o
    0x0002e6cc   0x0002e6cc   0x0000013c   Data   RO         7340    .constdata          nrf_strerror.o
    0x0002e808   0x0002e808   0x0000000c   Data   RO         7533    .constdata          nrf_log_backend_rtt.o
    0x0002e814   0x0002e814   0x0000000c   PAD
    0x0002e820   0x0002e820   0x00000006   Data   RO         7534    .constdata          nrf_log_backend_rtt.o
    0x0002e826   0x0002e826   0x00000002   PAD
    0x0002e828   0x0002e828   0x0000000c   Data   RO         7693    .constdata          nrf_log_frontend.o
    0x0002e834   0x0002e834   0x00000010   Data   RO         8174    .constdata          nrf_sdh.o
    0x0002e844   0x0002e844   0x00000028   Data   RO         8175    .constdata          nrf_sdh.o
    0x0002e86c   0x0002e86c   0x00000010   Data   RO         8176    .constdata          nrf_sdh.o
    0x0002e87c   0x0002e87c   0x00000010   Data   RO         8177    .constdata          nrf_sdh.o
    0x0002e88c   0x0002e88c   0x00000020   Data   RO         8285    .constdata          nrf_sdh_ble.o
    0x0002e8ac   0x0002e8ac   0x00000010   Data   RO         8286    .constdata          nrf_sdh_ble.o
    0x0002e8bc   0x0002e8bc   0x00000010   Data   RO         8336    .constdata          nrf_sdh_soc.o
    0x0002e8cc   0x0002e8cc   0x0000000c   Data   RO         8337    .constdata          nrf_sdh_soc.o
    0x0002e8d8   0x0002e8d8   0x00000018   Data   RO         8377    .constdata          ble_dfu.o
    0x0002e8f0   0x0002e8f0   0x00000081   Data   RO         8642    .constdata          mc_w.l(ctype_o.o)
    0x0002e971   0x0002e971   0x00000003   PAD
    0x0002e974   0x0002e974   0x00000004   Data   RO         8643    .constdata          mc_w.l(ctype_o.o)
    0x0002e978   0x0002e978   0x00000041   Data   RO           46    .conststring        main.o
    0x0002e9b9   0x0002e9b9   0x00000003   PAD
    0x0002e9bc   0x0002e9bc   0x000000a2   Data   RO         4214    .conststring        nrf_ble_gatt.o
    0x0002ea5e   0x0002ea5e   0x00000002   PAD
    0x0002ea60   0x0002ea60   0x000003eb   Data   RO         7341    .conststring        nrf_strerror.o
    0x0002ee4b   0x0002ee4b   0x00000001   PAD
    0x0002ee4c   0x0002ee4c   0x00000066   Data   RO         7855    .conststring        nrf_log_str_formatter.o
    0x0002eeb2   0x0002eeb2   0x00000002   PAD
    0x0002eeb4   0x0002eeb4   0x000001cf   Data   RO         8287    .conststring        nrf_sdh_ble.o
    0x0002f083   0x0002f083   0x00000001   PAD
    0x0002f084   0x0002f084   0x000000ce   Data   RO         8496    .conststring        ble_dfu_unbonded.o
    0x0002f152   0x0002f152   0x00000002   PAD
    0x0002f154   0x0002f154   0x00000004   Data   RO         1156    .conststrlit        nrfx_spi.o
    0x0002f158   0x0002f158   0x00000004   Data   RO         1472    .conststrlit        nrfx_twi.o
    0x0002f15c   0x0002f15c   0x0000000d   Data   RO         4215    .conststrlit        nrf_ble_gatt.o
    0x0002f169   0x0002f169   0x00000003   PAD
    0x0002f16c   0x0002f16c   0x00000008   Data   RO         4354    .conststrlit        ble_nus.o
    0x0002f174   0x0002f174   0x00000008   Data   RO         4412    .conststrlit        ble_bas.o
    0x0002f17c   0x0002f17c   0x00000006   Data   RO         4533    .conststrlit        nrf_drv_clock.o
    0x0002f182   0x0002f182   0x00000002   PAD
    0x0002f184   0x0002f184   0x00000006   Data   RO         4878    .conststrlit        nrfx_clock.o
    0x0002f18a   0x0002f18a   0x00000002   PAD
    0x0002f18c   0x0002f18c   0x00000007   Data   RO         5041    .conststrlit        nrfx_gpiote.o
    0x0002f193   0x0002f193   0x00000001   PAD
    0x0002f194   0x0002f194   0x00000004   Data   RO         5300    .conststrlit        nrfx_prs.o
    0x0002f198   0x0002f198   0x00000005   Data   RO         5380    .conststrlit        nrfx_uart.o
    0x0002f19d   0x0002f19d   0x00000003   PAD
    0x0002f1a0   0x0002f1a0   0x00000006   Data   RO         5558    .conststrlit        nrfx_uarte.o
    0x0002f1a6   0x0002f1a6   0x00000002   PAD
    0x0002f1a8   0x0002f1a8   0x00000006   Data   RO         5719    .conststrlit        nrfx_saadc.o
    0x0002f1ae   0x0002f1ae   0x00000002   PAD
    0x0002f1b0   0x0002f1b0   0x0000000b   Data   RO         5854    .conststrlit        app_button.o
    0x0002f1bb   0x0002f1bb   0x00000001   PAD
    0x0002f1bc   0x0002f1bc   0x0000000a   Data   RO         6165    .conststrlit        app_timer2.o
    0x0002f1c6   0x0002f1c6   0x00000002   PAD
    0x0002f1c8   0x0002f1c8   0x00000009   Data   RO         7116    .conststrlit        nrf_pwr_mgmt.o
    0x0002f1d1   0x0002f1d1   0x00000003   PAD
    0x0002f1d4   0x0002f1d4   0x00000009   Data   RO         7287    .conststrlit        nrf_sortlist.o
    0x0002f1dd   0x0002f1dd   0x00000003   PAD
    0x0002f1e0   0x0002f1e0   0x00000010   Data   RO         7628    .conststrlit        nrf_log_default_backends.o
    0x0002f1f0   0x0002f1f0   0x00000004   Data   RO         7694    .conststrlit        nrf_log_frontend.o
    0x0002f1f4   0x0002f1f4   0x00000008   Data   RO         8178    .conststrlit        nrf_sdh.o
    0x0002f1fc   0x0002f1fc   0x0000000c   Data   RO         8288    .conststrlit        nrf_sdh_ble.o
    0x0002f208   0x0002f208   0x0000000c   Data   RO         8338    .conststrlit        nrf_sdh_soc.o
    0x0002f214   0x0002f214   0x00000020   Data   RO         8729    Region$$Table       anon$$obj.o
    0x0002f234   0x0002f234   0x00000010   Data   RO         7630    log_backends        nrf_log_default_backends.o
    0x0002f244   0x0002f244   0x00000008   Data   RO         1157    log_const_data      nrfx_spi.o
    0x0002f24c   0x0002f24c   0x00000008   Data   RO         1473    log_const_data      nrfx_twi.o
    0x0002f254   0x0002f254   0x00000008   Data   RO         4216    log_const_data      nrf_ble_gatt.o
    0x0002f25c   0x0002f25c   0x00000008   Data   RO         4355    log_const_data      ble_nus.o
    0x0002f264   0x0002f264   0x00000008   Data   RO         4413    log_const_data      ble_bas.o
    0x0002f26c   0x0002f26c   0x00000008   Data   RO         4534    log_const_data      nrf_drv_clock.o
    0x0002f274   0x0002f274   0x00000008   Data   RO         4880    log_const_data      nrfx_clock.o
    0x0002f27c   0x0002f27c   0x00000008   Data   RO         5042    log_const_data      nrfx_gpiote.o
    0x0002f284   0x0002f284   0x00000008   Data   RO         5302    log_const_data      nrfx_prs.o
    0x0002f28c   0x0002f28c   0x00000008   Data   RO         5381    log_const_data      nrfx_uart.o
    0x0002f294   0x0002f294   0x00000008   Data   RO         5559    log_const_data      nrfx_uarte.o
    0x0002f29c   0x0002f29c   0x00000008   Data   RO         5720    log_const_data      nrfx_saadc.o
    0x0002f2a4   0x0002f2a4   0x00000008   Data   RO         5856    log_const_data      app_button.o
    0x0002f2ac   0x0002f2ac   0x00000008   Data   RO         6168    log_const_data      app_timer2.o
    0x0002f2b4   0x0002f2b4   0x00000008   Data   RO         7118    log_const_data      nrf_pwr_mgmt.o
    0x0002f2bc   0x0002f2bc   0x00000008   Data   RO         7288    log_const_data      nrf_sortlist.o
    0x0002f2c4   0x0002f2c4   0x00000008   Data   RO         7698    log_const_data      nrf_log_frontend.o
    0x0002f2cc   0x0002f2cc   0x00000008   Data   RO         8180    log_const_data      nrf_sdh.o
    0x0002f2d4   0x0002f2d4   0x00000008   Data   RO         8290    log_const_data      nrf_sdh_ble.o
    0x0002f2dc   0x0002f2dc   0x00000008   Data   RO         8339    log_const_data      nrf_sdh_soc.o
    0x0002f2e4   0x0002f2e4   0x00000014   Data   RO         7699    nrf_balloc          nrf_log_frontend.o
    0x0002f2f8   0x0002f2f8   0x00000014   Data   RO           51    nrf_queue           main.o
    0x0002f30c   0x0002f30c   0x00000004   Data   RO           52    pwr_mgmt_data0      main.o
    0x0002f310   0x0002f310   0x00000008   Data   RO         3969    sdh_ble_observers0  ble_conn_state.o
    0x0002f318   0x0002f318   0x00000010   Data   RO           53    sdh_ble_observers1  main.o
    0x0002f328   0x0002f328   0x00000008   Data   RO         3537    sdh_ble_observers1  bsp_btn_ble.o
    0x0002f330   0x0002f330   0x00000008   Data   RO         3874    sdh_ble_observers1  ble_conn_params.o
    0x0002f338   0x0002f338   0x00000018   Data   RO           54    sdh_ble_observers2  main.o
    0x0002f350   0x0002f350   0x00000008   Data   RO         8378    sdh_ble_observers2  ble_dfu.o
    0x0002f358   0x0002f358   0x00000008   Data   RO           55    sdh_ble_observers3  main.o
    0x0002f360   0x0002f360   0x00000008   Data   RO         4535    sdh_soc_observers0  nrf_drv_clock.o
    0x0002f368   0x0002f368   0x00000008   Data   RO         8498    sdh_soc_observers1  ble_dfu_unbonded.o
    0x0002f370   0x0002f370   0x00000008   Data   RO         8291    sdh_stack_observers0  nrf_sdh_ble.o
    0x0002f378   0x0002f378   0x00000008   Data   RO         8340    sdh_stack_observers0  nrf_sdh_soc.o
    0x0002f380   0x0002f380   0x00000008   Data   RO           56    sdh_state_observers0  main.o
    0x0002f388   0x0002f388   0x00000008   Data   RO         4536    sdh_state_observers0  nrf_drv_clock.o


    Execution Region RW_IRAM1 (Exec base: 0x20004fe0, Load base: 0x0002f390, Size: 0x00004798, Max: 0x0000a040, ABSOLUTE, COMPRESSED[0x00000064])

    Exec Addr    Load Addr    Size         Type   Attr      Idx    E Section Name        Object

    0x20004fe0   COMPRESSED   0x00000004   Data   RW           47    .data               main.o
    0x20004fe4   COMPRESSED   0x00000178   Data   RW           48    .data               main.o
    0x2000515c   COMPRESSED   0x00000008   Data   RW           49    .data               main.o
    0x20005164   COMPRESSED   0x00000004   Data   RW           50    .data               main.o
    0x20005168   COMPRESSED   0x00000010   Data   RW         1629    .data               nrf_drv_twi.o
    0x20005178   COMPRESSED   0x00000010   Data   RW         3432    .data               bsp.o
    0x20005188   COMPRESSED   0x00000008   Data   RW         3536    .data               bsp_btn_ble.o
    0x20005190   COMPRESSED   0x00000001   Data   RW         3762    .data               ble_advertising.o
    0x20005191   COMPRESSED   0x00000001   PAD
    0x20005192   COMPRESSED   0x00000008   Data   RW         3873    .data               ble_conn_params.o
    0x2000519a   COMPRESSED   0x0000004a   Data   RW         4470    .data               my_ble_dis.o
    0x200051e4   COMPRESSED   0x00000008   Data   RW         4879    .data               nrfx_clock.o
    0x200051ec   COMPRESSED   0x00000008   Data   RW         5301    .data               nrfx_prs.o
    0x200051f4   COMPRESSED   0x00000004   PAD
    0x200051f8   COMPRESSED   0x00000020   Data   RW         6166    .data               app_timer2.o
    0x20005218   COMPRESSED   0x00000004   Data   RW         6167    .data               app_timer2.o
    0x2000521c   COMPRESSED   0x0000000c   Data   RW         6455    .data               drv_rtc.o
    0x20005228   COMPRESSED   0x00000008   Data   RW         7117    .data               nrf_pwr_mgmt.o
    0x20005230   COMPRESSED   0x00000001   Data   RW         7535    .data               nrf_log_backend_rtt.o
    0x20005231   COMPRESSED   0x00000003   PAD
    0x20005234   COMPRESSED   0x00000008   Data   RW         7629    .data               nrf_log_default_backends.o
    0x2000523c   COMPRESSED   0x00000004   Data   RW         7695    .data               nrf_log_frontend.o
    0x20005240   COMPRESSED   0x00000008   Data   RW         7696    .data               nrf_log_frontend.o
    0x20005248   COMPRESSED   0x00000008   Data   RW         7697    .data               nrf_log_frontend.o
    0x20005250   COMPRESSED   0x00000040   Data   RW         7856    .data               nrf_log_str_formatter.o
    0x20005290   COMPRESSED   0x00000003   Data   RW         8179    .data               nrf_sdh.o
    0x20005293   COMPRESSED   0x00000001   Data   RW         8289    .data               nrf_sdh_ble.o
    0x20005294   COMPRESSED   0x00000004   Data   RW         8497    .data               ble_dfu_unbonded.o
    0x20005298   COMPRESSED   0x00000004   Data   RW         8588    .data               system_nrf52.o
    0x2000529c        -       0x00000028   Zero   RW           38    .bss                main.o
    0x200052c4        -       0x00000024   Zero   RW           39    .bss                main.o
    0x200052e8        -       0x00000020   Zero   RW           40    .bss                main.o
    0x20005308        -       0x00000020   Zero   RW           41    .bss                main.o
    0x20005328        -       0x000015c4   Zero   RW           42    .bss                main.o
    0x200068ec        -       0x000000f8   Zero   RW           43    .bss                main.o
    0x200069e4        -       0x0000000c   Zero   RW           44    .bss                main.o
    0x200069f0        -       0x00000018   Zero   RW         1094    .bss                nrf_drv_spi.o
    0x20006a08        -       0x0000002c   Zero   RW         1152    .bss                nrfx_spi.o
    0x20006a34        -       0x00000218   Zero   RW         1298    .bss                nrf_ads1299.o
    0x20006c4c        -       0x0000003c   Zero   RW         1467    .bss                nrfx_twi.o
    0x20006c88        -       0x00000020   Zero   RW         3427    .bss                bsp.o
    0x20006ca8        -       0x00000020   Zero   RW         3428    .bss                bsp.o
    0x20006cc8        -       0x0000000c   Zero   RW         3429    .bss                bsp.o
    0x20006cd4   COMPRESSED   0x00000004   PAD
    0x20006cd8        -       0x00000020   Zero   RW         3430    .bss                bsp.o
    0x20006cf8        -       0x00000050   Zero   RW         3872    .bss                ble_conn_params.o
    0x20006d48        -       0x0000007c   Zero   RW         3968    .bss                ble_conn_state.o
    0x20006dc4        -       0x00000014   Zero   RW         4528    .bss                nrf_drv_clock.o
    0x20006dd8        -       0x00000068   Zero   RW         5036    .bss                nrfx_gpiote.o
    0x20006e40        -       0x00000030   Zero   RW         5710    .bss                nrfx_saadc.o
    0x20006e70        -       0x00000010   Zero   RW         6162    .bss                app_timer2.o
    0x20006e80        -       0x00000058   Zero   RW         6163    .bss                app_timer2.o
    0x20006ed8        -       0x0000000c   Zero   RW         6369    .bss                app_util_platform.o
    0x20006ee4        -       0x0000000c   Zero   RW         7113    .bss                nrf_pwr_mgmt.o
    0x20006ef0        -       0x00000040   Zero   RW         7532    .bss                nrf_log_backend_rtt.o
    0x20006f30        -       0x000000c0   Zero   RW         7689    .bss                nrf_log_frontend.o
    0x20006ff0        -       0x00000080   Zero   RW         7690    .bss                nrf_log_frontend.o
    0x20007070        -       0x00000018   Zero   RW         7691    .bss                nrf_log_frontend.o
    0x20007088        -       0x00000420   Zero   RW         7692    .bss                nrf_log_frontend.o
    0x200074a8        -       0x00000288   Zero   RW         7932    .bss                segger_rtt.o
    0x20007730        -       0x0000001c   Zero   RW         8376    .bss                ble_dfu.o
    0x2000774c        -       0x00000028   Zero   RW         8495    .bss                ble_dfu_unbonded.o
    0x20007774   COMPRESSED   0x00000004   PAD
    0x20007778        -       0x00002000   Zero   RW         8576    STACK               arm_startup_nrf52.o


==============================================================================

Image component sizes


      Code (inc. data)   RO Data    RW Data    ZI Data      Debug   Object Name

         0          0         19          0          0       1843   app_button.o
        22          0          0          0          0       2525   app_error.o
       132         46          0          0          0      34133   app_error_weak.o
       866         94         38         36        104      17322   app_timer2.o
       124         14          0          0         12      10690   app_util_platform.o
        36          8        512          0       8192        936   arm_startup_nrf52.o
      1338          0          0          0          0      53460   ble_advdata.o
      1052         14          0          1          0      18881   ble_advertising.o
       502          0         16          0          0       6511   ble_bas.o
       636         44          8          8         80      12751   ble_conn_params.o
       506         24          8          0        124      10905   ble_conn_state.o
       478         36         32          0         28      18960   ble_dfu.o
         0          0          0          0          0       5332   ble_dfu_bonded.o
       476         42        214          4         40       7458   ble_dfu_unbonded.o
        72          0          0          0          0       2824   ble_link_ctx_manager.o
       678          6         32          0          0       8936   ble_nus.o
       664          6          0          0          0       6620   ble_srv_common.o
       194         26          8          0          0      10571   boards.o
       740         60         44         16        108      13857   bsp.o
       166          6          8          8          0       4768   bsp_btn_ble.o
       376          0          0          0          0      18674   driver_bat.o
       288         28          6          0          0      10794   driver_key.o
       430         30          0          0          0     113803   driver_led.o
       256          4          6          0          0      10185   driver_power.o
       704         76          6         12          0      48065   drv_rtc.o
        48         12          0          0          0       1315   lsm6dsltr.o
      3730        674        194        392       5972     254072   main.o
       530         12          0         74          0       6451   my_ble_dis.o
      1352         50         40          0        536      27287   nrf_ads1299.o
       326          0          0          0          0       5963   nrf_atfifo.o
        64          0          0          0          0       3040   nrf_atflags.o
       306          0          0          0          0       8055   nrf_atomic.o
       164          0          0          0          0       3640   nrf_balloc.o
       950        272        205          0          0      38053   nrf_ble_gatt.o
       276          0          0          0          0       6221   nrf_ble_qwr.o
       380        236          0          0          0       1734   nrf_dfu_svci.o
       312         36         30          0         20      47572   nrf_drv_clock.o
        96         14          0          0         24      14391   nrf_drv_spi.o
       328         16          6         16          0      14139   nrf_drv_twi.o
        50          0          0          0          0       3541   nrf_fprintf.o
       866          4         16          0          0       6570   nrf_fprintf_format.o
       112         18         18          1         64       5637   nrf_log_backend_rtt.o
       200          0          0          0          0      10933   nrf_log_backend_serial.o
        28          4         32          8          0       3349   nrf_log_default_backends.o
      1478        128         44         20       1400      29906   nrf_log_frontend.o
       570        108        102         64          0       5676   nrf_log_str_formatter.o
       786         54         32          0          0      13871   nrf_lsm6dsl.o
       346          0          0          0          0       9599   nrf_memobj.o
       292         42         53          8         12      44166   nrf_pwr_mgmt.o
       406          0          0          0          0       6435   nrf_queue.o
        28          0          0          0          0       2375   nrf_ringbuf.o
       384         46        104          3          0      42811   nrf_sdh.o
       728        234        539          1          0       5941   nrf_sdh_ble.o
        60          4         56          0          0       2480   nrf_sdh_soc.o
        78          0          0          0          0       2788   nrf_section_iter.o
        84          0         17          0          0       4129   nrf_sortlist.o
        76         10       1319          0          0       2755   nrf_strerror.o
       242         32         14          8          0      13653   nrfx_clock.o
      1228        100         19          0        104      64419   nrfx_gpiote.o
       112         16         12          8          0       4512   nrfx_prs.o
      1256         98         20          0         48      22526   nrfx_saadc.o
       992         26         16          0         44      56180   nrfx_spi.o
      1786         60         36          0         60      31012   nrfx_twi.o
         0          0         13          0          0       7384   nrfx_uart.o
         0          0         14          0          0      10722   nrfx_uarte.o
       378         34          0          0        648       9025   segger_rtt.o
       908         72          0          4          0      13455   system_nrf52.o

    ----------------------------------------------------------------------
     33156       2976       4040        700      17628    1318587   Object Totals
         0          0         32          0          0          0   (incl. Generated)
        84          0        100          8          8          0   (incl. Padding)

    ----------------------------------------------------------------------

      Code (inc. data)   RO Data    RW Data    ZI Data      Debug   Library Member Name

        86          0          0          0          0          0   __dczerorl2.o
         8          4        133          0          0         68   ctype_o.o
         0          0          0          0          0          0   entry.o
         0          0          0          0          0          0   entry10a.o
         0          0          0          0          0          0   entry11a.o
         8          4          0          0          0          0   entry2.o
         4          0          0          0          0          0   entry5.o
         0          0          0          0          0          0   entry7b.o
         0          0          0          0          0          0   entry8b.o
         8          4          0          0          0          0   entry9a.o
        30          0          0          0          0          0   handlers.o
        36          8          0          0          0         68   init.o
        30          0          0          0          0         68   llshl.o
        32          0          0          0          0         68   llushr.o
        36          0          0          0          0         68   memcpya.o
        36          0          0          0          0        108   memseta.o
        18          0          0          0          0         68   strcpy.o
        14          0          0          0          0         68   strlen.o
        98          0          0          0          0         92   uldiv.o

    ----------------------------------------------------------------------
       444         20        136          0          0        676   Library Totals
         0          0          3          0          0          0   (incl. Padding)

    ----------------------------------------------------------------------

      Code (inc. data)   RO Data    RW Data    ZI Data      Debug   Library Name

       444         20        133          0          0        676   mc_w.l

    ----------------------------------------------------------------------
       444         20        136          0          0        676   Library Totals

    ----------------------------------------------------------------------

==============================================================================


      Code (inc. data)   RO Data    RW Data    ZI Data      Debug   

     33600       2996       4176        700      17628    1279239   Grand Totals
     33600       2996       4176        100      17628    1279239   ELF Image Totals (compressed)
     33600       2996       4176        100          0          0   ROM Totals

==============================================================================

    Total RO  Size (Code + RO Data)                37776 (  36.89kB)
    Total RW  Size (RW Data + ZI Data)             18328 (  17.90kB)
    Total ROM Size (Code + RO Data + RW Data)      37876 (  36.99kB)

==============================================================================

