Component: ARM Compiler 5.06 update 6 (build 750) Tool: armlink [4d35ed]

==============================================================================

Section Cross References

    startup_stm32f411xe.o(RESET) refers to startup_stm32f411xe.o(STACK) for __initial_sp
    startup_stm32f411xe.o(RESET) refers to startup_stm32f411xe.o(.text) for Reset_Handler
    startup_stm32f411xe.o(RESET) refers to stm32f4xx_it.o(i.NMI_Handler) for NMI_Handler
    startup_stm32f411xe.o(RESET) refers to stm32f4xx_it.o(i.HardFault_Handler) for HardFault_Handler
    startup_stm32f411xe.o(RESET) refers to stm32f4xx_it.o(i.MemManage_Handler) for MemManage_Handler
    startup_stm32f411xe.o(RESET) refers to stm32f4xx_it.o(i.BusFault_Handler) for BusFault_Handler
    startup_stm32f411xe.o(RESET) refers to stm32f4xx_it.o(i.UsageFault_Handler) for UsageFault_Handler
    startup_stm32f411xe.o(RESET) refers to stm32f4xx_it.o(i.SVC_Handler) for SVC_Handler
    startup_stm32f411xe.o(RESET) refers to stm32f4xx_it.o(i.DebugMon_Handler) for DebugMon_Handler
    startup_stm32f411xe.o(RESET) refers to stm32f4xx_it.o(i.PendSV_Handler) for PendSV_Handler
    startup_stm32f411xe.o(RESET) refers to stm32f4xx_it.o(i.SysTick_Handler) for SysTick_Handler
    startup_stm32f411xe.o(RESET) refers to stm32f4xx_it.o(i.EXTI0_IRQHandler) for EXTI0_IRQHandler
    startup_stm32f411xe.o(RESET) refers to stm32f4xx_it.o(i.EXTI2_IRQHandler) for EXTI2_IRQHandler
    startup_stm32f411xe.o(RESET) refers to stm32f4xx_it.o(i.EXTI4_IRQHandler) for EXTI4_IRQHandler
    startup_stm32f411xe.o(RESET) refers to stm32f4xx_it.o(i.TIM1_BRK_TIM9_IRQHandler) for TIM1_BRK_TIM9_IRQHandler
    startup_stm32f411xe.o(RESET) refers to stm32f4xx_it.o(i.TIM1_UP_TIM10_IRQHandler) for TIM1_UP_TIM10_IRQHandler
    startup_stm32f411xe.o(RESET) refers to stm32f4xx_it.o(i.TIM1_TRG_COM_TIM11_IRQHandler) for TIM1_TRG_COM_TIM11_IRQHandler
    startup_stm32f411xe.o(RESET) refers to stm32f4xx_it.o(i.TIM3_IRQHandler) for TIM3_IRQHandler
    startup_stm32f411xe.o(RESET) refers to stm32f4xx_it.o(i.TIM4_IRQHandler) for TIM4_IRQHandler
    startup_stm32f411xe.o(RESET) refers to stm32f4xx_it.o(i.USART1_IRQHandler) for USART1_IRQHandler
    startup_stm32f411xe.o(RESET) refers to stm32f4xx_it.o(i.TIM5_IRQHandler) for TIM5_IRQHandler
    startup_stm32f411xe.o(RESET) refers to stm32f4xx_it.o(i.DMA2_Stream0_IRQHandler) for DMA2_Stream0_IRQHandler
    startup_stm32f411xe.o(RESET) refers to stm32f4xx_it.o(i.DMA2_Stream7_IRQHandler) for DMA2_Stream7_IRQHandler
    startup_stm32f411xe.o(.text) refers to system_stm32f4xx.o(i.SystemInit) for SystemInit
    startup_stm32f411xe.o(.text) refers to entry.o(.ARM.Collect$$$$00000000) for __main
    main.o(i.Error_Handler) refers to led.o(i.Close_LED) for Close_LED
    main.o(i.Error_Handler) refers to led.o(i.Open_LED) for Open_LED
    main.o(i.Error_Handler) refers to stm32f4xx_hal.o(i.HAL_Delay) for HAL_Delay
    main.o(i.HAL_TIM_PeriodElapsedCallback) refers to exit_work.o(i.htim3_work_serve) for htim3_work_serve
    main.o(i.HAL_TIM_PeriodElapsedCallback) refers to exit_work.o(i.htim9_work_serve) for htim9_work_serve
    main.o(i.HAL_TIM_PeriodElapsedCallback) refers to adc_data.o(i.get_ADCdata) for get_ADCdata
    main.o(i.HAL_TIM_PeriodElapsedCallback) refers to stm32f4xx_hal_uart.o(i.HAL_UART_Transmit_DMA) for HAL_UART_Transmit_DMA
    main.o(i.HAL_TIM_PeriodElapsedCallback) refers to main.o(i.IsUART1_Send_Idle) for IsUART1_Send_Idle
    main.o(i.HAL_TIM_PeriodElapsedCallback) refers to adc_data.o(i.Get_ADCdata_With_IMU) for Get_ADCdata_With_IMU
    main.o(i.HAL_TIM_PeriodElapsedCallback) refers to exit_work.o(i.htim11_work_serve) for htim11_work_serve
    main.o(i.HAL_TIM_PeriodElapsedCallback) refers to tim.o(.bss) for htim3
    main.o(i.HAL_TIM_PeriodElapsedCallback) refers to main.o(.data) for .data
    main.o(i.HAL_TIM_PeriodElapsedCallback) refers to adc_data.o(.data) for Emg_Data_Sent
    main.o(i.HAL_TIM_PeriodElapsedCallback) refers to usart.o(.bss) for huart1
    main.o(i.HAL_UART_RxCpltCallback) refers to stm32f4xx_hal_uart.o(i.HAL_UART_Receive_IT) for HAL_UART_Receive_IT
    main.o(i.HAL_UART_RxCpltCallback) refers to usart.o(.bss) for huart1
    main.o(i.HAL_UART_RxCpltCallback) refers to main.o(.data) for .data
    main.o(i.IsUART1_Send_Idle) refers to stm32f4xx_hal_uart.o(i.HAL_UART_GetState) for HAL_UART_GetState
    main.o(i.IsUART1_Send_Idle) refers to usart.o(.bss) for huart1
    main.o(i.SystemClock_Config) refers to memseta.o(.text) for __aeabi_memclr4
    main.o(i.SystemClock_Config) refers to stm32f4xx_hal_rcc.o(i.HAL_RCC_OscConfig) for HAL_RCC_OscConfig
    main.o(i.SystemClock_Config) refers to stm32f4xx_hal_rcc.o(i.HAL_RCC_ClockConfig) for HAL_RCC_ClockConfig
    main.o(i.SystemClock_Config) refers to main.o(i.Error_Handler) for Error_Handler
    main.o(i.main) refers to stm32f4xx_hal.o(i.HAL_Init) for HAL_Init
    main.o(i.main) refers to main.o(i.SystemClock_Config) for SystemClock_Config
[...]
    i.dmp_set_orientation                    0x080053b4   Section        0  inv_mpu_dmp_motion_driver.o(i.dmp_set_orientation)
    i.dmp_set_shake_reject_thresh            0x080054c0   Section        0  inv_mpu_dmp_motion_driver.o(i.dmp_set_shake_reject_thresh)
    i.dmp_set_shake_reject_time              0x080054f0   Section        0  inv_mpu_dmp_motion_driver.o(i.dmp_set_shake_reject_time)
    i.dmp_set_shake_reject_timeout           0x08005510   Section        0  inv_mpu_dmp_motion_driver.o(i.dmp_set_shake_reject_timeout)
    i.dmp_set_tap_axes                       0x08005530   Section        0  inv_mpu_dmp_motion_driver.o(i.dmp_set_tap_axes)
    i.dmp_set_tap_count                      0x08005570   Section        0  inv_mpu_dmp_motion_driver.o(i.dmp_set_tap_count)
    i.dmp_set_tap_thresh                     0x08005594   Section        0  inv_mpu_dmp_motion_driver.o(i.dmp_set_tap_thresh)
    i.dmp_set_tap_time                       0x080056f4   Section        0  inv_mpu_dmp_motion_driver.o(i.dmp_set_tap_time)
    i.dmp_set_tap_time_multi                 0x08005714   Section        0  inv_mpu_dmp_motion_driver.o(i.dmp_set_tap_time_multi)
    i.fabs                                   0x08005734   Section        0  fabs.o(i.fabs)
    i.fputc                                  0x0800574c   Section        0  fputc.o(i.fputc)
    i.get_ADCdata                            0x08005760   Section        0  adc_data.o(i.get_ADCdata)
    i.get_accel_prod_shift                   0x080057f0   Section        0  inv_mpu.o(i.get_accel_prod_shift)
    get_accel_prod_shift                     0x080057f1   Thumb Code   164  inv_mpu.o(i.get_accel_prod_shift)
    i.get_st_biases                          0x080058a4   Section        0  inv_mpu.o(i.get_st_biases)
    get_st_biases                            0x080058a5   Thumb Code   784  inv_mpu.o(i.get_st_biases)
    i.gyro_self_test                         0x08005bb8   Section        0  inv_mpu.o(i.gyro_self_test)
    gyro_self_test                           0x08005bb9   Thumb Code   190  inv_mpu.o(i.gyro_self_test)
    i.htim11_work_serve                      0x08005c8c   Section        0  exit_work.o(i.htim11_work_serve)
    i.htim3_work_serve                       0x08005cec   Section        0  exit_work.o(i.htim3_work_serve)
    i.htim9_work_serve                       0x08005d50   Section        0  exit_work.o(i.htim9_work_serve)
    i.i2cRead                                0x08005de4   Section        0  mpu6050.o(i.i2cRead)
    i.i2cWrite                               0x08005e04   Section        0  mpu6050.o(i.i2cWrite)
    i.inv_orientation_matrix_to_scalar       0x08005e24   Section        0  mpu6050.o(i.inv_orientation_matrix_to_scalar)
    i.inv_row_2_scale                        0x08005e46   Section        0  mpu6050.o(i.inv_row_2_scale)
    i.main                                   0x08005e90   Section        0  main.o(i.main)
    i.mpu_configure_fifo                     0x08005f74   Section        0  inv_mpu.o(i.mpu_configure_fifo)
    i.mpu_get_accel_fsr                      0x08005fc8   Section        0  inv_mpu.o(i.mpu_get_accel_fsr)
    i.mpu_get_accel_sens                     0x08006004   Section        0  inv_mpu.o(i.mpu_get_accel_sens)
    i.mpu_get_gyro_fsr                       0x08006048   Section        0  inv_mpu.o(i.mpu_get_gyro_fsr)
    i.mpu_get_gyro_sens                      0x0800607c   Section        0  inv_mpu.o(i.mpu_get_gyro_sens)
    i.mpu_get_lpf                            0x080060c8   Section        0  inv_mpu.o(i.mpu_get_lpf)
    i.mpu_get_sample_rate                    0x08006100   Section        0  inv_mpu.o(i.mpu_get_sample_rate)
    i.mpu_init                               0x0800611c   Section        0  inv_mpu.o(i.mpu_init)
    i.mpu_load_firmware                      0x080062a4   Section        0  inv_mpu.o(i.mpu_load_firmware)
    i.mpu_lp_accel_mode                      0x08006344   Section        0  inv_mpu.o(i.mpu_lp_accel_mode)
    i.mpu_read_fifo_stream                   0x080063fc   Section        0  inv_mpu.o(i.mpu_read_fifo_stream)
    i.mpu_read_mem                           0x0800648c   Section        0  inv_mpu.o(i.mpu_read_mem)
    i.mpu_reset_fifo                         0x080064e0   Section        0  inv_mpu.o(i.mpu_reset_fifo)
    i.mpu_run_self_test                      0x08006630   Section        0  inv_mpu.o(i.mpu_run_self_test)
    i.mpu_set_accel_fsr                      0x08006720   Section        0  inv_mpu.o(i.mpu_set_accel_fsr)
    i.mpu_set_bypass                         0x08006788   Section        0  inv_mpu.o(i.mpu_set_bypass)
    i.mpu_set_dmp_state                      0x08006864   Section        0  inv_mpu.o(i.mpu_set_dmp_state)
    i.mpu_set_gyro_fsr                       0x080068dc   Section        0  inv_mpu.o(i.mpu_set_gyro_fsr)
    i.mpu_set_int_latched                    0x08006948   Section        0  inv_mpu.o(i.mpu_set_int_latched)
    i.mpu_set_lpf                            0x080069ac   Section        0  inv_mpu.o(i.mpu_set_lpf)
    i.mpu_set_sample_rate                    0x08006a18   Section        0  inv_mpu.o(i.mpu_set_sample_rate)
    i.mpu_set_sensors                        0x08006a98   Section        0  inv_mpu.o(i.mpu_set_sensors)
    i.mpu_write_mem                          0x08006b50   Section        0  inv_mpu.o(i.mpu_write_mem)
    i.myget_ms                               0x08006ba4   Section        0  inv_mpu.o(i.myget_ms)
    i.run_self_test                          0x08006ba6   Section        0  mpu6050.o(i.run_self_test)
    i.set_int_enable                         0x08006c30   Section        0  inv_mpu.o(i.set_int_enable)
    set_int_enable                           0x08006c31   Thumb Code    84  inv_mpu.o(i.set_int_enable)
    i.sqrt                                   0x08006c88   Section        0  sqrt.o(i.sqrt)
    .constdata                               0x08006cf6   Section        8  stm32f4xx_hal_dma.o(.constdata)
    flagBitshiftOffset                       0x08006cf6   Data           8  stm32f4xx_hal_dma.o(.constdata)
    .constdata                               0x08006cfe   Section       16  system_stm32f4xx.o(.constdata)
    .constdata                               0x08006d0e   Section        8  system_stm32f4xx.o(.constdata)
    .constdata                               0x08006d16   Section       12  inv_mpu.o(.constdata)
    .constdata                               0x08006d22   Section       27  inv_mpu.o(.constdata)
    .constdata                               0x08006d40   Section       40  inv_mpu.o(.constdata)
    .constdata                               0x08006d68   Section     3062  inv_mpu_dmp_motion_driver.o(.constdata)
    dmp_memory                               0x08006d68   Data        3062  inv_mpu_dmp_motion_driver.o(.constdata)
    .constdata                               0x08007960   Section       80  asin.o(.constdata)
    pS                                       0x08007960   Data          48  asin.o(.constdata)
    qS                                       0x08007990   Data          32  asin.o(.constdata)
    .constdata                               0x080079b0   Section      152  atan.o(.constdata)
    atanhi                                   0x080079b0   Data          32  atan.o(.constdata)
    atanlo                                   0x080079d0   Data          32  atan.o(.constdata)
    aTodd                                    0x080079f0   Data          40  atan.o(.constdata)
    aTeven                                   0x08007a18   Data          48  atan.o(.constdata)
    .constdata                               0x08007a48   Section        8  qnan.o(.constdata)
    .conststring                             0x08007a50   Section       78  inv_mpu.o(.conststring)
    .data                                    0x20000000   Section        8  main.o(.data)
    .data                                    0x20000008   Section        1  main.o(.data)
    .data                                    0x20000009   Section        1  main.o(.data)
    .data                                    0x2000000a   Section        1  main.o(.data)
    .data                                    0x2000000b   Section        1  main.o(.data)
    .data                                    0x2000000c   Section        6  main.o(.data)
    .data                                    0x20000012   Section        6  main.o(.data)
    .data                                    0x20000018   Section        2  main.o(.data)
    .data                                    0x2000001c   Section        4  main.o(.data)
    .data                                    0x20000020   Section        4  main.o(.data)
    .data                                    0x20000024   Section        4  main.o(.data)
    .data                                    0x20000028   Section        4  main.o(.data)
    .data                                    0x2000002c   Section        4  main.o(.data)
    .data                                    0x20000030   Section        4  main.o(.data)
    .data                                    0x20000034   Section        4  main.o(.data)
    .data                                    0x20000038   Section       12  stm32f4xx_hal.o(.data)
    .data                                    0x20000044   Section        4  system_stm32f4xx.o(.data)
    .data                                    0x20000048   Section       54  adc_data.o(.data)
    .data                                    0x2000007e   Section       16  battery_spy.o(.data)
    .data                                    0x20000090   Section       44  inv_mpu.o(.data)
    st                                       0x20000090   Data          44  inv_mpu.o(.data)
    .data                                    0x200000bc   Section       15  mpu6050.o(.data)
    gyro_orientation                         0x200000c2   Data           9  mpu6050.o(.data)
    .data                                    0x200000cc   Section        4  stdout.o(.data)
    .data                                    0x200000d0   Section        4  errno.o(.data)
    _errno                                   0x200000d0   Data           4  errno.o(.data)
    .bss                                     0x200000d4   Section       80  main.o(.bss)
    .bss                                     0x20000124   Section      168  adc.o(.bss)
    .bss                                     0x200001cc   Section       84  i2c.o(.bss)
    .bss                                     0x20000220   Section      432  tim.o(.bss)
    .bss                                     0x200003d0   Section      164  usart.o(.bss)
    .bss                                     0x20000474   Section       56  adc_data.o(.bss)
    .bss                                     0x200004ac   Section       20  battery_spy.o(.bss)
    .bss                                     0x200004c0   Section       16  inv_mpu_dmp_motion_driver.o(.bss)
    dmp                                      0x200004c0   Data          16  inv_mpu_dmp_motion_driver.o(.bss)
    STACK                                    0x200004d0   Section     1024  startup_stm32f411xe.o(STACK)

    Global Symbols

    Symbol Name                              Value     Ov Type        Size  Object(Section)

    BuildAttributes$$THM_ISAv4$E$P$D$K$B$S$7EM$VFPi3$EXTD16$VFPS$VFMA$PE$A:L22UL41UL21$X:L11$S22US41US21$IEEE1$IW$USESV6$~STKCKD$USESV7$~SHL$OTIME$ROPI$IEEEX$EBA8$MICROLIB$REQ8$PRES8$EABIv2 0x00000000   Number         0  anon$$obj.o ABSOLUTE
    __ARM_use_no_argv                        0x00000000   Number         0  main.o ABSOLUTE
    _printf_a                                0x00000000   Number         0  stubs.o ABSOLUTE
    _printf_c                                0x00000000   Number         0  stubs.o ABSOLUTE
    _printf_charcount                        0x00000000   Number         0  stubs.o ABSOLUTE
    _printf_d                                0x00000000   Number         0  stubs.o ABSOLUTE
    _printf_e                                0x00000000   Number         0  stubs.o ABSOLUTE
    _printf_f                                0x00000000   Number         0  stubs.o ABSOLUTE
    _printf_flags                            0x00000000   Number         0  stubs.o ABSOLUTE
    _printf_fp_dec                           0x00000000   Number         0  stubs.o ABSOLUTE
    _printf_fp_hex                           0x00000000   Number         0  stubs.o ABSOLUTE
    _printf_g                                0x00000000   Number         0  stubs.o ABSOLUTE
    _printf_i                                0x00000000   Number         0  stubs.o ABSOLUTE
    _printf_int_dec                          0x00000000   Number         0  stubs.o ABSOLUTE
    _printf_l                                0x00000000   Number         0  stubs.o ABSOLUTE
    _printf_lc                               0x00000000   Number         0  stubs.o ABSOLUTE
    _printf_ll                               0x00000000   Number         0  stubs.o ABSOLUTE
    _printf_lld                              0x00000000   Number         0  stubs.o ABSOLUTE
    _printf_lli                              0x00000000   Number         0  stubs.o ABSOLUTE
    _printf_llo                              0x00000000   Number         0  stubs.o ABSOLUTE
    _printf_llu                              0x00000000   Number         0  stubs.o ABSOLUTE
    _printf_llx                              0x00000000   Number         0  stubs.o ABSOLUTE
    _printf_longlong_dec                     0x00000000   Number         0  stubs.o ABSOLUTE
    _printf_longlong_hex                     0x00000000   Number         0  stubs.o ABSOLUTE
    _printf_longlong_oct                     0x00000000   Number         0  stubs.o ABSOLUTE
    _printf_ls                               0x00000000   Number         0  stubs.o ABSOLUTE
    _printf_mbtowc                           0x00000000   Number         0  stubs.o ABSOLUTE
    _printf_n                                0x00000000   Number         0  stubs.o ABSOLUTE
    _printf_o                                0x00000000   Number         0  stubs.o ABSOLUTE
    _printf_p                                0x00000000   Number         0  stubs.o ABSOLUTE
    _printf_percent                          0x00000000   Number         0  stubs.o ABSOLUTE
    _printf_pre_padding                      0x00000000   Number         0  stubs.o ABSOLUTE
    _printf_return_value                     0x00000000   Number         0  stubs.o ABSOLUTE
    _printf_s                                0x00000000   Number         0  stubs.o ABSOLUTE
    _printf_sizespec                         0x00000000   Number         0  stubs.o ABSOLUTE
    _printf_str                              0x00000000   Number         0  stubs.o ABSOLUTE
    _printf_truncate_signed                  0x00000000   Number         0  stubs.o ABSOLUTE
    _printf_truncate_unsigned                0x00000000   Number         0  stubs.o ABSOLUTE
    _printf_u                                0x00000000   Number         0  stubs.o ABSOLUTE
    _printf_wc                               0x00000000   Number         0  stubs.o ABSOLUTE
    _printf_wctomb                           0x00000000   Number         0  stubs.o ABSOLUTE
    _printf_widthprec                        0x00000000   Number         0  stubs.o ABSOLUTE
    _printf_x                                0x00000000   Number         0  stubs.o ABSOLUTE
    __cpp_initialize__aeabi_                  - Undefined Weak Reference
    __cxa_finalize                            - Undefined Weak Reference
    __decompress                              - Undefined Weak Reference
    _clock_init                               - Undefined Weak Reference
    _microlib_exit                            - Undefined Weak Reference
    __Vectors_Size                           0x00000198   Number         0  startup_stm32f411xe.o ABSOLUTE
    __Vectors                                0x08000000   Data           4  startup_stm32f411xe.o(RESET)
    __Vectors_End                            0x08000198   Data           0  startup_stm32f411xe.o(RESET)
    __main                                   0x08000199   Thumb Code     0  entry.o(.ARM.Collect$$$$00000000)
    _main_stk                                0x08000199   Thumb Code     0  entry2.o(.ARM.Collect$$$$00000001)
    _main_scatterload                        0x0800019d   Thumb Code     0  entry5.o(.ARM.Collect$$$$00000004)
    __main_after_scatterload                 0x080001a1   Thumb Code     0  entry5.o(.ARM.Collect$$$$00000004)
    _main_clock                              0x080001a1   Thumb Code     0  entry7b.o(.ARM.Collect$$$$00000008)
    _main_cpp_init                           0x080001a1   Thumb Code     0  entry8b.o(.ARM.Collect$$$$0000000A)
    _main_init                               0x080001a1   Thumb Code     0  entry9a.o(.ARM.Collect$$$$0000000B)
    __rt_final_cpp                           0x080001a9   Thumb Code     0  entry10a.o(.ARM.Collect$$$$0000000D)
    __rt_final_exit                          0x080001a9   Thumb Code     0  entry11a.o(.ARM.Collect$$$$0000000F)
    Reset_Handler                            0x080001ad   Thumb Code     8  startup_stm32f411xe.o(.text)
    ADC_IRQHandler                           0x080001c7   Thumb Code     0  startup_stm32f411xe.o(.text)
    DMA1_Stream0_IRQHandler                  0x080001c7   Thumb Code     0  startup_stm32f411xe.o(.text)
    DMA1_Stream1_IRQHandler                  0x080001c7   Thumb Code     0  startup_stm32f411xe.o(.text)
    DMA1_Stream2_IRQHandler                  0x080001c7   Thumb Code     0  startup_stm32f411xe.o(.text)
    DMA1_Stream3_IRQHandler                  0x080001c7   Thumb Code     0  startup_stm32f411xe.o(.text)
    DMA1_Stream4_IRQHandler                  0x080001c7   Thumb Code     0  startup_stm32f411xe.o(.text)
    DMA1_Stream5_IRQHandler                  0x080001c7   Thumb Code     0  startup_stm32f411xe.o(.text)
    DMA1_Stream6_IRQHandler                  0x080001c7   Thumb Code     0  startup_stm32f411xe.o(.text)
    DMA1_Stream7_IRQHandler                  0x080001c7   Thumb Code     0  startup_stm32f411xe.o(.text)
    DMA2_Stream1_IRQHandler                  0x080001c7   Thumb Code     0  startup_stm32f411xe.o(.text)
    DMA2_Stream2_IRQHandler                  0x080001c7   Thumb Code     0  startup_stm32f411xe.o(.text)
    DMA2_Stream3_IRQHandler                  0x080001c7   Thumb Code     0  startup_stm32f411xe.o(.text)
    DMA2_Stream4_IRQHandler                  0x080001c7   Thumb Code     0  startup_stm32f411xe.o(.text)
    DMA2_Stream5_IRQHandler                  0x080001c7   Thumb Code     0  startup_stm32f411xe.o(.text)
    DMA2_Stream6_IRQHandler                  0x080001c7   Thumb Code     0  startup_stm32f411xe.o(.text)
    EXTI15_10_IRQHandler                     0x080001c7   Thumb Code     0  startup_stm32f411xe.o(.text)
    EXTI1_IRQHandler                         0x080001c7   Thumb Code     0  startup_stm32f411xe.o(.text)
    EXTI3_IRQHandler                         0x080001c7   Thumb Code     0  startup_stm32f411xe.o(.text)
    EXTI9_5_IRQHandler                       0x080001c7   Thumb Code     0  startup_stm32f411xe.o(.text)
    FLASH_IRQHandler                         0x080001c7   Thumb Code     0  startup_stm32f411xe.o(.text)
    FPU_IRQHandler                           0x080001c7   Thumb Code     0  startup_stm32f411xe.o(.text)
    I2C1_ER_IRQHandler                       0x080001c7   Thumb Code     0  startup_stm32f411xe.o(.text)
    I2C1_EV_IRQHandler                       0x080001c7   Thumb Code     0  startup_stm32f411xe.o(.text)
    I2C2_ER_IRQHandler                       0x080001c7   Thumb Code     0  startup_stm32f411xe.o(.text)
    I2C2_EV_IRQHandler                       0x080001c7   Thumb Code     0  startup_stm32f411xe.o(.text)
    I2C3_ER_IRQHandler                       0x080001c7   Thumb Code     0  startup_stm32f411xe.o(.text)
    I2C3_EV_IRQHandler                       0x080001c7   Thumb Code     0  startup_stm32f411xe.o(.text)
    OTG_FS_IRQHandler                        0x080001c7   Thumb Code     0  startup_stm32f411xe.o(.text)
    OTG_FS_WKUP_IRQHandler                   0x080001c7   Thumb Code     0  startup_stm32f411xe.o(.text)
    PVD_IRQHandler                           0x080001c7   Thumb Code     0  startup_stm32f411xe.o(.text)
    RCC_IRQHandler                           0x080001c7   Thumb Code     0  startup_stm32f411xe.o(.text)
    RTC_Alarm_IRQHandler                     0x080001c7   Thumb Code     0  startup_stm32f411xe.o(.text)
    RTC_WKUP_IRQHandler                      0x080001c7   Thumb Code     0  startup_stm32f411xe.o(.text)
    SDIO_IRQHandler                          0x080001c7   Thumb Code     0  startup_stm32f411xe.o(.text)
    SPI1_IRQHandler                          0x080001c7   Thumb Code     0  startup_stm32f411xe.o(.text)
    SPI2_IRQHandler                          0x080001c7   Thumb Code     0  startup_stm32f411xe.o(.text)
    SPI3_IRQHandler                          0x080001c7   Thumb Code     0  startup_stm32f411xe.o(.text)
    SPI4_IRQHandler                          0x080001c7   Thumb Code     0  startup_stm32f411xe.o(.text)
    SPI5_IRQHandler                          0x080001c7   Thumb Code     0  startup_stm32f411xe.o(.text)
    TAMP_STAMP_IRQHandler                    0x080001c7   Thumb Code     0  startup_stm32f411xe.o(.text)
    TIM1_CC_IRQHandler                       0x080001c7   Thumb Code     0  startup_stm32f411xe.o(.text)
    TIM2_IRQHandler                          0x080001c7   Thumb Code     0  startup_stm32f411xe.o(.text)
    USART2_IRQHandler                        0x080001c7   Thumb Code     0  startup_stm32f411xe.o(.text)
    USART6_IRQHandler                        0x080001c7   Thumb Code     0  startup_stm32f411xe.o(.text)
    WWDG_IRQHandler                          0x080001c7   Thumb Code     0  startup_stm32f411xe.o(.text)
    __aeabi_uldivmod                         0x080001d1   Thumb Code    98  uldiv.o(.text)
    __aeabi_ldivmod                          0x08000233   Thumb Code    98  ldiv.o(.text)
    __aeabi_memset                           0x08000295   Thumb Code    14  memseta.o(.text)
    __aeabi_memset4                          0x08000295   Thumb Code     0  memseta.o(.text)
    __aeabi_memset8                          0x08000295   Thumb Code     0  memseta.o(.text)
    __aeabi_memclr                           0x080002a3   Thumb Code     4  memseta.o(.text)
    __aeabi_memclr4                          0x080002a3   Thumb Code     0  memseta.o(.text)
    __aeabi_memclr8                          0x080002a3   Thumb Code     0  memseta.o(.text)
    _memset$wrapper                          0x080002a7   Thumb Code    18  memseta.o(.text)
    memcmp                                   0x080002b9   Thumb Code    26  memcmp.o(.text)
    __aeabi_dadd                             0x080002d3   Thumb Code   322  dadd.o(.text)
    __aeabi_dsub                             0x08000415   Thumb Code     6  dadd.o(.text)
    __aeabi_drsub                            0x0800041b   Thumb Code     6  dadd.o(.text)
    __aeabi_dmul                             0x08000421   Thumb Code   228  dmul.o(.text)
    __aeabi_ddiv                             0x08000505   Thumb Code   222  ddiv.o(.text)
    __aeabi_f2d                              0x080005e3   Thumb Code    38  f2d.o(.text)
    __aeabi_d2f                              0x08000609   Thumb Code    56  d2f.o(.text)
    __aeabi_uidiv                            0x08000641   Thumb Code     0  uidiv.o(.text)
    __aeabi_uidivmod                         0x08000641   Thumb Code    44  uidiv.o(.text)
    __aeabi_llsl                             0x0800066d   Thumb Code    30  llshl.o(.text)
    _ll_shift_l                              0x0800066d   Thumb Code     0  llshl.o(.text)
    __aeabi_llsr                             0x0800068b   Thumb Code    32  llushr.o(.text)
    _ll_ushift_r                             0x0800068b   Thumb Code     0  llushr.o(.text)
    __aeabi_lasr                             0x080006ab   Thumb Code    36  llsshr.o(.text)
    _ll_sshift_r                             0x080006ab   Thumb Code     0  llsshr.o(.text)
    __I$use$fp                               0x080006cf   Thumb Code     0  iusefp.o(.text)
    _float_round                             0x080006cf   Thumb Code    18  fepilogue.o(.text)
    _float_epilogue                          0x080006e1   Thumb Code    92  fepilogue.o(.text)
    _double_round                            0x0800073d   Thumb Code    30  depilogue.o(.text)
    _double_epilogue                         0x0800075b   Thumb Code   156  depilogue.o(.text)
    __scatterload                            0x080007f9   Thumb Code    28  init.o(.text)
    __scatterload_rt2                        0x080007f9   Thumb Code     0  init.o(.text)
    __I$use$semihosting$fputc                0x0800081d   Thumb Code     0  iusesemip.o(.text)
    __semihosting_library_function           0x0800081d   Thumb Code     0  semi.o(.text)
    _dsqrt                                   0x0800081d   Thumb Code   162  dsqrt.o(.text)
    BSP_BP_Init                              0x08000a75   Thumb Code    84  app_user.o(i.BSP_BP_Init)
    Bat_Filter                               0x08000ad5   Thumb Code    74  battery_spy.o(i.Bat_Filter)
    Bat_Spy                                  0x08000b2d   Thumb Code    46  battery_spy.o(i.Bat_Spy)
    BusFault_Handler                         0x08000b61   Thumb Code     2  stm32f4xx_it.o(i.BusFault_Handler)
    Charge_Open_init                         0x08000b65   Thumb Code    48  app_user.o(i.Charge_Open_init)
    Close_LED                                0x08000b99   Thumb Code    66  led.o(i.Close_LED)
    DMA2_Stream0_IRQHandler                  0x08000be1   Thumb Code     6  stm32f4xx_it.o(i.DMA2_Stream0_IRQHandler)
    DMA2_Stream7_IRQHandler                  0x08000bed   Thumb Code     6  stm32f4xx_it.o(i.DMA2_Stream7_IRQHandler)
    DMP_init                                 0x08000c9d   Thumb Code   132  mpu6050.o(i.DMP_init)
    DebugMon_Handler                         0x08000d2d   Thumb Code     2  stm32f4xx_it.o(i.DebugMon_Handler)
    EXTI0_IRQHandler                         0x08000d2f   Thumb Code     6  stm32f4xx_it.o(i.EXTI0_IRQHandler)
    EXTI2_IRQHandler                         0x08000d35   Thumb Code     6  stm32f4xx_it.o(i.EXTI2_IRQHandler)
    EXTI4_IRQHandler                         0x08000d3b   Thumb Code     6  stm32f4xx_it.o(i.EXTI4_IRQHandler)
    Error_Handler                            0x08000d41   Thumb Code    52  main.o(i.Error_Handler)
    Get_ADCdata_With_IMU                     0x08000d79   Thumb Code   156  adc_data.o(i.Get_ADCdata_With_IMU)
    HAL_ADC_ConfigChannel                    0x08000e29   Thumb Code   334  stm32f4xx_hal_adc.o(i.HAL_ADC_ConfigChannel)
    HAL_ADC_ConvCpltCallback                 0x08000f8d   Thumb Code     2  stm32f4xx_hal_adc.o(i.HAL_ADC_ConvCpltCallback)
    HAL_ADC_ConvHalfCpltCallback             0x08000f8f   Thumb Code     2  stm32f4xx_hal_adc.o(i.HAL_ADC_ConvHalfCpltCallback)
    HAL_ADC_ErrorCallback                    0x08000f91   Thumb Code     2  stm32f4xx_hal_adc.o(i.HAL_ADC_ErrorCallback)
    HAL_ADC_Init                             0x08000f93   Thumb Code    84  stm32f4xx_hal_adc.o(i.HAL_ADC_Init)
    HAL_ADC_MspInit                          0x08000fe9   Thumb Code   162  adc.o(i.HAL_ADC_MspInit)
    HAL_ADC_Start_DMA                        0x080010a5   Thumb Code   262  stm32f4xx_hal_adc.o(i.HAL_ADC_Start_DMA)
    HAL_DMA_Abort                            0x080011c9   Thumb Code   146  stm32f4xx_hal_dma.o(i.HAL_DMA_Abort)
    HAL_DMA_Abort_IT                         0x0800125b   Thumb Code    36  stm32f4xx_hal_dma.o(i.HAL_DMA_Abort_IT)
    HAL_DMA_DeInit                           0x0800127f   Thumb Code    98  stm32f4xx_hal_dma.o(i.HAL_DMA_DeInit)
    HAL_DMA_IRQHandler                       0x080012e1   Thumb Code   412  stm32f4xx_hal_dma.o(i.HAL_DMA_IRQHandler)
    HAL_DMA_Init                             0x08001481   Thumb Code   206  stm32f4xx_hal_dma.o(i.HAL_DMA_Init)
    HAL_DMA_Start_IT                         0x08001555   Thumb Code   110  stm32f4xx_hal_dma.o(i.HAL_DMA_Start_IT)
    HAL_Delay                                0x080015c5   Thumb Code    32  stm32f4xx_hal.o(i.HAL_Delay)
    HAL_GPIO_DeInit                          0x080015e9   Thumb Code   270  stm32f4xx_hal_gpio.o(i.HAL_GPIO_DeInit)
    HAL_GPIO_EXTI_Callback                   0x08001715   Thumb Code   160  exit_work.o(i.HAL_GPIO_EXTI_Callback)
    HAL_GPIO_EXTI_IRQHandler                 0x080017c9   Thumb Code    18  stm32f4xx_hal_gpio.o(i.HAL_GPIO_EXTI_IRQHandler)
    HAL_GPIO_Init                            0x080017e1   Thumb Code   446  stm32f4xx_hal_gpio.o(i.HAL_GPIO_Init)
    HAL_GPIO_TogglePin                       0x080019c1   Thumb Code    16  stm32f4xx_hal_gpio.o(i.HAL_GPIO_TogglePin)
    HAL_GPIO_WritePin                        0x080019d1   Thumb Code    10  stm32f4xx_hal_gpio.o(i.HAL_GPIO_WritePin)
    HAL_GetTick                              0x080019dd   Thumb Code     6  stm32f4xx_hal.o(i.HAL_GetTick)
    HAL_I2C_Init                             0x080019e9   Thumb Code   376  stm32f4xx_hal_i2c.o(i.HAL_I2C_Init)
    HAL_I2C_Mem_Read                         0x08001b71   Thumb Code   490  stm32f4xx_hal_i2c.o(i.HAL_I2C_Mem_Read)
    HAL_I2C_Mem_Write                        0x08001d69   Thumb Code   294  stm32f4xx_hal_i2c.o(i.HAL_I2C_Mem_Write)
    HAL_I2C_MspInit                          0x08001e99   Thumb Code   118  i2c.o(i.HAL_I2C_MspInit)
    HAL_IncTick                              0x08001f1d   Thumb Code    12  stm32f4xx_hal.o(i.HAL_IncTick)
    HAL_Init                                 0x08001f2d   Thumb Code    48  stm32f4xx_hal.o(i.HAL_Init)
    HAL_InitTick                             0x08001f61   Thumb Code    54  stm32f4xx_hal.o(i.HAL_InitTick)
    HAL_MspInit                              0x08001fa1   Thumb Code    42  stm32f4xx_hal_msp.o(i.HAL_MspInit)
    HAL_NVIC_DisableIRQ                      0x08001fd1   Thumb Code    34  stm32f4xx_hal_cortex.o(i.HAL_NVIC_DisableIRQ)
    HAL_NVIC_EnableIRQ                       0x08001ff3   Thumb Code    26  stm32f4xx_hal_cortex.o(i.HAL_NVIC_EnableIRQ)
    HAL_NVIC_SetPriority                     0x0800200d   Thumb Code    60  stm32f4xx_hal_cortex.o(i.HAL_NVIC_SetPriority)
    HAL_NVIC_SetPriorityGrouping             0x0800204d   Thumb Code    26  stm32f4xx_hal_cortex.o(i.HAL_NVIC_SetPriorityGrouping)
    HAL_RCC_ClockConfig                      0x08002071   Thumb Code   288  stm32f4xx_hal_rcc.o(i.HAL_RCC_ClockConfig)
    HAL_RCC_GetPCLK1Freq                     0x080021a5   Thumb Code    20  stm32f4xx_hal_rcc.o(i.HAL_RCC_GetPCLK1Freq)
    HAL_RCC_GetPCLK2Freq                     0x080021c5   Thumb Code    20  stm32f4xx_hal_rcc.o(i.HAL_RCC_GetPCLK2Freq)
    HAL_RCC_GetSysClockFreq                  0x080021e5   Thumb Code    88  stm32f4xx_hal_rcc.o(i.HAL_RCC_GetSysClockFreq)
    HAL_RCC_OscConfig                        0x08002249   Thumb Code   856  stm32f4xx_hal_rcc.o(i.HAL_RCC_OscConfig)
    HAL_SYSTICK_Config                       0x080025b5   Thumb Code    40  stm32f4xx_hal_cortex.o(i.HAL_SYSTICK_Config)
    HAL_TIMEx_BreakCallback                  0x080025dd   Thumb Code     2  stm32f4xx_hal_tim_ex.o(i.HAL_TIMEx_BreakCallback)
    HAL_TIMEx_CommutCallback                 0x080025df   Thumb Code     2  stm32f4xx_hal_tim_ex.o(i.HAL_TIMEx_CommutCallback)
    HAL_TIMEx_MasterConfigSynchronization    0x080025e1   Thumb Code   104  stm32f4xx_hal_tim_ex.o(i.HAL_TIMEx_MasterConfigSynchronization)
    HAL_TIM_Base_Init                        0x0800265d   Thumb Code    90  stm32f4xx_hal_tim.o(i.HAL_TIM_Base_Init)
    HAL_TIM_Base_MspInit                     0x080026b9   Thumb Code   234  tim.o(i.HAL_TIM_Base_MspInit)
    HAL_TIM_Base_Start_IT                    0x080027c1   Thumb Code    88  stm32f4xx_hal_tim.o(i.HAL_TIM_Base_Start_IT)
    HAL_TIM_Base_Stop_IT                     0x0800282d   Thumb Code    48  stm32f4xx_hal_tim.o(i.HAL_TIM_Base_Stop_IT)
    HAL_TIM_ConfigClockSource                0x0800285d   Thumb Code   220  stm32f4xx_hal_tim.o(i.HAL_TIM_ConfigClockSource)
    HAL_TIM_IC_CaptureCallback               0x08002939   Thumb Code     2  stm32f4xx_hal_tim.o(i.HAL_TIM_IC_CaptureCallback)
    HAL_TIM_IRQHandler                       0x0800293b   Thumb Code   358  stm32f4xx_hal_tim.o(i.HAL_TIM_IRQHandler)
    HAL_TIM_OC_DelayElapsedCallback          0x08002aa1   Thumb Code     2  stm32f4xx_hal_tim.o(i.HAL_TIM_OC_DelayElapsedCallback)
    HAL_TIM_PWM_PulseFinishedCallback        0x08002aa3   Thumb Code     2  stm32f4xx_hal_tim.o(i.HAL_TIM_PWM_PulseFinishedCallback)
    HAL_TIM_PeriodElapsedCallback            0x08002aa5   Thumb Code   118  main.o(i.HAL_TIM_PeriodElapsedCallback)
    HAL_TIM_TriggerCallback                  0x08002b3d   Thumb Code     2  stm32f4xx_hal_tim.o(i.HAL_TIM_TriggerCallback)
    HAL_UARTEx_RxEventCallback               0x08002b3f   Thumb Code     2  stm32f4xx_hal_uart.o(i.HAL_UARTEx_RxEventCallback)
    HAL_UART_DeInit                          0x08002b41   Thumb Code    52  stm32f4xx_hal_uart.o(i.HAL_UART_DeInit)
    HAL_UART_ErrorCallback                   0x08002b75   Thumb Code     2  stm32f4xx_hal_uart.o(i.HAL_UART_ErrorCallback)
    HAL_UART_GetState                        0x08002b77   Thumb Code    10  stm32f4xx_hal_uart.o(i.HAL_UART_GetState)
    HAL_UART_IRQHandler                      0x08002b81   Thumb Code   610  stm32f4xx_hal_uart.o(i.HAL_UART_IRQHandler)
    HAL_UART_Init                            0x08002de9   Thumb Code    98  stm32f4xx_hal_uart.o(i.HAL_UART_Init)
    HAL_UART_MspDeInit                       0x08002e4d   Thumb Code    50  usart.o(i.HAL_UART_MspDeInit)
    HAL_UART_MspInit                         0x08002e8d   Thumb Code   160  usart.o(i.HAL_UART_MspInit)
    HAL_UART_Receive_IT                      0x08002f41   Thumb Code    42  stm32f4xx_hal_uart.o(i.HAL_UART_Receive_IT)
    HAL_UART_RxCpltCallback                  0x08002f6d   Thumb Code    50  main.o(i.HAL_UART_RxCpltCallback)
    HAL_UART_Transmit_DMA                    0x08002fa9   Thumb Code   126  stm32f4xx_hal_uart.o(i.HAL_UART_Transmit_DMA)
    HAL_UART_TxCpltCallback                  0x08003035   Thumb Code     2  stm32f4xx_hal_uart.o(i.HAL_UART_TxCpltCallback)
    HAL_UART_TxHalfCpltCallback              0x08003037   Thumb Code     2  stm32f4xx_hal_uart.o(i.HAL_UART_TxHalfCpltCallback)
    HardFault_Handler                        0x08003039   Thumb Code     2  stm32f4xx_it.o(i.HardFault_Handler)
    IMU_Data_Send                            0x08003409   Thumb Code    98  mpu6050.o(i.IMU_Data_Send)
    IsUART1_Send_Idle                        0x08003485   Thumb Code    32  main.o(i.IsUART1_Send_Idle)
    KeyDown_Open_init                        0x080034a9   Thumb Code    48  app_user.o(i.KeyDown_Open_init)
    MX_ADC1_Init                             0x080034dd   Thumb Code   246  adc.o(i.MX_ADC1_Init)
    MX_DMA_Init                              0x080035e1   Thumb Code    56  dma.o(i.MX_DMA_Init)
    MX_GPIO_Init                             0x0800361d   Thumb Code   302  gpio.o(i.MX_GPIO_Init)
    MX_I2C2_Init                             0x0800375d   Thumb Code    50  i2c.o(i.MX_I2C2_Init)
    MX_TIM10_Init                            0x0800379d   Thumb Code    44  tim.o(i.MX_TIM10_Init)
    MX_TIM11_Init                            0x080037d1   Thumb Code    44  tim.o(i.MX_TIM11_Init)
    MX_TIM3_Init                             0x08003805   Thumb Code    96  tim.o(i.MX_TIM3_Init)
    MX_TIM4_Init                             0x0800386d   Thumb Code    94  tim.o(i.MX_TIM4_Init)
    MX_TIM5_Init                             0x080038d5   Thumb Code    94  tim.o(i.MX_TIM5_Init)
    MX_TIM9_Init                             0x0800393d   Thumb Code    68  tim.o(i.MX_TIM9_Init)
    MX_USART1_UART_Init                      0x08003989   Thumb Code    50  usart.o(i.MX_USART1_UART_Init)
    MemManage_Handler                        0x080039c5   Thumb Code     2  stm32f4xx_it.o(i.MemManage_Handler)
    Motor_Close                              0x080039c9   Thumb Code    10  motor.o(i.Motor_Close)
    Motor_Open                               0x080039d9   Thumb Code    10  motor.o(i.Motor_Open)
    NMI_Handler                              0x080039e9   Thumb Code     2  stm32f4xx_it.o(i.NMI_Handler)
    Open_LED                                 0x080039ed   Thumb Code    56  led.o(i.Open_LED)
    PendSV_Handler                           0x08003a29   Thumb Code     2  stm32f4xx_it.o(i.PendSV_Handler)
    Read_DMP                                 0x08003a2d   Thumb Code   394  mpu6050.o(i.Read_DMP)
    SVC_Handler                              0x08003bed   Thumb Code     2  stm32f4xx_it.o(i.SVC_Handler)
    SysPower_Close                           0x08003bf1   Thumb Code    10  app_user.o(i.SysPower_Close)
    SysTick_Handler                          0x08003c01   Thumb Code     4  stm32f4xx_it.o(i.SysTick_Handler)
    SystemClock_Config                       0x08003c05   Thumb Code   128  main.o(i.SystemClock_Config)
    SystemInit                               0x08003c8d   Thumb Code    12  system_stm32f4xx.o(i.SystemInit)
    TIM1_BRK_TIM9_IRQHandler                 0x08003c9d   Thumb Code     6  stm32f4xx_it.o(i.TIM1_BRK_TIM9_IRQHandler)
    TIM1_TRG_COM_TIM11_IRQHandler            0x08003ca9   Thumb Code     6  stm32f4xx_it.o(i.TIM1_TRG_COM_TIM11_IRQHandler)
    TIM1_UP_TIM10_IRQHandler                 0x08003cb5   Thumb Code     6  stm32f4xx_it.o(i.TIM1_UP_TIM10_IRQHandler)
    TIM3_IRQHandler                          0x08003cc1   Thumb Code     6  stm32f4xx_it.o(i.TIM3_IRQHandler)
    TIM4_IRQHandler                          0x08003ccd   Thumb Code     6  stm32f4xx_it.o(i.TIM4_IRQHandler)
    TIM5_IRQHandler                          0x08003cd9   Thumb Code     6  stm32f4xx_it.o(i.TIM5_IRQHandler)
    TIM_Base_SetConfig                       0x08003ce5   Thumb Code   122  stm32f4xx_hal_tim.o(i.TIM_Base_SetConfig)
    TIM_ETR_SetConfig                        0x08003d7d   Thumb Code    20  stm32f4xx_hal_tim.o(i.TIM_ETR_SetConfig)
    UART_Start_Receive_IT                    0x080040c5   Thumb Code    54  stm32f4xx_hal_uart.o(i.UART_Start_Receive_IT)
    USART1_IRQHandler                        0x080040fd   Thumb Code     6  stm32f4xx_it.o(i.USART1_IRQHandler)
    UsageFault_Handler                       0x08004109   Thumb Code     2  stm32f4xx_it.o(i.UsageFault_Handler)
    WKUP_init                                0x0800410d   Thumb Code    34  app_user.o(i.WKUP_init)
    __0printf$1                              0x08004135   Thumb Code    22  printf1.o(i.__0printf$1)
    __1printf$1                              0x08004135   Thumb Code     0  printf1.o(i.__0printf$1)
    __2printf                                0x08004135   Thumb Code     0  printf1.o(i.__0printf$1)
    __ARM_fpclassify                         0x08004155   Thumb Code    48  fpclassify.o(i.__ARM_fpclassify)
    __hardfp_asin                            0x080041a9   Thumb Code   770  asin.o(i.__hardfp_asin)
    __hardfp_atan                            0x08004509   Thumb Code   622  atan.o(i.__hardfp_atan)
    __hardfp_atan2                           0x080047e1   Thumb Code   432  atan2.o(i.__hardfp_atan2)
    __kernel_poly                            0x080049d1   Thumb Code   248  poly.o(i.__kernel_poly)
    __mathlib_dbl_infnan                     0x08004ac9   Thumb Code    20  dunder.o(i.__mathlib_dbl_infnan)
    __mathlib_dbl_infnan2                    0x08004add   Thumb Code    20  dunder.o(i.__mathlib_dbl_infnan2)
    __mathlib_dbl_invalid                    0x08004af1   Thumb Code    24  dunder.o(i.__mathlib_dbl_invalid)
    __mathlib_dbl_underflow                  0x08004b11   Thumb Code    24  dunder.o(i.__mathlib_dbl_underflow)
    __scatterload_copy                       0x08004b31   Thumb Code    14  handlers.o(i.__scatterload_copy)
    __scatterload_null                       0x08004b3f   Thumb Code     2  handlers.o(i.__scatterload_null)
    __scatterload_zeroinit                   0x08004b41   Thumb Code    14  handlers.o(i.__scatterload_zeroinit)
    __set_errno                              0x08004b51   Thumb Code     6  errno.o(i.__set_errno)
    atan                                     0x08004d41   Thumb Code    16  atan.o(i.atan)
    check_Charge_BySTAT                      0x08004d51   Thumb Code    32  battery_spy.o(i.check_Charge_BySTAT)
    check_Charge_OK                          0x08004d7d   Thumb Code    56  battery_spy.o(i.check_Charge_OK)
    delay_ms                                 0x08004dc1   Thumb Code     4  mpu6050.o(i.delay_ms)
    dmp_enable_6x_lp_quat                    0x08004dc5   Thumb Code    58  inv_mpu_dmp_motion_driver.o(i.dmp_enable_6x_lp_quat)
    dmp_enable_feature                       0x08004e01   Thumb Code   464  inv_mpu_dmp_motion_driver.o(i.dmp_enable_feature)
    dmp_enable_gyro_cal                      0x08004fd9   Thumb Code    34  inv_mpu_dmp_motion_driver.o(i.dmp_enable_gyro_cal)
    dmp_enable_lp_quat                       0x08005015   Thumb Code    58  inv_mpu_dmp_motion_driver.o(i.dmp_enable_lp_quat)
    dmp_load_motion_driver_firmware          0x08005051   Thumb Code    16  inv_mpu_dmp_motion_driver.o(i.dmp_load_motion_driver_firmware)
    dmp_read_fifo                            0x08005065   Thumb Code   324  inv_mpu_dmp_motion_driver.o(i.dmp_read_fifo)
    dmp_set_accel_bias                       0x080051ad   Thumb Code   210  inv_mpu_dmp_motion_driver.o(i.dmp_set_accel_bias)
    dmp_set_fifo_rate                        0x08005285   Thumb Code    82  inv_mpu_dmp_motion_driver.o(i.dmp_set_fifo_rate)
    dmp_set_gyro_bias                        0x080052e9   Thumb Code   196  inv_mpu_dmp_motion_driver.o(i.dmp_set_gyro_bias)
    dmp_set_orientation                      0x080053b5   Thumb Code   246  inv_mpu_dmp_motion_driver.o(i.dmp_set_orientation)
    dmp_set_shake_reject_thresh              0x080054c1   Thumb Code    48  inv_mpu_dmp_motion_driver.o(i.dmp_set_shake_reject_thresh)
    dmp_set_shake_reject_time                0x080054f1   Thumb Code    32  inv_mpu_dmp_motion_driver.o(i.dmp_set_shake_reject_time)
    dmp_set_shake_reject_timeout             0x08005511   Thumb Code    32  inv_mpu_dmp_motion_driver.o(i.dmp_set_shake_reject_timeout)
    dmp_set_tap_axes                         0x08005531   Thumb Code    64  inv_mpu_dmp_motion_driver.o(i.dmp_set_tap_axes)
    dmp_set_tap_count                        0x08005571   Thumb Code    34  inv_mpu_dmp_motion_driver.o(i.dmp_set_tap_count)
    dmp_set_tap_thresh                       0x08005595   Thumb Code   314  inv_mpu_dmp_motion_driver.o(i.dmp_set_tap_thresh)
    dmp_set_tap_time                         0x080056f5   Thumb Code    32  inv_mpu_dmp_motion_driver.o(i.dmp_set_tap_time)
    dmp_set_tap_time_multi                   0x08005715   Thumb Code    32  inv_mpu_dmp_motion_driver.o(i.dmp_set_tap_time_multi)
    fabs                                     0x08005735   Thumb Code    24  fabs.o(i.fabs)
    fputc                                    0x0800574d   Thumb Code    18  fputc.o(i.fputc)
    get_ADCdata                              0x08005761   Thumb Code   128  adc_data.o(i.get_ADCdata)
    htim11_work_serve                        0x08005c8d   Thumb Code    88  exit_work.o(i.htim11_work_serve)
    htim3_work_serve                         0x08005ced   Thumb Code    84  exit_work.o(i.htim3_work_serve)
    htim9_work_serve                         0x08005d51   Thumb Code   110  exit_work.o(i.htim9_work_serve)
    i2cRead                                  0x08005de5   Thumb Code    26  mpu6050.o(i.i2cRead)
    i2cWrite                                 0x08005e05   Thumb Code    26  mpu6050.o(i.i2cWrite)
    inv_orientation_matrix_to_scalar         0x08005e25   Thumb Code    34  mpu6050.o(i.inv_orientation_matrix_to_scalar)
    inv_row_2_scale                          0x08005e47   Thumb Code    72  mpu6050.o(i.inv_row_2_scale)
    main                                     0x08005e91   Thumb Code   190  main.o(i.main)
    mpu_configure_fifo                       0x08005f75   Thumb Code    78  inv_mpu.o(i.mpu_configure_fifo)
    mpu_get_accel_fsr                        0x08005fc9   Thumb Code    54  inv_mpu.o(i.mpu_get_accel_fsr)
    mpu_get_accel_sens                       0x08006005   Thumb Code    62  inv_mpu.o(i.mpu_get_accel_sens)
    mpu_get_gyro_fsr                         0x08006049   Thumb Code    48  inv_mpu.o(i.mpu_get_gyro_fsr)
    mpu_get_gyro_sens                        0x0800607d   Thumb Code    54  inv_mpu.o(i.mpu_get_gyro_sens)
    mpu_get_lpf                              0x080060c9   Thumb Code    52  inv_mpu.o(i.mpu_get_lpf)
    mpu_get_sample_rate                      0x08006101   Thumb Code    22  inv_mpu.o(i.mpu_get_sample_rate)
    mpu_init                                 0x0800611d   Thumb Code   310  inv_mpu.o(i.mpu_init)
    mpu_load_firmware                        0x080062a5   Thumb Code   154  inv_mpu.o(i.mpu_load_firmware)
    mpu_lp_accel_mode                        0x08006345   Thumb Code   178  inv_mpu.o(i.mpu_lp_accel_mode)
    mpu_read_fifo_stream                     0x080063fd   Thumb Code   140  inv_mpu.o(i.mpu_read_fifo_stream)
    mpu_read_mem                             0x0800648d   Thumb Code    80  inv_mpu.o(i.mpu_read_mem)
    mpu_reset_fifo                           0x080064e1   Thumb Code   330  inv_mpu.o(i.mpu_reset_fifo)
    mpu_run_self_test                        0x08006631   Thumb Code   234  inv_mpu.o(i.mpu_run_self_test)
    mpu_set_accel_fsr                        0x08006721   Thumb Code    98  inv_mpu.o(i.mpu_set_accel_fsr)
    mpu_set_bypass                           0x08006789   Thumb Code   214  inv_mpu.o(i.mpu_set_bypass)
    mpu_set_dmp_state                        0x08006865   Thumb Code   114  inv_mpu.o(i.mpu_set_dmp_state)
    mpu_set_gyro_fsr                         0x080068dd   Thumb Code   104  inv_mpu.o(i.mpu_set_gyro_fsr)
    mpu_set_int_latched                      0x08006949   Thumb Code    94  inv_mpu.o(i.mpu_set_int_latched)
    mpu_set_lpf                              0x080069ad   Thumb Code   102  inv_mpu.o(i.mpu_set_lpf)
    mpu_set_sample_rate                      0x08006a19   Thumb Code   124  inv_mpu.o(i.mpu_set_sample_rate)
    mpu_set_sensors                          0x08006a99   Thumb Code   178  inv_mpu.o(i.mpu_set_sensors)
    mpu_write_mem                            0x08006b51   Thumb Code    80  inv_mpu.o(i.mpu_write_mem)
    myget_ms                                 0x08006ba5   Thumb Code     2  inv_mpu.o(i.myget_ms)
    run_self_test                            0x08006ba7   Thumb Code   136  mpu6050.o(i.run_self_test)
    sqrt                                     0x08006c89   Thumb Code   110  sqrt.o(i.sqrt)
    AHBPrescTable                            0x08006cfe   Data          16  system_stm32f4xx.o(.constdata)
    APBPrescTable                            0x08006d0e   Data           8  system_stm32f4xx.o(.constdata)
    hw                                       0x08006d16   Data          12  inv_mpu.o(.constdata)
    reg                                      0x08006d22   Data          27  inv_mpu.o(.constdata)
    test                                     0x08006d40   Data          40  inv_mpu.o(.constdata)
    __mathlib_zero                           0x08007a48   Data           8  qnan.o(.constdata)
    Region$$Table$$Base                      0x08007aa0   Number         0  anon$$obj.o(Region$$Table)
    Region$$Table$$Limit                     0x08007ac0   Number         0  anon$$obj.o(Region$$Table)
    SystemFlag                               0x20000000   Data           1  main.o(.data)
    IMUFlag                                  0x20000001   Data           1  main.o(.data)
    number                                   0x20000002   Data           1  main.o(.data)
    Motor_work_time                          0x20000003   Data           1  main.o(.data)
    RxBuffer                                 0x20000004   Data           4  main.o(.data)
    IMU_Flag                                 0x20000008   Data           1  main.o(.data)
    work_state                               0x20000009   Data           1  main.o(.data)
    Booth_state                              0x2000000a   Data           1  main.o(.data)
    Charge_state                             0x2000000b   Data           1  main.o(.data)
    gyro                                     0x2000000c   Data           6  main.o(.data)
    accel                                    0x20000012   Data           6  main.o(.data)
    sensors                                  0x20000018   Data           2  main.o(.data)
    Pitch                                    0x2000001c   Data           4  main.o(.data)
    Roll                                     0x20000020   Data           4  main.o(.data)
    Yaw                                      0x20000024   Data           4  main.o(.data)
    q0                                       0x20000028   Data           4  main.o(.data)
    q1                                       0x2000002c   Data           4  main.o(.data)
    q2                                       0x20000030   Data           4  main.o(.data)
    q3                                       0x20000034   Data           4  main.o(.data)
    uwTickFreq                               0x20000038   Data           1  stm32f4xx_hal.o(.data)
    uwTickPrio                               0x2000003c   Data           4  stm32f4xx_hal.o(.data)
    uwTick                                   0x20000040   Data           4  stm32f4xx_hal.o(.data)
    SystemCoreClock                          0x20000044   Data           4  system_stm32f4xx.o(.data)
    Li_battery                               0x20000048   Data           4  adc_data.o(.data)
    Emg_Data_Sent                            0x2000004c   Data          20  adc_data.o(.data)
    Emg_With_IMU_sent                        0x20000060   Data          30  adc_data.o(.data)
    index_B                                  0x2000007e   Data           1  battery_spy.o(.data)
    Charge_Complete                          0x2000007f   Data           1  battery_spy.o(.data)
    sum                                      0x20000080   Data           2  battery_spy.o(.data)
    UP_Mid                                   0x20000082   Data           2  battery_spy.o(.data)
    DOWN_Mid                                 0x20000084   Data           2  battery_spy.o(.data)
    UP_Low                                   0x20000086   Data           2  battery_spy.o(.data)
    Down_Low                                 0x20000088   Data           2  battery_spy.o(.data)
    LI_Old_state                             0x2000008a   Data           2  battery_spy.o(.data)
    Bat_Full_Cnt                             0x2000008c   Data           2  battery_spy.o(.data)
    IMU_Data_buf                             0x200000bc   Data           6  mpu6050.o(.data)
    __stdout                                 0x200000cc   Data           4  stdout.o(.data)
    AD_Value                                 0x200000d4   Data          80  main.o(.bss)
    hadc1                                    0x20000124   Data          72  adc.o(.bss)
    hdma_adc1                                0x2000016c   Data          96  adc.o(.bss)
    hi2c2                                    0x200001cc   Data          84  i2c.o(.bss)
    htim3                                    0x20000220   Data          72  tim.o(.bss)
    htim4                                    0x20000268   Data          72  tim.o(.bss)
    htim5                                    0x200002b0   Data          72  tim.o(.bss)
    htim9                                    0x200002f8   Data          72  tim.o(.bss)
    htim10                                   0x20000340   Data          72  tim.o(.bss)
    htim11                                   0x20000388   Data          72  tim.o(.bss)
    huart1                                   0x200003d0   Data          68  usart.o(.bss)
    hdma_usart1_tx                           0x20000414   Data          96  usart.o(.bss)
    AD_Value_Temp                            0x20000474   Data          36  adc_data.o(.bss)
    AD_Sent                                  0x20000498   Data          20  adc_data.o(.bss)
    BatValueBuf                              0x200004ac   Data          20  battery_spy.o(.bss)
    __initial_sp                             0x200008d0   Data           0  startup_stm32f411xe.o(STACK)



==============================================================================

Memory Map of the image

  Image Entry point : 0x08000199

  Load Region LR_IROM1 (Base: 0x08000000, Size: 0x00007b94, Max: 0x00080000, ABSOLUTE)

    Execution Region ER_IROM1 (Exec base: 0x08000000, Load base: 0x08000000, Size: 0x00007ac0, Max: 0x00080000, ABSOLUTE)

    Exec Addr    Load Addr    Size         Type   Attr      Idx    E Section Name        Object

    0x08000000   0x08000000   0x00000198   Data   RO            3    RESET               startup_stm32f411xe.o
    0x08000198   0x08000198   0x00000000   Code   RO         4942  * .ARM.Collect$$$$00000000  mc_w.l(entry.o)
    0x08000198   0x08000198   0x00000004   Code   RO         5277    .ARM.Collect$$$$00000001  mc_w.l(entry2.o)
    0x0800019c   0x0800019c   0x00000004   Code   RO         5280    .ARM.Collect$$$$00000004  mc_w.l(entry5.o)
    0x080001a0   0x080001a0   0x00000000   Code   RO         5282    .ARM.Collect$$$$00000008  mc_w.l(entry7b.o)
    0x080001a0   0x080001a0   0x00000000   Code   RO         5284    .ARM.Collect$$$$0000000A  mc_w.l(entry8b.o)
    0x080001a0   0x080001a0   0x00000008   Code   RO         5285    .ARM.Collect$$$$0000000B  mc_w.l(entry9a.o)
    0x080001a8   0x080001a8   0x00000000   Code   RO         5287    .ARM.Collect$$$$0000000D  mc_w.l(entry10a.o)
    0x080001a8   0x080001a8   0x00000000   Code   RO         5289    .ARM.Collect$$$$0000000F  mc_w.l(entry11a.o)
    0x080001a8   0x080001a8   0x00000004   Code   RO         5278    .ARM.Collect$$$$00002712  mc_w.l(entry2.o)
    0x080001ac   0x080001ac   0x00000024   Code   RO            4    .text               startup_stm32f411xe.o
    0x080001d0   0x080001d0   0x00000062   Code   RO         4945    .text               mc_w.l(uldiv.o)
    0x08000232   0x08000232   0x00000062   Code   RO         4947    .text               mc_w.l(ldiv.o)
    0x08000294   0x08000294   0x00000024   Code   RO         4949    .text               mc_w.l(memseta.o)
    0x080002b8   0x080002b8   0x0000001a   Code   RO         4951    .text               mc_w.l(memcmp.o)
    0x080002d2   0x080002d2   0x0000014e   Code   RO         5214    .text               mf_w.l(dadd.o)
    0x08000420   0x08000420   0x000000e4   Code   RO         5216    .text               mf_w.l(dmul.o)
    0x08000504   0x08000504   0x000000de   Code   RO         5218    .text               mf_w.l(ddiv.o)
    0x080005e2   0x080005e2   0x00000026   Code   RO         5222    .text               mf_w.l(f2d.o)
    0x08000608   0x08000608   0x00000038   Code   RO         5224    .text               mf_w.l(d2f.o)
    0x08000640   0x08000640   0x0000002c   Code   RO         5294    .text               mc_w.l(uidiv.o)
    0x0800066c   0x0800066c   0x0000001e   Code   RO         5296    .text               mc_w.l(llshl.o)
    0x0800068a   0x0800068a   0x00000020   Code   RO         5298    .text               mc_w.l(llushr.o)
    0x080006aa   0x080006aa   0x00000024   Code   RO         5300    .text               mc_w.l(llsshr.o)
    0x080006ce   0x080006ce   0x00000000   Code   RO         5309    .text               mc_w.l(iusefp.o)
    0x080006ce   0x080006ce   0x0000006e   Code   RO         5310    .text               mf_w.l(fepilogue.o)
    0x0800073c   0x0800073c   0x000000ba   Code   RO         5312    .text               mf_w.l(depilogue.o)
    0x080007f6   0x080007f6   0x00000002   PAD
    0x080007f8   0x080007f8   0x00000024   Code   RO         5320    .text               mc_w.l(init.o)
    0x0800081c   0x0800081c   0x00000000   Code   RO         5322    .text               mc_w.l(semi.o)
    0x0800081c   0x0800081c   0x00000000   Code   RO         5323    .text               mc_w.l(iusesemip.o)
    0x0800081c   0x0800081c   0x000000a2   Code   RO         5324    .text               mf_w.l(dsqrt.o)
    0x080008be   0x080008be   0x0000006e   Code   RO          725    i.ADC_DMAConvCplt   stm32f4xx_hal_adc.o
    0x0800092c   0x0800092c   0x00000016   Code   RO          726    i.ADC_DMAError      stm32f4xx_hal_adc.o
    0x08000942   0x08000942   0x0000000a   Code   RO          727    i.ADC_DMAHalfConvCplt  stm32f4xx_hal_adc.o
    0x0800094c   0x0800094c   0x00000128   Code   RO          728    i.ADC_Init          stm32f4xx_hal_adc.o
    0x08000a74   0x08000a74   0x00000060   Code   RO         4043    i.BSP_BP_Init       app_user.o
    0x08000ad4   0x08000ad4   0x00000058   Code   RO         4208    i.Bat_Filter        battery_spy.o
    0x08000b2c   0x08000b2c   0x00000034   Code   RO         4209    i.Bat_Spy           battery_spy.o
    0x08000b60   0x08000b60   0x00000002   Code   RO          553    i.BusFault_Handler  stm32f4xx_it.o
    0x08000b62   0x08000b62   0x00000002   PAD
    0x08000b64   0x08000b64   0x00000034   Code   RO         4044    i.Charge_Open_init  app_user.o
    0x08000b98   0x08000b98   0x00000048   Code   RO         4258    i.Close_LED         led.o
    0x08000be0   0x08000be0   0x0000000c   Code   RO          554    i.DMA2_Stream0_IRQHandler  stm32f4xx_it.o
    0x08000bec   0x08000bec   0x0000000c   Code   RO          555    i.DMA2_Stream7_IRQHandler  stm32f4xx_it.o
    0x08000bf8   0x08000bf8   0x00000028   Code   RO         1516    i.DMA_CalcBaseAndBitshift  stm32f4xx_hal_dma.o
    0x08000c20   0x08000c20   0x00000054   Code   RO         1517    i.DMA_CheckFifoParam  stm32f4xx_hal_dma.o
    0x08000c74   0x08000c74   0x00000028   Code   RO         1518    i.DMA_SetConfig     stm32f4xx_hal_dma.o
    0x08000c9c   0x08000c9c   0x00000090   Code   RO         4829    i.DMP_init          mpu6050.o
    0x08000d2c   0x08000d2c   0x00000002   Code   RO          556    i.DebugMon_Handler  stm32f4xx_it.o
    0x08000d2e   0x08000d2e   0x00000006   Code   RO          557    i.EXTI0_IRQHandler  stm32f4xx_it.o
    0x08000d34   0x08000d34   0x00000006   Code   RO          558    i.EXTI2_IRQHandler  stm32f4xx_it.o
    0x08000d3a   0x08000d3a   0x00000006   Code   RO          559    i.EXTI4_IRQHandler  stm32f4xx_it.o
    0x08000d40   0x08000d40   0x00000038   Code   RO          216    i.Error_Handler     main.o
    0x08000d78   0x08000d78   0x000000b0   Code   RO         4146    i.Get_ADCdata_With_IMU  adc_data.o
    0x08000e28   0x08000e28   0x00000164   Code   RO          730    i.HAL_ADC_ConfigChannel  stm32f4xx_hal_adc.o
    0x08000f8c   0x08000f8c   0x00000002   Code   RO          731    i.HAL_ADC_ConvCpltCallback  stm32f4xx_hal_adc.o
    0x08000f8e   0x08000f8e   0x00000002   Code   RO          732    i.HAL_ADC_ConvHalfCpltCallback  stm32f4xx_hal_adc.o
    0x08000f90   0x08000f90   0x00000002   Code   RO          734    i.HAL_ADC_ErrorCallback  stm32f4xx_hal_adc.o
    0x08000f92   0x08000f92   0x00000054   Code   RO          739    i.HAL_ADC_Init      stm32f4xx_hal_adc.o
    0x08000fe6   0x08000fe6   0x00000002   PAD
    0x08000fe8   0x08000fe8   0x000000bc   Code   RO          332    i.HAL_ADC_MspInit   adc.o
    0x080010a4   0x080010a4   0x00000124   Code   RO          746    i.HAL_ADC_Start_DMA  stm32f4xx_hal_adc.o
    0x080011c8   0x080011c8   0x00000092   Code   RO         1519    i.HAL_DMA_Abort     stm32f4xx_hal_dma.o
    0x0800125a   0x0800125a   0x00000024   Code   RO         1520    i.HAL_DMA_Abort_IT  stm32f4xx_hal_dma.o
    0x0800127e   0x0800127e   0x00000062   Code   RO         1521    i.HAL_DMA_DeInit    stm32f4xx_hal_dma.o
    0x080012e0   0x080012e0   0x000001a0   Code   RO         1524    i.HAL_DMA_IRQHandler  stm32f4xx_hal_dma.o
    0x08001480   0x08001480   0x000000d4   Code   RO         1525    i.HAL_DMA_Init      stm32f4xx_hal_dma.o
    0x08001554   0x08001554   0x0000006e   Code   RO         1529    i.HAL_DMA_Start_IT  stm32f4xx_hal_dma.o
    0x080015c2   0x080015c2   0x00000002   PAD
    0x080015c4   0x080015c4   0x00000024   Code   RO         1962    i.HAL_Delay         stm32f4xx_hal.o
    0x080015e8   0x080015e8   0x0000012c   Code   RO         1409    i.HAL_GPIO_DeInit   stm32f4xx_hal_gpio.o
    0x08001714   0x08001714   0x000000b4   Code   RO         4102    i.HAL_GPIO_EXTI_Callback  exit_work.o
    0x080017c8   0x080017c8   0x00000018   Code   RO         1411    i.HAL_GPIO_EXTI_IRQHandler  stm32f4xx_hal_gpio.o
    0x080017e0   0x080017e0   0x000001e0   Code   RO         1412    i.HAL_GPIO_Init     stm32f4xx_hal_gpio.o
    0x080019c0   0x080019c0   0x00000010   Code   RO         1415    i.HAL_GPIO_TogglePin  stm32f4xx_hal_gpio.o
    0x080019d0   0x080019d0   0x0000000a   Code   RO         1416    i.HAL_GPIO_WritePin  stm32f4xx_hal_gpio.o
    0x080019da   0x080019da   0x00000002   PAD
    0x080019dc   0x080019dc   0x0000000c   Code   RO         1968    i.HAL_GetTick       stm32f4xx_hal.o
    0x080019e8   0x080019e8   0x00000188   Code   RO         2224    i.HAL_I2C_Init      stm32f4xx_hal_i2c.o
    0x08001b70   0x08001b70   0x000001f8   Code   RO         2242    i.HAL_I2C_Mem_Read  stm32f4xx_hal_i2c.o
    0x08001d68   0x08001d68   0x00000130   Code   RO         2245    i.HAL_I2C_Mem_Write  stm32f4xx_hal_i2c.o
    0x08001e98   0x08001e98   0x00000084   Code   RO          398    i.HAL_I2C_MspInit   i2c.o
    0x08001f1c   0x08001f1c   0x00000010   Code   RO         1974    i.HAL_IncTick       stm32f4xx_hal.o
    0x08001f2c   0x08001f2c   0x00000034   Code   RO         1975    i.HAL_Init          stm32f4xx_hal.o
    0x08001f60   0x08001f60   0x00000040   Code   RO         1976    i.HAL_InitTick      stm32f4xx_hal.o
    0x08001fa0   0x08001fa0   0x00000030   Code   RO          701    i.HAL_MspInit       stm32f4xx_hal_msp.o
    0x08001fd0   0x08001fd0   0x00000022   Code   RO         1824    i.HAL_NVIC_DisableIRQ  stm32f4xx_hal_cortex.o
    0x08001ff2   0x08001ff2   0x0000001a   Code   RO         1825    i.HAL_NVIC_EnableIRQ  stm32f4xx_hal_cortex.o
    0x0800200c   0x0800200c   0x00000040   Code   RO         1831    i.HAL_NVIC_SetPriority  stm32f4xx_hal_cortex.o
    0x0800204c   0x0800204c   0x00000024   Code   RO         1832    i.HAL_NVIC_SetPriorityGrouping  stm32f4xx_hal_cortex.o
    0x08002070   0x08002070   0x00000134   Code   RO         1004    i.HAL_RCC_ClockConfig  stm32f4xx_hal_rcc.o
    0x080021a4   0x080021a4   0x00000020   Code   RO         1011    i.HAL_RCC_GetPCLK1Freq  stm32f4xx_hal_rcc.o
    0x080021c4   0x080021c4   0x00000020   Code   RO         1012    i.HAL_RCC_GetPCLK2Freq  stm32f4xx_hal_rcc.o
    0x080021e4   0x080021e4   0x00000064   Code   RO         1013    i.HAL_RCC_GetSysClockFreq  stm32f4xx_hal_rcc.o
    0x08002248   0x08002248   0x0000036c   Code   RO         1016    i.HAL_RCC_OscConfig  stm32f4xx_hal_rcc.o
    0x080025b4   0x080025b4   0x00000028   Code   RO         1836    i.HAL_SYSTICK_Config  stm32f4xx_hal_cortex.o
    0x080025dc   0x080025dc   0x00000002   Code   RO         3381    i.HAL_TIMEx_BreakCallback  stm32f4xx_hal_tim_ex.o
    0x080025de   0x080025de   0x00000002   Code   RO         3382    i.HAL_TIMEx_CommutCallback  stm32f4xx_hal_tim_ex.o
    0x080025e0   0x080025e0   0x0000007c   Code   RO         3400    i.HAL_TIMEx_MasterConfigSynchronization  stm32f4xx_hal_tim_ex.o
    0x0800265c   0x0800265c   0x0000005a   Code   RO         2677    i.HAL_TIM_Base_Init  stm32f4xx_hal_tim.o
    0x080026b6   0x080026b6   0x00000002   PAD
    0x080026b8   0x080026b8   0x00000108   Code   RO          440    i.HAL_TIM_Base_MspInit  tim.o
    0x080027c0   0x080027c0   0x0000006c   Code   RO         2682    i.HAL_TIM_Base_Start_IT  stm32f4xx_hal_tim.o
    0x0800282c   0x0800282c   0x00000030   Code   RO         2685    i.HAL_TIM_Base_Stop_IT  stm32f4xx_hal_tim.o
    0x0800285c   0x0800285c   0x000000dc   Code   RO         2686    i.HAL_TIM_ConfigClockSource  stm32f4xx_hal_tim.o
    0x08002938   0x08002938   0x00000002   Code   RO         2711    i.HAL_TIM_IC_CaptureCallback  stm32f4xx_hal_tim.o
    0x0800293a   0x0800293a   0x00000166   Code   RO         2725    i.HAL_TIM_IRQHandler  stm32f4xx_hal_tim.o
    0x08002aa0   0x08002aa0   0x00000002   Code   RO         2728    i.HAL_TIM_OC_DelayElapsedCallback  stm32f4xx_hal_tim.o
    0x08002aa2   0x08002aa2   0x00000002   Code   RO         2755    i.HAL_TIM_PWM_PulseFinishedCallback  stm32f4xx_hal_tim.o
    0x08002aa4   0x08002aa4   0x00000098   Code   RO          217    i.HAL_TIM_PeriodElapsedCallback  main.o
    0x08002b3c   0x08002b3c   0x00000002   Code   RO         2768    i.HAL_TIM_TriggerCallback  stm32f4xx_hal_tim.o
    0x08002b3e   0x08002b3e   0x00000002   Code   RO         3659    i.HAL_UARTEx_RxEventCallback  stm32f4xx_hal_uart.o
    0x08002b40   0x08002b40   0x00000034   Code   RO         3672    i.HAL_UART_DeInit   stm32f4xx_hal_uart.o
    0x08002b74   0x08002b74   0x00000002   Code   RO         3673    i.HAL_UART_ErrorCallback  stm32f4xx_hal_uart.o
    0x08002b76   0x08002b76   0x0000000a   Code   RO         3675    i.HAL_UART_GetState  stm32f4xx_hal_uart.o
    0x08002b80   0x08002b80   0x00000268   Code   RO         3676    i.HAL_UART_IRQHandler  stm32f4xx_hal_uart.o
    0x08002de8   0x08002de8   0x00000062   Code   RO         3677    i.HAL_UART_Init     stm32f4xx_hal_uart.o
    0x08002e4a   0x08002e4a   0x00000002   PAD
    0x08002e4c   0x08002e4c   0x00000040   Code   RO          511    i.HAL_UART_MspDeInit  usart.o
    0x08002e8c   0x08002e8c   0x000000b4   Code   RO          512    i.HAL_UART_MspInit  usart.o
    0x08002f40   0x08002f40   0x0000002a   Code   RO         3682    i.HAL_UART_Receive_IT  stm32f4xx_hal_uart.o
    0x08002f6a   0x08002f6a   0x00000002   PAD
    0x08002f6c   0x08002f6c   0x0000003c   Code   RO          218    i.HAL_UART_RxCpltCallback  main.o
    0x08002fa8   0x08002fa8   0x0000008c   Code   RO         3686    i.HAL_UART_Transmit_DMA  stm32f4xx_hal_uart.o
    0x08003034   0x08003034   0x00000002   Code   RO         3688    i.HAL_UART_TxCpltCallback  stm32f4xx_hal_uart.o
    0x08003036   0x08003036   0x00000002   Code   RO         3689    i.HAL_UART_TxHalfCpltCallback  stm32f4xx_hal_uart.o
    0x08003038   0x08003038   0x00000002   Code   RO          560    i.HardFault_Handler  stm32f4xx_it.o
    0x0800303a   0x0800303a   0x0000002e   Code   RO         2266    i.I2C_IsAcknowledgeFailed  stm32f4xx_hal_i2c.o
    0x08003068   0x08003068   0x000000fc   Code   RO         2276    i.I2C_RequestMemoryRead  stm32f4xx_hal_i2c.o
    0x08003164   0x08003164   0x000000a8   Code   RO         2277    i.I2C_RequestMemoryWrite  stm32f4xx_hal_i2c.o
    0x0800320c   0x0800320c   0x0000004c   Code   RO         2281    i.I2C_WaitOnBTFFlagUntilTimeout  stm32f4xx_hal_i2c.o
    0x08003258   0x08003258   0x00000068   Code   RO         2282    i.I2C_WaitOnFlagUntilTimeout  stm32f4xx_hal_i2c.o
    0x080032c0   0x080032c0   0x00000096   Code   RO         2283    i.I2C_WaitOnMasterAddressFlagUntilTimeout  stm32f4xx_hal_i2c.o
    0x08003356   0x08003356   0x00000066   Code   RO         2284    i.I2C_WaitOnRXNEFlagUntilTimeout  stm32f4xx_hal_i2c.o
    0x080033bc   0x080033bc   0x0000004c   Code   RO         2285    i.I2C_WaitOnTXEFlagUntilTimeout  stm32f4xx_hal_i2c.o
    0x08003408   0x08003408   0x0000007c   Code   RO         4830    i.IMU_Data_Send     mpu6050.o
    0x08003484   0x08003484   0x00000024   Code   RO          219    i.IsUART1_Send_Idle  main.o
    0x080034a8   0x080034a8   0x00000034   Code   RO         4045    i.KeyDown_Open_init  app_user.o
    0x080034dc   0x080034dc   0x00000104   Code   RO          333    i.MX_ADC1_Init      adc.o
    0x080035e0   0x080035e0   0x0000003c   Code   RO          373    i.MX_DMA_Init       dma.o
    0x0800361c   0x0800361c   0x00000140   Code   RO          307    i.MX_GPIO_Init      gpio.o
    0x0800375c   0x0800375c   0x00000040   Code   RO          399    i.MX_I2C2_Init      i2c.o
    0x0800379c   0x0800379c   0x00000034   Code   RO          441    i.MX_TIM10_Init     tim.o
    0x080037d0   0x080037d0   0x00000034   Code   RO          442    i.MX_TIM11_Init     tim.o
    0x08003804   0x08003804   0x00000068   Code   RO          443    i.MX_TIM3_Init      tim.o
    0x0800386c   0x0800386c   0x00000068   Code   RO          444    i.MX_TIM4_Init      tim.o
    0x080038d4   0x080038d4   0x00000068   Code   RO          445    i.MX_TIM5_Init      tim.o
    0x0800393c   0x0800393c   0x0000004c   Code   RO          446    i.MX_TIM9_Init      tim.o
    0x08003988   0x08003988   0x0000003c   Code   RO          513    i.MX_USART1_UART_Init  usart.o
    0x080039c4   0x080039c4   0x00000002   Code   RO          561    i.MemManage_Handler  stm32f4xx_it.o
    0x080039c6   0x080039c6   0x00000002   PAD
    0x080039c8   0x080039c8   0x00000010   Code   RO         4293    i.Motor_Close       motor.o
    0x080039d8   0x080039d8   0x00000010   Code   RO         4294    i.Motor_Open        motor.o
    0x080039e8   0x080039e8   0x00000002   Code   RO          562    i.NMI_Handler       stm32f4xx_it.o
    0x080039ea   0x080039ea   0x00000002   PAD
    0x080039ec   0x080039ec   0x0000003c   Code   RO         4259    i.Open_LED          led.o
    0x08003a28   0x08003a28   0x00000002   Code   RO          563    i.PendSV_Handler    stm32f4xx_it.o
    0x08003a2a   0x08003a2a   0x00000002   PAD
    0x08003a2c   0x08003a2c   0x000001c0   Code   RO         4832    i.Read_DMP          mpu6050.o
    0x08003bec   0x08003bec   0x00000002   Code   RO          564    i.SVC_Handler       stm32f4xx_it.o
    0x08003bee   0x08003bee   0x00000002   PAD
    0x08003bf0   0x08003bf0   0x00000010   Code   RO         4047    i.SysPower_Close    app_user.o
    0x08003c00   0x08003c00   0x00000004   Code   RO          565    i.SysTick_Handler   stm32f4xx_it.o
    0x08003c04   0x08003c04   0x00000088   Code   RO          220    i.SystemClock_Config  main.o
    0x08003c8c   0x08003c8c   0x00000010   Code   RO         4006    i.SystemInit        system_stm32f4xx.o
    0x08003c9c   0x08003c9c   0x0000000c   Code   RO          566    i.TIM1_BRK_TIM9_IRQHandler  stm32f4xx_it.o
    0x08003ca8   0x08003ca8   0x0000000c   Code   RO          567    i.TIM1_TRG_COM_TIM11_IRQHandler  stm32f4xx_it.o
    0x08003cb4   0x08003cb4   0x0000000c   Code   RO          568    i.TIM1_UP_TIM10_IRQHandler  stm32f4xx_it.o
    0x08003cc0   0x08003cc0   0x0000000c   Code   RO          569    i.TIM3_IRQHandler   stm32f4xx_it.o
    0x08003ccc   0x08003ccc   0x0000000c   Code   RO          570    i.TIM4_IRQHandler   stm32f4xx_it.o
    0x08003cd8   0x08003cd8   0x0000000c   Code   RO          571    i.TIM5_IRQHandler   stm32f4xx_it.o
    0x08003ce4   0x08003ce4   0x00000098   Code   RO         2770    i.TIM_Base_SetConfig  stm32f4xx_hal_tim.o
    0x08003d7c   0x08003d7c   0x00000014   Code   RO         2781    i.TIM_ETR_SetConfig  stm32f4xx_hal_tim.o
    0x08003d90   0x08003d90   0x00000010   Code   RO         2782    i.TIM_ITRx_SetConfig  stm32f4xx_hal_tim.o
    0x08003da0   0x08003da0   0x00000022   Code   RO         2788    i.TIM_TI1_ConfigInputStage  stm32f4xx_hal_tim.o
    0x08003dc2   0x08003dc2   0x00000024   Code   RO         2790    i.TIM_TI2_ConfigInputStage  stm32f4xx_hal_tim.o
    0x08003de6   0x08003de6   0x00000010   Code   RO         3690    i.UART_DMAAbortOnError  stm32f4xx_hal_uart.o
    0x08003df6   0x08003df6   0x0000004a   Code   RO         3691    i.UART_DMAError     stm32f4xx_hal_uart.o
    0x08003e40   0x08003e40   0x00000042   Code   RO         3696    i.UART_DMATransmitCplt  stm32f4xx_hal_uart.o
    0x08003e82   0x08003e82   0x0000000a   Code   RO         3698    i.UART_DMATxHalfCplt  stm32f4xx_hal_uart.o
    0x08003e8c   0x08003e8c   0x0000004e   Code   RO         3700    i.UART_EndRxTransfer  stm32f4xx_hal_uart.o
    0x08003eda   0x08003eda   0x0000001c   Code   RO         3701    i.UART_EndTxTransfer  stm32f4xx_hal_uart.o
    0x08003ef6   0x08003ef6   0x000000c0   Code   RO         3702    i.UART_Receive_IT   stm32f4xx_hal_uart.o
    0x08003fb6   0x08003fb6   0x00000002   PAD
    0x08003fb8   0x08003fb8   0x0000010c   Code   RO         3703    i.UART_SetConfig    stm32f4xx_hal_uart.o
    0x080040c4   0x080040c4   0x00000036   Code   RO         3705    i.UART_Start_Receive_IT  stm32f4xx_hal_uart.o
    0x080040fa   0x080040fa   0x00000002   PAD
    0x080040fc   0x080040fc   0x0000000c   Code   RO          572    i.USART1_IRQHandler  stm32f4xx_it.o
    0x08004108   0x08004108   0x00000002   Code   RO          573    i.UsageFault_Handler  stm32f4xx_it.o
    0x0800410a   0x0800410a   0x00000002   PAD
    0x0800410c   0x0800410c   0x00000028   Code   RO         4049    i.WKUP_init         app_user.o
    0x08004134   0x08004134   0x00000020   Code   RO         4998    i.__0printf$1       mc_w.l(printf1.o)
    0x08004154   0x08004154   0x00000030   Code   RO         5260    i.__ARM_fpclassify  m_wm.l(fpclassify.o)
    0x08004184   0x08004184   0x00000020   Code   RO         1838    i.__NVIC_SetPriority  stm32f4xx_hal_cortex.o
    0x080041a4   0x080041a4   0x00000004   PAD
    0x080041a8   0x080041a8   0x00000360   Code   RO         4916    i.__hardfp_asin     m_wm.l(asin.o)
    0x08004508   0x08004508   0x000002d8   Code   RO         5226    i.__hardfp_atan     m_wm.l(atan.o)
    0x080047e0   0x080047e0   0x000001f0   Code   RO         4930    i.__hardfp_atan2    m_wm.l(atan2.o)
    0x080049d0   0x080049d0   0x000000f8   Code   RO         5262    i.__kernel_poly     m_wm.l(poly.o)
    0x08004ac8   0x08004ac8   0x00000014   Code   RO         5241    i.__mathlib_dbl_infnan  m_wm.l(dunder.o)
    0x08004adc   0x08004adc   0x00000014   Code   RO         5242    i.__mathlib_dbl_infnan2  m_wm.l(dunder.o)
    0x08004af0   0x08004af0   0x00000020   Code   RO         5243    i.__mathlib_dbl_invalid  m_wm.l(dunder.o)
    0x08004b10   0x08004b10   0x00000020   Code   RO         5246    i.__mathlib_dbl_underflow  m_wm.l(dunder.o)
    0x08004b30   0x08004b30   0x0000000e   Code   RO         5330    i.__scatterload_copy  mc_w.l(handlers.o)
    0x08004b3e   0x08004b3e   0x00000002   Code   RO         5331    i.__scatterload_null  mc_w.l(handlers.o)
    0x08004b40   0x08004b40   0x0000000e   Code   RO         5332    i.__scatterload_zeroinit  mc_w.l(handlers.o)
    0x08004b4e   0x08004b4e   0x00000002   PAD
    0x08004b50   0x08004b50   0x0000000c   Code   RO         5304    i.__set_errno       mc_w.l(errno.o)
    0x08004b5c   0x08004b5c   0x00000154   Code   RO         5005    i._printf_core      mc_w.l(printf1.o)
    0x08004cb0   0x08004cb0   0x00000090   Code   RO         4323    i.accel_self_test   inv_mpu.o
    0x08004d40   0x08004d40   0x00000010   Code   RO         5228    i.atan              m_wm.l(atan.o)
    0x08004d50   0x08004d50   0x0000002c   Code   RO         4210    i.check_Charge_BySTAT  battery_spy.o
    0x08004d7c   0x08004d7c   0x00000044   Code   RO         4211    i.check_Charge_OK   battery_spy.o
    0x08004dc0   0x08004dc0   0x00000004   Code   RO         4833    i.delay_ms          mpu6050.o
    0x08004dc4   0x08004dc4   0x0000003a   Code   RO         4637    i.dmp_enable_6x_lp_quat  inv_mpu_dmp_motion_driver.o
    0x08004dfe   0x08004dfe   0x00000002   PAD
    0x08004e00   0x08004e00   0x000001d8   Code   RO         4638    i.dmp_enable_feature  inv_mpu_dmp_motion_driver.o
    0x08004fd8   0x08004fd8   0x0000003c   Code   RO         4639    i.dmp_enable_gyro_cal  inv_mpu_dmp_motion_driver.o
    0x08005014   0x08005014   0x0000003a   Code   RO         4640    i.dmp_enable_lp_quat  inv_mpu_dmp_motion_driver.o
    0x0800504e   0x0800504e   0x00000002   PAD
    0x08005050   0x08005050   0x00000014   Code   RO         4645    i.dmp_load_motion_driver_firmware  inv_mpu_dmp_motion_driver.o
    0x08005064   0x08005064   0x00000148   Code   RO         4646    i.dmp_read_fifo     inv_mpu_dmp_motion_driver.o
    0x080051ac   0x080051ac   0x000000d8   Code   RO         4649    i.dmp_set_accel_bias  inv_mpu_dmp_motion_driver.o
    0x08005284   0x08005284   0x00000064   Code   RO         4650    i.dmp_set_fifo_rate  inv_mpu_dmp_motion_driver.o
    0x080052e8   0x080052e8   0x000000cc   Code   RO         4651    i.dmp_set_gyro_bias  inv_mpu_dmp_motion_driver.o
    0x080053b4   0x080053b4   0x0000010c   Code   RO         4653    i.dmp_set_orientation  inv_mpu_dmp_motion_driver.o
    0x080054c0   0x080054c0   0x00000030   Code   RO         4656    i.dmp_set_shake_reject_thresh  inv_mpu_dmp_motion_driver.o
    0x080054f0   0x080054f0   0x00000020   Code   RO         4657    i.dmp_set_shake_reject_time  inv_mpu_dmp_motion_driver.o
    0x08005510   0x08005510   0x00000020   Code   RO         4658    i.dmp_set_shake_reject_timeout  inv_mpu_dmp_motion_driver.o
    0x08005530   0x08005530   0x00000040   Code   RO         4659    i.dmp_set_tap_axes  inv_mpu_dmp_motion_driver.o
    0x08005570   0x08005570   0x00000022   Code   RO         4660    i.dmp_set_tap_count  inv_mpu_dmp_motion_driver.o
    0x08005592   0x08005592   0x00000002   PAD
    0x08005594   0x08005594   0x00000160   Code   RO         4661    i.dmp_set_tap_thresh  inv_mpu_dmp_motion_driver.o
    0x080056f4   0x080056f4   0x00000020   Code   RO         4662    i.dmp_set_tap_time  inv_mpu_dmp_motion_driver.o
    0x08005714   0x08005714   0x00000020   Code   RO         4663    i.dmp_set_tap_time_multi  inv_mpu_dmp_motion_driver.o
    0x08005734   0x08005734   0x00000018   Code   RO         5256    i.fabs              m_wm.l(fabs.o)
    0x0800574c   0x0800574c   0x00000012   Code   RO         5291    i.fputc             mc_w.l(fputc.o)
    0x0800575e   0x0800575e   0x00000002   PAD
    0x08005760   0x08005760   0x00000090   Code   RO         4149    i.get_ADCdata       adc_data.o
    0x080057f0   0x080057f0   0x000000b4   Code   RO         4324    i.get_accel_prod_shift  inv_mpu.o
    0x080058a4   0x080058a4   0x00000314   Code   RO         4325    i.get_st_biases     inv_mpu.o
    0x08005bb8   0x08005bb8   0x000000d4   Code   RO         4326    i.gyro_self_test    inv_mpu.o
    0x08005c8c   0x08005c8c   0x00000060   Code   RO         4103    i.htim11_work_serve  exit_work.o
    0x08005cec   0x08005cec   0x00000064   Code   RO         4104    i.htim3_work_serve  exit_work.o
    0x08005d50   0x08005d50   0x00000094   Code   RO         4105    i.htim9_work_serve  exit_work.o
    0x08005de4   0x08005de4   0x00000020   Code   RO         4835    i.i2cRead           mpu6050.o
    0x08005e04   0x08005e04   0x00000020   Code   RO         4836    i.i2cWrite          mpu6050.o
    0x08005e24   0x08005e24   0x00000022   Code   RO         4837    i.inv_orientation_matrix_to_scalar  mpu6050.o
    0x08005e46   0x08005e46   0x00000048   Code   RO         4838    i.inv_row_2_scale   mpu6050.o
    0x08005e8e   0x08005e8e   0x00000002   PAD
    0x08005e90   0x08005e90   0x000000e4   Code   RO          221    i.main              main.o
    0x08005f74   0x08005f74   0x00000054   Code   RO         4327    i.mpu_configure_fifo  inv_mpu.o
    0x08005fc8   0x08005fc8   0x0000003c   Code   RO         4328    i.mpu_get_accel_fsr  inv_mpu.o
    0x08006004   0x08006004   0x00000044   Code   RO         4330    i.mpu_get_accel_sens  inv_mpu.o
    0x08006048   0x08006048   0x00000034   Code   RO         4336    i.mpu_get_gyro_fsr  inv_mpu.o
    0x0800607c   0x0800607c   0x0000004c   Code   RO         4338    i.mpu_get_gyro_sens  inv_mpu.o
    0x080060c8   0x080060c8   0x00000038   Code   RO         4340    i.mpu_get_lpf       inv_mpu.o
    0x08006100   0x08006100   0x0000001c   Code   RO         4342    i.mpu_get_sample_rate  inv_mpu.o
    0x0800611c   0x0800611c   0x00000188   Code   RO         4344    i.mpu_init          inv_mpu.o
    0x080062a4   0x080062a4   0x000000a0   Code   RO         4345    i.mpu_load_firmware  inv_mpu.o
    0x08006344   0x08006344   0x000000b8   Code   RO         4346    i.mpu_lp_accel_mode  inv_mpu.o
    0x080063fc   0x080063fc   0x00000090   Code   RO         4349    i.mpu_read_fifo_stream  inv_mpu.o
    0x0800648c   0x0800648c   0x00000054   Code   RO         4350    i.mpu_read_mem      inv_mpu.o
    0x080064e0   0x080064e0   0x00000150   Code   RO         4353    i.mpu_reset_fifo    inv_mpu.o
    0x08006630   0x08006630   0x000000f0   Code   RO         4354    i.mpu_run_self_test  inv_mpu.o
    0x08006720   0x08006720   0x00000068   Code   RO         4356    i.mpu_set_accel_fsr  inv_mpu.o
    0x08006788   0x08006788   0x000000dc   Code   RO         4357    i.mpu_set_bypass    inv_mpu.o
    0x08006864   0x08006864   0x00000078   Code   RO         4359    i.mpu_set_dmp_state  inv_mpu.o
    0x080068dc   0x080068dc   0x0000006c   Code   RO         4360    i.mpu_set_gyro_fsr  inv_mpu.o
    0x08006948   0x08006948   0x00000064   Code   RO         4361    i.mpu_set_int_latched  inv_mpu.o
    0x080069ac   0x080069ac   0x0000006c   Code   RO         4363    i.mpu_set_lpf       inv_mpu.o
    0x08006a18   0x08006a18   0x00000080   Code   RO         4364    i.mpu_set_sample_rate  inv_mpu.o
    0x08006a98   0x08006a98   0x000000b8   Code   RO         4365    i.mpu_set_sensors   inv_mpu.o
    0x08006b50   0x08006b50   0x00000054   Code   RO         4366    i.mpu_write_mem     inv_mpu.o
    0x08006ba4   0x08006ba4   0x00000002   Code   RO         4367    i.myget_ms          inv_mpu.o
    0x08006ba6   0x08006ba6   0x00000088   Code   RO         4839    i.run_self_test     mpu6050.o
    0x08006c2e   0x08006c2e   0x00000002   PAD
    0x08006c30   0x08006c30   0x00000058   Code   RO         4368    i.set_int_enable    inv_mpu.o
    0x08006c88   0x08006c88   0x0000006e   Code   RO         5267    i.sqrt              m_wm.l(sqrt.o)
    0x08006cf6   0x08006cf6   0x00000008   Data   RO         1531    .constdata          stm32f4xx_hal_dma.o
    0x08006cfe   0x08006cfe   0x00000010   Data   RO         4007    .constdata          system_stm32f4xx.o
    0x08006d0e   0x08006d0e   0x00000008   Data   RO         4008    .constdata          system_stm32f4xx.o
    0x08006d16   0x08006d16   0x0000000c   Data   RO         4369    .constdata          inv_mpu.o
    0x08006d22   0x08006d22   0x0000001b   Data   RO         4370    .constdata          inv_mpu.o
    0x08006d3d   0x08006d3d   0x00000003   PAD
    0x08006d40   0x08006d40   0x00000028   Data   RO         4371    .constdata          inv_mpu.o
    0x08006d68   0x08006d68   0x00000bf6   Data   RO         4665    .constdata          inv_mpu_dmp_motion_driver.o
    0x0800795e   0x0800795e   0x00000002   PAD
    0x08007960   0x08007960   0x00000050   Data   RO         4919    .constdata          m_wm.l(asin.o)
    0x080079b0   0x080079b0   0x00000098   Data   RO         5229    .constdata          m_wm.l(atan.o)
    0x08007a48   0x08007a48   0x00000008   Data   RO         5264    .constdata          m_wm.l(qnan.o)
    0x08007a50   0x08007a50   0x0000004e   Data   RO         4372    .conststring        inv_mpu.o
    0x08007a9e   0x08007a9e   0x00000002   PAD
    0x08007aa0   0x08007aa0   0x00000020   Data   RO         5328    Region$$Table       anon$$obj.o


    Execution Region RW_IRAM1 (Exec base: 0x20000000, Load base: 0x08007ac0, Size: 0x000008d0, Max: 0x00020000, ABSOLUTE)

    Exec Addr    Load Addr    Size         Type   Attr      Idx    E Section Name        Object

    0x20000000   0x08007ac0   0x00000008   Data   RW          224    .data               main.o
    0x20000008   0x08007ac8   0x00000001   Data   RW          226    .data               main.o
    0x20000009   0x08007ac9   0x00000001   Data   RW          227    .data               main.o
    0x2000000a   0x08007aca   0x00000001   Data   RW          228    .data               main.o
    0x2000000b   0x08007acb   0x00000001   Data   RW          229    .data               main.o
    0x2000000c   0x08007acc   0x00000006   Data   RW          233    .data               main.o
    0x20000012   0x08007ad2   0x00000006   Data   RW          234    .data               main.o
    0x20000018   0x08007ad8   0x00000002   Data   RW          235    .data               main.o
    0x2000001a   0x08007ada   0x00000002   PAD
    0x2000001c   0x08007adc   0x00000004   Data   RW          236    .data               main.o
    0x20000020   0x08007ae0   0x00000004   Data   RW          237    .data               main.o
    0x20000024   0x08007ae4   0x00000004   Data   RW          238    .data               main.o
    0x20000028   0x08007ae8   0x00000004   Data   RW          239    .data               main.o
    0x2000002c   0x08007aec   0x00000004   Data   RW          240    .data               main.o
    0x20000030   0x08007af0   0x00000004   Data   RW          241    .data               main.o
    0x20000034   0x08007af4   0x00000004   Data   RW          242    .data               main.o
    0x20000038   0x08007af8   0x0000000c   Data   RW         1982    .data               stm32f4xx_hal.o
    0x20000044   0x08007b04   0x00000004   Data   RW         4009    .data               system_stm32f4xx.o
    0x20000048   0x08007b08   0x00000036   Data   RW         4152    .data               adc_data.o
    0x2000007e   0x08007b3e   0x00000010   Data   RW         4213    .data               battery_spy.o
    0x2000008e   0x08007b4e   0x00000002   PAD
    0x20000090   0x08007b50   0x0000002c   Data   RW         4373    .data               inv_mpu.o
    0x200000bc   0x08007b7c   0x0000000f   Data   RW         4840    .data               mpu6050.o
    0x200000cb   0x08007b8b   0x00000001   PAD
    0x200000cc   0x08007b8c   0x00000004   Data   RW         5293    .data               mc_w.l(stdout.o)
    0x200000d0   0x08007b90   0x00000004   Data   RW         5305    .data               mc_w.l(errno.o)
    0x200000d4        -       0x00000050   Zero   RW          222    .bss                main.o
    0x20000124        -       0x000000a8   Zero   RW          334    .bss                adc.o
    0x200001cc        -       0x00000054   Zero   RW          400    .bss                i2c.o
    0x20000220        -       0x000001b0   Zero   RW          447    .bss                tim.o
    0x200003d0        -       0x000000a4   Zero   RW          514    .bss                usart.o
    0x20000474        -       0x00000038   Zero   RW         4151    .bss                adc_data.o
    0x200004ac        -       0x00000014   Zero   RW         4212    .bss                battery_spy.o
    0x200004c0        -       0x00000010   Zero   RW         4664    .bss                inv_mpu_dmp_motion_driver.o
    0x200004d0        -       0x00000400   Zero   RW            1    STACK               startup_stm32f411xe.o


==============================================================================

Image component sizes


      Code (inc. data)   RO Data    RW Data    ZI Data      Debug   Object Name

       448         40          0          0        168       2003   adc.o
       320         36          0         54         56       2551   adc_data.o
       256         32          0          0          0       3428   app_user.o
       252         44          0         16         20       3315   battery_spy.o
        60          4          0          0          0        802   dma.o
       524         88          0          0          0       2639   exit_work.o
       320         18          0          0          0       1039   gpio.o
       196         28          0          0         84       1737   i2c.o
      4534        288        157         44          0      27262   inv_mpu.o
      2410        134       3062          0         16      20230   inv_mpu_dmp_motion_driver.o
         0          0          0          0          0     441540   iwdg.o
       132         24          0          0          0       1135   led.o
       668         98          0         54         80       5289   main.o
        32         12          0          0          0        915   motor.o
      1026        104          0         15          0      37019   mpu6050.o
        36          8        408          0       1024        844   startup_stm32f411xe.o
       180         28          0         12          0       9345   stm32f4xx_hal.o
      1176         64          0          0          0       7525   stm32f4xx_hal_adc.o
       232         14          0          0          0      34717   stm32f4xx_hal_cortex.o
      1182         16          8          0          0       8183   stm32f4xx_hal_dma.o
       830         70          0          0          0       4418   stm32f4xx_hal_gpio.o
      2174         52          0          0          0      13066   stm32f4xx_hal_i2c.o
        48          6          0          0          0        874   stm32f4xx_hal_msp.o
      1348         76          0          0          0       5300   stm32f4xx_hal_rcc.o
      1090         50          0          0          0      10904   stm32f4xx_hal_tim.o
       128         20          0          0          0       2497   stm32f4xx_hal_tim_ex.o
      1752         30          0          0          0      14592   stm32f4xx_hal_uart.o
       146         54          0          0          0      10047   stm32f4xx_it.o
        16          4         24          4          0       1159   system_stm32f4xx.o
       756         82          0          0        432       5103   tim.o
       304         44          0          0        164       2458   usart.o

    ----------------------------------------------------------------------
     22618       1568       3698        204       2044     681936   Object Totals
         0          0         32          0          0          0   (incl. Generated)
        42          0          7          5          0          0   (incl. Padding)

    ----------------------------------------------------------------------

      Code (inc. data)   RO Data    RW Data    ZI Data      Debug   Library Member Name

       864         94         80          0          0        280   asin.o
       744        106        152          0          0        352   atan.o
       496         64          0          0          0        192   atan2.o
       104         16          0          0          0        496   dunder.o
        24          0          0          0          0        124   fabs.o
        48          0          0          0          0        124   fpclassify.o
       248          0          0          0          0        152   poly.o
         0          0          8          0          0          0   qnan.o
       110          0          0          0          0        148   sqrt.o
         0          0          0          0          0          0   entry.o
         0          0          0          0          0          0   entry10a.o
         0          0          0          0          0          0   entry11a.o
         8          4          0          0          0          0   entry2.o
         4          0          0          0          0          0   entry5.o
         0          0          0          0          0          0   entry7b.o
         0          0          0          0          0          0   entry8b.o
         8          4          0          0          0          0   entry9a.o
        12          6          0          4          0         68   errno.o
        18          0          0          0          0         80   fputc.o
        30          0          0          0          0          0   handlers.o
        36          8          0          0          0         68   init.o
         0          0          0          0          0          0   iusefp.o
         0          0          0          0          0          0   iusesemip.o
        98          0          0          0          0         84   ldiv.o
        30          0          0          0          0         68   llshl.o
        36          0          0          0          0         68   llsshr.o
        32          0          0          0          0         68   llushr.o
        26          0          0          0          0         80   memcmp.o
        36          0          0          0          0        108   memseta.o
       372         14          0          0          0        184   printf1.o
         0          0          0          0          0          0   semi.o
         0          0          0          4          0          0   stdout.o
        44          0          0          0          0         80   uidiv.o
        98          0          0          0          0         92   uldiv.o
        56          0          0          0          0         88   d2f.o
       334          0          0          0          0        148   dadd.o
       222          0          0          0          0        100   ddiv.o
       186          0          0          0          0        176   depilogue.o
       228          0          0          0          0         96   dmul.o
       162          0          0          0          0        100   dsqrt.o
        38          0          0          0          0         68   f2d.o
       110          0          0          0          0        168   fepilogue.o

    ----------------------------------------------------------------------
      4868        316        240          8          0       3860   Library Totals
         6          0          0          0          0          0   (incl. Padding)

    ----------------------------------------------------------------------

      Code (inc. data)   RO Data    RW Data    ZI Data      Debug   Library Name

      2638        280        240          0          0       1868   m_wm.l
       888         36          0          8          0       1048   mc_w.l
      1336          0          0          0          0        944   mf_w.l

    ----------------------------------------------------------------------
      4868        316        240          8          0       3860   Library Totals

    ----------------------------------------------------------------------

==============================================================================


      Code (inc. data)   RO Data    RW Data    ZI Data      Debug   

     27486       1884       3938        212       2044     664064   Grand Totals
     27486       1884       3938        212       2044     664064   ELF Image Totals
     27486       1884       3938        212          0          0   ROM Totals

==============================================================================

    Total RO  Size (Code + RO Data)                31424 (  30.69kB)
    Total RW  Size (RW Data + ZI Data)              2256 (   2.20kB)
    Total ROM Size (Code + RO Data + RW Data)      31636 (  30.89kB)

==============================================================================

