Archive member included to satisfy reference by file (symbol)

d:/stm32cubeidedatauser/stm32cubeide_1.7.0/stm32cubeide/plugins/com.st.stm32cube.ide.mcu.externaltools.gnu-tools-for-stm32.9-2020-q2-update.win32_2.0.0.202105311346/tools/bin/../lib/gcc/arm-none-eabi/9.3.1/../../../../arm-none-eabi/lib/thumb/v7e-m+fp/hard\libc_nano.a(lib_a-errno.o)
                              ./Core/Src/syscalls.o (__errno)
d:/stm32cubeidedatauser/stm32cubeide_1.7.0/stm32cubeide/plugins/com.st.stm32cube.ide.mcu.externaltools.gnu-tools-for-stm32.9-2020-q2-update.win32_2.0.0.202105311346/tools/bin/../lib/gcc/arm-none-eabi/9.3.1/../../../../arm-none-eabi/lib/thumb/v7e-m+fp/hard\libc_nano.a(lib_a-exit.o)
                              d:/stm32cubeidedatauser/stm32cubeide_1.7.0/stm32cubeide/plugins/com.st.stm32cube.ide.mcu.externaltools.gnu-tools-for-stm32.9-2020-q2-update.win32_2.0.0.202105311346/tools/bin/../lib/gcc/arm-none-eabi/9.3.1/../../../../arm-none-eabi/lib/thumb/v7e-m+fp/hard/crt0.o (exit)
d:/stm32cubeidedatauser/stm32cubeide_1.7.0/stm32cubeide/plugins/com.st.stm32cube.ide.mcu.externaltools.gnu-tools-for-stm32.9-2020-q2-update.win32_2.0.0.202105311346/tools/bin/../lib/gcc/arm-none-eabi/9.3.1/../../../../arm-none-eabi/lib/thumb/v7e-m+fp/hard\libc_nano.a(lib_a-impure.o)
                              d:/stm32cubeidedatauser/stm32cubeide_1.7.0/stm32cubeide/plugins/com.st.stm32cube.ide.mcu.externaltools.gnu-tools-for-stm32.9-2020-q2-update.win32_2.0.0.202105311346/tools/bin/../lib/gcc/arm-none-eabi/9.3.1/../../../../arm-none-eabi/lib/thumb/v7e-m+fp/hard\libc_nano.a(lib_a-exit.o) (_global_impure_ptr)
d:/stm32cubeidedatauser/stm32cubeide_1.7.0/stm32cubeide/plugins/com.st.stm32cube.ide.mcu.externaltools.gnu-tools-for-stm32.9-2020-q2-update.win32_2.0.0.202105311346/tools/bin/../lib/gcc/arm-none-eabi/9.3.1/../../../../arm-none-eabi/lib/thumb/v7e-m+fp/hard\libc_nano.a(lib_a-init.o)
                              d:/stm32cubeidedatauser/stm32cubeide_1.7.0/stm32cubeide/plugins/com.st.stm32cube.ide.mcu.externaltools.gnu-tools-for-stm32.9-2020-q2-update.win32_2.0.0.202105311346/tools/bin/../lib/gcc/arm-none-eabi/9.3.1/../../../../arm-none-eabi/lib/thumb/v7e-m+fp/hard/crt0.o (__libc_init_array)
d:/stm32cubeidedatauser/stm32cubeide_1.7.0/stm32cubeide/plugins/com.st.stm32cube.ide.mcu.externaltools.gnu-tools-for-stm32.9-2020-q2-update.win32_2.0.0.202105311346/tools/bin/../lib/gcc/arm-none-eabi/9.3.1/../../../../arm-none-eabi/lib/thumb/v7e-m+fp/hard\libc_nano.a(lib_a-memcmp.o)
                              ./MPU6050/inv_mpu.o (memcmp)
d:/stm32cubeidedatauser/stm32cubeide_1.7.0/stm32cubeide/plugins/com.st.stm32cube.ide.mcu.externaltools.gnu-tools-for-stm32.9-2020-q2-update.win32_2.0.0.202105311346/tools/bin/../lib/gcc/arm-none-eabi/9.3.1/../../../../arm-none-eabi/lib/thumb/v7e-m+fp/hard\libc_nano.a(lib_a-memset.o)
                              d:/stm32cubeidedatauser/stm32cubeide_1.7.0/stm32cubeide/plugins/com.st.stm32cube.ide.mcu.externaltools.gnu-tools-for-stm32.9-2020-q2-update.win32_2.0.0.202105311346/tools/bin/../lib/gcc/arm-none-eabi/9.3.1/../../../../arm-none-eabi/lib/thumb/v7e-m+fp/hard/crt0.o (memset)
d:/stm32cubeidedatauser/stm32cubeide_1.7.0/stm32cubeide/plugins/com.st.stm32cube.ide.mcu.externaltools.gnu-tools-for-stm32.9-2020-q2-update.win32_2.0.0.202105311346/tools/bin/../lib/gcc/arm-none-eabi/9.3.1/../../../../arm-none-eabi/lib/thumb/v7e-m+fp/hard\libc_nano.a(lib_a-printf.o)
                              ./MPU6050/inv_mpu.o (printf)
d:/stm32cubeidedatauser/stm32cubeide_1.7.0/stm32cubeide/plugins/com.st.stm32cube.ide.mcu.externaltools.gnu-tools-for-stm32.9-2020-q2-update.win32_2.0.0.202105311346/tools/bin/../lib/gcc/arm-none-eabi/9.3.1/../../../../arm-none-eabi/lib/thumb/v7e-m+fp/hard\libc_nano.a(lib_a-puts.o)
                              ./MPU6050/inv_mpu.o (puts)
d:/stm32cubeidedatauser/stm32cubeide_1.7.0/stm32cubeide/plugins/com.st.stm32cube.ide.mcu.externaltools.gnu-tools-for-stm32.9-2020-q2-update.win32_2.0.0.202105311346/tools/bin/../lib/gcc/arm-none-eabi/9.3.1/../../../../arm-none-eabi/lib/thumb/v7e-m+fp/hard\libc_nano.a(lib_a-wbuf.o)
                              d:/stm32cubeidedatauser/stm32cubeide_1.7.0/stm32cubeide/plugins/com.st.stm32cube.ide.mcu.externaltools.gnu-tools-for-stm32.9-2020-q2-update.win32_2.0.0.202105311346/tools/bin/../lib/gcc/arm-none-eabi/9.3.1/../../../../arm-none-eabi/lib/thumb/v7e-m+fp/hard\libc_nano.a(lib_a-puts.o) (__swbuf_r)
d:/stm32cubeidedatauser/stm32cubeide_1.7.0/stm32cubeide/plugins/com.st.stm32cube.ide.mcu.externaltools.gnu-tools-for-stm32.9-2020-q2-update.win32_2.0.0.202105311346/tools/bin/../lib/gcc/arm-none-eabi/9.3.1/../../../../arm-none-eabi/lib/thumb/v7e-m+fp/hard\libc_nano.a(lib_a-wsetup.o)
[...]
Memory Configuration

Name             Origin             Length             Attributes
RAM              0x0000000020000000 0x0000000000020000 xrw
FLASH            0x0000000008000000 0x0000000000080000 xr
*default*        0x0000000000000000 0xffffffffffffffff

Linker script and memory map

LOAD d:/stm32cubeidedatauser/stm32cubeide_1.7.0/stm32cubeide/plugins/com.st.stm32cube.ide.mcu.externaltools.gnu-tools-for-stm32.9-2020-q2-update.win32_2.0.0.202105311346/tools/bin/../lib/gcc/arm-none-eabi/9.3.1/thumb/v7e-m+fp/hard/crti.o
LOAD d:/stm32cubeidedatauser/stm32cubeide_1.7.0/stm32cubeide/plugins/com.st.stm32cube.ide.mcu.externaltools.gnu-tools-for-stm32.9-2020-q2-update.win32_2.0.0.202105311346/tools/bin/../lib/gcc/arm-none-eabi/9.3.1/thumb/v7e-m+fp/hard/crtbegin.o
LOAD d:/stm32cubeidedatauser/stm32cubeide_1.7.0/stm32cubeide/plugins/com.st.stm32cube.ide.mcu.externaltools.gnu-tools-for-stm32.9-2020-q2-update.win32_2.0.0.202105311346/tools/bin/../lib/gcc/arm-none-eabi/9.3.1/../../../../arm-none-eabi/lib/thumb/v7e-m+fp/hard/crt0.o
LOAD ./APP_User/app_user.o
LOAD ./APP_User/exit_work.o
LOAD ./Core/Src/adc.o
LOAD ./Core/Src/dma.o
LOAD ./Core/Src/gpio.o
LOAD ./Core/Src/i2c.o
LOAD ./Core/Src/main.o
LOAD ./Core/Src/stm32f4xx_hal_msp.o
LOAD ./Core/Src/stm32f4xx_it.o
LOAD ./Core/Src/syscalls.o
LOAD ./Core/Src/sysmem.o
LOAD ./Core/Src/system_stm32f4xx.o
LOAD ./Core/Src/tim.o
LOAD ./Core/Src/usart.o
LOAD ./Core/Startup/startup_stm32f411ceux.o
LOAD ./Drivers/STM32F4xx_HAL_Driver/Src/stm32f4xx_hal.o
LOAD ./Drivers/STM32F4xx_HAL_Driver/Src/stm32f4xx_hal_adc.o
LOAD ./Drivers/STM32F4xx_HAL_Driver/Src/stm32f4xx_hal_adc_ex.o
LOAD ./Drivers/STM32F4xx_HAL_Driver/Src/stm32f4xx_hal_cortex.o
LOAD ./Drivers/STM32F4xx_HAL_Driver/Src/stm32f4xx_hal_dma.o
LOAD ./Drivers/STM32F4xx_HAL_Driver/Src/stm32f4xx_hal_dma_ex.o
LOAD ./Drivers/STM32F4xx_HAL_Driver/Src/stm32f4xx_hal_exti.o
LOAD ./Drivers/STM32F4xx_HAL_Driver/Src/stm32f4xx_hal_flash.o
LOAD ./Drivers/STM32F4xx_HAL_Driver/Src/stm32f4xx_hal_flash_ex.o
LOAD ./Drivers/STM32F4xx_HAL_Driver/Src/stm32f4xx_hal_flash_ramfunc.o
LOAD ./Drivers/STM32F4xx_HAL_Driver/Src/stm32f4xx_hal_gpio.o
LOAD ./Drivers/STM32F4xx_HAL_Driver/Src/stm32f4xx_hal_i2c.o
LOAD ./Drivers/STM32F4xx_HAL_Driver/Src/stm32f4xx_hal_i2c_ex.o
LOAD ./Drivers/STM32F4xx_HAL_Driver/Src/stm32f4xx_hal_pwr.o
LOAD ./Drivers/STM32F4xx_HAL_Driver/Src/stm32f4xx_hal_pwr_ex.o
LOAD ./Drivers/STM32F4xx_HAL_Driver/Src/stm32f4xx_hal_rcc.o
LOAD ./Drivers/STM32F4xx_HAL_Driver/Src/stm32f4xx_hal_rcc_ex.o
LOAD ./Drivers/STM32F4xx_HAL_Driver/Src/stm32f4xx_hal_tim.o
LOAD ./Drivers/STM32F4xx_HAL_Driver/Src/stm32f4xx_hal_tim_ex.o
LOAD ./Drivers/STM32F4xx_HAL_Driver/Src/stm32f4xx_hal_uart.o
LOAD ./Drivers/STM32F4xx_HAL_Driver/Src/stm32f4xx_ll_adc.o
LOAD ./HardWare/adc_data.o
LOAD ./HardWare/battery_spy.o
LOAD ./HardWare/led.o
LOAD ./HardWare/motor.o
LOAD ./MPU6050/inv_mpu.o
LOAD ./MPU6050/inv_mpu_dmp_motion_driver.o
LOAD ./MPU6050/mpu6050.o
START GROUP
LOAD d:/stm32cubeidedatauser/stm32cubeide_1.7.0/stm32cubeide/plugins/com.st.stm32cube.ide.mcu.externaltools.gnu-tools-for-stm32.9-2020-q2-update.win32_2.0.0.202105311346/tools/bin/../lib/gcc/arm-none-eabi/9.3.1/../../../../arm-none-eabi/lib/thumb/v7e-m+fp/hard\libc_nano.a
LOAD d:/stm32cubeidedatauser/stm32cubeide_1.7.0/stm32cubeide/plugins/com.st.stm32cube.ide.mcu.externaltools.gnu-tools-for-stm32.9-2020-q2-update.win32_2.0.0.202105311346/tools/bin/../lib/gcc/arm-none-eabi/9.3.1/../../../../arm-none-eabi/lib/thumb/v7e-m+fp/hard\libm.a
END GROUP
START GROUP
LOAD d:/stm32cubeidedatauser/stm32cubeide_1.7.0/stm32cubeide/plugins/com.st.stm32cube.ide.mcu.externaltools.gnu-tools-for-stm32.9-2020-q2-update.win32_2.0.0.202105311346/tools/bin/../lib/gcc/arm-none-eabi/9.3.1/thumb/v7e-m+fp/hard\libgcc.a
LOAD d:/stm32cubeidedatauser/stm32cubeide_1.7.0/stm32cubeide/plugins/com.st.stm32cube.ide.mcu.externaltools.gnu-tools-for-stm32.9-2020-q2-update.win32_2.0.0.202105311346/tools/bin/../lib/gcc/arm-none-eabi/9.3.1/../../../../arm-none-eabi/lib/thumb/v7e-m+fp/hard\libc_nano.a
END GROUP
START GROUP
LOAD d:/stm32cubeidedatauser/stm32cubeide_1.7.0/stm32cubeide/plugins/com.st.stm32cube.ide.mcu.externaltools.gnu-tools-for-stm32.9-2020-q2-update.win32_2.0.0.202105311346/tools/bin/../lib/gcc/arm-none-eabi/9.3.1/thumb/v7e-m+fp/hard\libgcc.a
LOAD d:/stm32cubeidedatauser/stm32cubeide_1.7.0/stm32cubeide/plugins/com.st.stm32cube.ide.mcu.externaltools.gnu-tools-for-stm32.9-2020-q2-update.win32_2.0.0.202105311346/tools/bin/../lib/gcc/arm-none-eabi/9.3.1/../../../../arm-none-eabi/lib/thumb/v7e-m+fp/hard\libc_nano.a
LOAD d:/stm32cubeidedatauser/stm32cubeide_1.7.0/stm32cubeide/plugins/com.st.stm32cube.ide.mcu.externaltools.gnu-tools-for-stm32.9-2020-q2-update.win32_2.0.0.202105311346/tools/bin/../lib/gcc/arm-none-eabi/9.3.1/../../../../arm-none-eabi/lib/thumb/v7e-m+fp/hard\libnosys.a
END GROUP
START GROUP
LOAD d:/stm32cubeidedatauser/stm32cubeide_1.7.0/stm32cubeide/plugins/com.st.stm32cube.ide.mcu.externaltools.gnu-tools-for-stm32.9-2020-q2-update.win32_2.0.0.202105311346/tools/bin/../lib/gcc/arm-none-eabi/9.3.1/thumb/v7e-m+fp/hard\libgcc.a
LOAD d:/stm32cubeidedatauser/stm32cubeide_1.7.0/stm32cubeide/plugins/com.st.stm32cube.ide.mcu.externaltools.gnu-tools-for-stm32.9-2020-q2-update.win32_2.0.0.202105311346/tools/bin/../lib/gcc/arm-none-eabi/9.3.1/../../../../arm-none-eabi/lib/thumb/v7e-m+fp/hard\libc_nano.a
LOAD d:/stm32cubeidedatauser/stm32cubeide_1.7.0/stm32cubeide/plugins/com.st.stm32cube.ide.mcu.externaltools.gnu-tools-for-stm32.9-2020-q2-update.win32_2.0.0.202105311346/tools/bin/../lib/gcc/arm-none-eabi/9.3.1/../../../../arm-none-eabi/lib/thumb/v7e-m+fp/hard\libnosys.a
END GROUP
LOAD d:/stm32cubeidedatauser/stm32cubeide_1.7.0/stm32cubeide/plugins/com.st.stm32cube.ide.mcu.externaltools.gnu-tools-for-stm32.9-2020-q2-update.win32_2.0.0.202105311346/tools/bin/../lib/gcc/arm-none-eabi/9.3.1/thumb/v7e-m+fp/hard/crtend.o
LOAD d:/stm32cubeidedatauser/stm32cubeide_1.7.0/stm32cubeide/plugins/com.st.stm32cube.ide.mcu.externaltools.gnu-tools-for-stm32.9-2020-q2-update.win32_2.0.0.202105311346/tools/bin/../lib/gcc/arm-none-eabi/9.3.1/thumb/v7e-m+fp/hard/crtn.o
                0x0000000020020000                _estack = (ORIGIN (RAM) + LENGTH (RAM))
                0x0000000000000200                _Min_Heap_Size = 0x200
                0x0000000000000400                _Min_Stack_Size = 0x400

.isr_vector     0x0000000008000000      0x198
                0x0000000008000000                . = ALIGN (0x4)
 *(.isr_vector)
 .isr_vector    0x0000000008000000      0x198 ./Core/Startup/startup_stm32f411ceux.o
                0x0000000008000000                g_pfnVectors
                0x0000000008000198                . = ALIGN (0x4)

.text           0x0000000008000198     0x4eb4
                0x0000000008000198                . = ALIGN (0x4)
 *(.text)
 .text          0x0000000008000198       0x40 d:/stm32cubeidedatauser/stm32cubeide_1.7.0/stm32cubeide/plugins/com.st.stm32cube.ide.mcu.externaltools.gnu-tools-for-stm32.9-2020-q2-update.win32_2.0.0.202105311346/tools/bin/../lib/gcc/arm-none-eabi/9.3.1/thumb/v7e-m+fp/hard/crtbegin.o
 .text          0x00000000080001d8       0x30 d:/stm32cubeidedatauser/stm32cubeide_1.7.0/stm32cubeide/plugins/com.st.stm32cube.ide.mcu.externaltools.gnu-tools-for-stm32.9-2020-q2-update.win32_2.0.0.202105311346/tools/bin/../lib/gcc/arm-none-eabi/9.3.1/thumb/v7e-m+fp/hard\libgcc.a(_aeabi_uldivmod.o)
                0x00000000080001d8                __aeabi_uldivmod
 .text          0x0000000008000208      0x2c4 d:/stm32cubeidedatauser/stm32cubeide_1.7.0/stm32cubeide/plugins/com.st.stm32cube.ide.mcu.externaltools.gnu-tools-for-stm32.9-2020-q2-update.win32_2.0.0.202105311346/tools/bin/../lib/gcc/arm-none-eabi/9.3.1/thumb/v7e-m+fp/hard\libgcc.a(_udivmoddi4.o)
                0x0000000008000208                __udivmoddi4
 .text          0x00000000080004cc        0x4 d:/stm32cubeidedatauser/stm32cubeide_1.7.0/stm32cubeide/plugins/com.st.stm32cube.ide.mcu.externaltools.gnu-tools-for-stm32.9-2020-q2-update.win32_2.0.0.202105311346/tools/bin/../lib/gcc/arm-none-eabi/9.3.1/thumb/v7e-m+fp/hard\libgcc.a(_dvmd_tls.o)
                0x00000000080004cc                __aeabi_idiv0
                0x00000000080004cc                __aeabi_ldiv0
 *(.text*)
 .text.SysPower_Close
                0x00000000080004d0       0x18 ./APP_User/app_user.o
                0x00000000080004d0                SysPower_Close
 .text.SysPower_Open
                0x00000000080004e8       0x18 ./APP_User/app_user.o
                0x00000000080004e8                SysPower_Open
 .text.KeyDown_Open_init
                0x0000000008000500       0x4c ./APP_User/app_user.o
                0x0000000008000500                KeyDown_Open_init
 .text.Charge_Open_init
                0x000000000800054c       0x4c ./APP_User/app_user.o
                0x000000000800054c                Charge_Open_init
 .text.BSP_BP_Init
                0x0000000008000598       0x88 ./APP_User/app_user.o
                0x0000000008000598                BSP_BP_Init
 .text.WKUP_init
                0x0000000008000620       0x28 ./APP_User/app_user.o
                0x0000000008000620                WKUP_init
 .text.HAL_GPIO_EXTI_Callback
                0x0000000008000648       0x8c ./APP_User/exit_work.o
                0x0000000008000648                HAL_GPIO_EXTI_Callback
 .text.MX_ADC1_Init
                0x00000000080006d4      0x184 ./Core/Src/adc.o
                0x00000000080006d4                MX_ADC1_Init
 .text.HAL_ADC_MspInit
                0x0000000008000858      0x128 ./Core/Src/adc.o
                0x0000000008000858                HAL_ADC_MspInit
 .text.MX_DMA_Init
                0x0000000008000980       0x40 ./Core/Src/dma.o
                0x0000000008000980                MX_DMA_Init
 .text.MX_GPIO_Init
                0x00000000080009c0      0x17c ./Core/Src/gpio.o
                0x00000000080009c0                MX_GPIO_Init
 .text.MX_I2C2_Init
                0x0000000008000b3c       0x5c ./Core/Src/i2c.o
                0x0000000008000b3c                MX_I2C2_Init
 .text.HAL_I2C_MspInit
                0x0000000008000b98       0xb0 ./Core/Src/i2c.o
                0x0000000008000b98                HAL_I2C_MspInit
 .text.main     0x0000000008000c48       0x90 ./Core/Src/main.o
                0x0000000008000c48                main
 .text.SystemClock_Config
                0x0000000008000cd8       0xd0 ./Core/Src/main.o
                0x0000000008000cd8                SystemClock_Config
 .text.HAL_TIM_PeriodElapsedCallback
                0x0000000008000da8      0x19c ./Core/Src/main.o
                0x0000000008000da8                HAL_TIM_PeriodElapsedCallback
 .text.Error_Handler
                0x0000000008000f44        0xa ./Core/Src/main.o
                0x0000000008000f44                Error_Handler
 *fill*         0x0000000008000f4e        0x2 
 .text.HAL_MspInit
                0x0000000008000f50       0x50 ./Core/Src/stm32f4xx_hal_msp.o
                0x0000000008000f50                HAL_MspInit
 .text.NMI_Handler
                0x0000000008000fa0        0x6 ./Core/Src/stm32f4xx_it.o
                0x0000000008000fa0                NMI_Handler
 .text.HardFault_Handler
                0x0000000008000fa6        0x6 ./Core/Src/stm32f4xx_it.o
                0x0000000008000fa6                HardFault_Handler
 .text.MemManage_Handler
                0x0000000008000fac        0x6 ./Core/Src/stm32f4xx_it.o
                0x0000000008000fac                MemManage_Handler
 .text.BusFault_Handler
                0x0000000008000fb2        0x6 ./Core/Src/stm32f4xx_it.o
                0x0000000008000fb2                BusFault_Handler
 .text.UsageFault_Handler
                0x0000000008000fb8        0x6 ./Core/Src/stm32f4xx_it.o
                0x0000000008000fb8                UsageFault_Handler
 .text.SVC_Handler
                0x0000000008000fbe        0xe ./Core/Src/stm32f4xx_it.o
                0x0000000008000fbe                SVC_Handler
 .text.DebugMon_Handler
                0x0000000008000fcc        0xe ./Core/Src/stm32f4xx_it.o
                0x0000000008000fcc                DebugMon_Handler
 .text.PendSV_Handler
                0x0000000008000fda        0xe ./Core/Src/stm32f4xx_it.o
                0x0000000008000fda                PendSV_Handler
 .text.SysTick_Handler
                0x0000000008000fe8        0xc ./Core/Src/stm32f4xx_it.o
                0x0000000008000fe8                SysTick_Handler
 .text.EXTI0_IRQHandler
                0x0000000008000ff4        0xe ./Core/Src/stm32f4xx_it.o
                0x0000000008000ff4                EXTI0_IRQHandler
 .text.EXTI2_IRQHandler
                0x0000000008001002        0xe ./Core/Src/stm32f4xx_it.o
                0x0000000008001002                EXTI2_IRQHandler
 .text.EXTI4_IRQHandler
                0x0000000008001010        0xe ./Core/Src/stm32f4xx_it.o
                0x0000000008001010                EXTI4_IRQHandler
 *fill*         0x000000000800101e        0x2 
 .text.TIM1_BRK_TIM9_IRQHandler
                0x0000000008001020       0x14 ./Core/Src/stm32f4xx_it.o
                0x0000000008001020                TIM1_BRK_TIM9_IRQHandler
 .text.TIM1_UP_TIM10_IRQHandler
                0x0000000008001034       0x14 ./Core/Src/stm32f4xx_it.o
                0x0000000008001034                TIM1_UP_TIM10_IRQHandler
 .text.TIM1_TRG_COM_TIM11_IRQHandler
                0x0000000008001048       0x14 ./Core/Src/stm32f4xx_it.o
                0x0000000008001048                TIM1_TRG_COM_TIM11_IRQHandler
 .text.TIM3_IRQHandler
                0x000000000800105c       0x14 ./Core/Src/stm32f4xx_it.o
                0x000000000800105c                TIM3_IRQHandler
 .text.USART1_IRQHandler
                0x0000000008001070       0x14 ./Core/Src/stm32f4xx_it.o
                0x0000000008001070                USART1_IRQHandler
 .text.DMA2_Stream0_IRQHandler
                0x0000000008001084       0x14 ./Core/Src/stm32f4xx_it.o
                0x0000000008001084                DMA2_Stream0_IRQHandler
 .text.SystemInit
                0x0000000008001098       0x24 ./Core/Src/system_stm32f4xx.o
                0x0000000008001098                SystemInit
 .text.MX_TIM3_Init
                0x00000000080010bc       0x9c ./Core/Src/tim.o
                0x00000000080010bc                MX_TIM3_Init
 .text.MX_TIM9_Init
                0x0000000008001158       0x74 ./Core/Src/tim.o
                0x0000000008001158                MX_TIM9_Init
 .text.MX_TIM10_Init
                0x00000000080011cc       0x48 ./Core/Src/tim.o
                0x00000000080011cc                MX_TIM10_Init
 .text.MX_TIM11_Init
                0x0000000008001214       0x48 ./Core/Src/tim.o
                0x0000000008001214                MX_TIM11_Init
 .text.HAL_TIM_Base_MspInit
                0x000000000800125c      0x104 ./Core/Src/tim.o
                0x000000000800125c                HAL_TIM_Base_MspInit
 .text.MX_USART1_UART_Init
                0x0000000008001360       0x54 ./Core/Src/usart.o
                0x0000000008001360                MX_USART1_UART_Init
 .text.HAL_UART_MspInit
                0x00000000080013b4       0xa0 ./Core/Src/usart.o
                0x00000000080013b4                HAL_UART_MspInit
 .text.Reset_Handler
                0x0000000008001454       0x50 ./Core/Startup/startup_stm32f411ceux.o
                0x0000000008001454                Reset_Handler
 .text.Default_Handler
                0x00000000080014a4        0x2 ./Core/Startup/startup_stm32f411ceux.o
                0x00000000080014a4                RTC_Alarm_IRQHandler
                0x00000000080014a4                SPI4_IRQHandler
                0x00000000080014a4                TIM1_CC_IRQHandler
                0x00000000080014a4                DMA2_Stream5_IRQHandler
                0x00000000080014a4                DMA1_Stream5_IRQHandler
                0x00000000080014a4                PVD_IRQHandler
                0x00000000080014a4                SDIO_IRQHandler
                0x00000000080014a4                TAMP_STAMP_IRQHandler
                0x00000000080014a4                EXTI3_IRQHandler
                0x00000000080014a4                I2C3_ER_IRQHandler
                0x00000000080014a4                I2C2_EV_IRQHandler
                0x00000000080014a4                DMA1_Stream2_IRQHandler
                0x00000000080014a4                FPU_IRQHandler
                0x00000000080014a4                DMA2_Stream2_IRQHandler
                0x00000000080014a4                SPI1_IRQHandler
                0x00000000080014a4                DMA2_Stream3_IRQHandler
                0x00000000080014a4                USART6_IRQHandler
                0x00000000080014a4                TIM4_IRQHandler
                0x00000000080014a4                I2C1_EV_IRQHandler
                0x00000000080014a4                DMA1_Stream6_IRQHandler
                0x00000000080014a4                DMA1_Stream1_IRQHandler
                0x00000000080014a4                RCC_IRQHandler
                0x00000000080014a4                Default_Handler
                0x00000000080014a4                EXTI15_10_IRQHandler
                0x00000000080014a4                ADC_IRQHandler
                0x00000000080014a4                DMA1_Stream7_IRQHandler
                0x00000000080014a4                SPI5_IRQHandler
                0x00000000080014a4                TIM5_IRQHandler
                0x00000000080014a4                DMA2_Stream7_IRQHandler
                0x00000000080014a4                I2C3_EV_IRQHandler
                0x00000000080014a4                EXTI9_5_IRQHandler
                0x00000000080014a4                RTC_WKUP_IRQHandler
                0x00000000080014a4                SPI2_IRQHandler
                0x00000000080014a4                DMA1_Stream0_IRQHandler
                0x00000000080014a4                WWDG_IRQHandler
                0x00000000080014a4                TIM2_IRQHandler
                0x00000000080014a4                OTG_FS_WKUP_IRQHandler
                0x00000000080014a4                EXTI1_IRQHandler
                0x00000000080014a4                USART2_IRQHandler
                0x00000000080014a4                I2C2_ER_IRQHandler
                0x00000000080014a4                DMA2_Stream1_IRQHandler
                0x00000000080014a4                FLASH_IRQHandler
                0x00000000080014a4                DMA2_Stream4_IRQHandler
                0x00000000080014a4                OTG_FS_IRQHandler
                0x00000000080014a4                SPI3_IRQHandler
                0x00000000080014a4                DMA1_Stream4_IRQHandler
                0x00000000080014a4                I2C1_ER_IRQHandler
                0x00000000080014a4                DMA2_Stream6_IRQHandler
                0x00000000080014a4                DMA1_Stream3_IRQHandler
 *fill*         0x00000000080014a6        0x2 
 .text.HAL_Init
                0x00000000080014a8       0x44 ./Drivers/STM32F4xx_HAL_Driver/Src/stm32f4xx_hal.o
                0x00000000080014a8                HAL_Init
 .text.HAL_InitTick
                0x00000000080014ec       0x60 ./Drivers/STM32F4xx_HAL_Driver/Src/stm32f4xx_hal.o
                0x00000000080014ec                HAL_InitTick
 .text.HAL_IncTick
                0x000000000800154c       0x28 ./Drivers/STM32F4xx_HAL_Driver/Src/stm32f4xx_hal.o
                0x000000000800154c                HAL_IncTick
 .text.HAL_GetTick
                0x0000000008001574       0x18 ./Drivers/STM32F4xx_HAL_Driver/Src/stm32f4xx_hal.o
                0x0000000008001574                HAL_GetTick
 .text.HAL_Delay
                0x000000000800158c       0x48 ./Drivers/STM32F4xx_HAL_Driver/Src/stm32f4xx_hal.o
                0x000000000800158c                HAL_Delay
 .text.HAL_ADC_Init
                0x00000000080015d4       0x86 ./Drivers/STM32F4xx_HAL_Driver/Src/stm32f4xx_hal_adc.o
                0x00000000080015d4                HAL_ADC_Init
 *fill*         0x000000000800165a        0x2 
 .text.HAL_ADC_Start_DMA
                0x000000000800165c      0x1e0 ./Drivers/STM32F4xx_HAL_Driver/Src/stm32f4xx_hal_adc.o
                0x000000000800165c                HAL_ADC_Start_DMA
 .text.HAL_ADC_ConvCpltCallback
                0x000000000800183c       0x14 ./Drivers/STM32F4xx_HAL_Driver/Src/stm32f4xx_hal_adc.o
                0x000000000800183c                HAL_ADC_ConvCpltCallback
 .text.HAL_ADC_ConvHalfCpltCallback
                0x0000000008001850       0x14 ./Drivers/STM32F4xx_HAL_Driver/Src/stm32f4xx_hal_adc.o
                0x0000000008001850                HAL_ADC_ConvHalfCpltCallback
 .text.HAL_ADC_ErrorCallback
                0x0000000008001864       0x14 ./Drivers/STM32F4xx_HAL_Driver/Src/stm32f4xx_hal_adc.o
                0x0000000008001864                HAL_ADC_ErrorCallback
 .text.HAL_ADC_ConfigChannel
                0x0000000008001878      0x264 ./Drivers/STM32F4xx_HAL_Driver/Src/stm32f4xx_hal_adc.o
                0x0000000008001878                HAL_ADC_ConfigChannel
 .text.ADC_Init
                0x0000000008001adc      0x1f8 ./Drivers/STM32F4xx_HAL_Driver/Src/stm32f4xx_hal_adc.o
 .text.ADC_DMAConvCplt
                0x0000000008001cd4       0xba ./Drivers/STM32F4xx_HAL_Driver/Src/stm32f4xx_hal_adc.o
 .text.ADC_DMAHalfConvCplt
                0x0000000008001d8e       0x1c ./Drivers/STM32F4xx_HAL_Driver/Src/stm32f4xx_hal_adc.o
 .text.ADC_DMAError
                0x0000000008001daa       0x2e ./Drivers/STM32F4xx_HAL_Driver/Src/stm32f4xx_hal_adc.o
 .text.__NVIC_SetPriorityGrouping
                0x0000000008001dd8       0x48 ./Drivers/STM32F4xx_HAL_Driver/Src/stm32f4xx_hal_cortex.o
 .text.__NVIC_GetPriorityGrouping
                0x0000000008001e20       0x1c ./Drivers/STM32F4xx_HAL_Driver/Src/stm32f4xx_hal_cortex.o
 .text.__NVIC_EnableIRQ
                0x0000000008001e3c       0x3c ./Drivers/STM32F4xx_HAL_Driver/Src/stm32f4xx_hal_cortex.o
 .text.__NVIC_SetPriority
                0x0000000008001e78       0x54 ./Drivers/STM32F4xx_HAL_Driver/Src/stm32f4xx_hal_cortex.o
 .text.NVIC_EncodePriority
                0x0000000008001ecc       0x66 ./Drivers/STM32F4xx_HAL_Driver/Src/stm32f4xx_hal_cortex.o
 *fill*         0x0000000008001f32        0x2 
 .text.SysTick_Config
                0x0000000008001f34       0x44 ./Drivers/STM32F4xx_HAL_Driver/Src/stm32f4xx_hal_cortex.o
 .text.HAL_NVIC_SetPriorityGrouping
                0x0000000008001f78       0x16 ./Drivers/STM32F4xx_HAL_Driver/Src/stm32f4xx_hal_cortex.o
                0x0000000008001f78                HAL_NVIC_SetPriorityGrouping
 .text.HAL_NVIC_SetPriority
                0x0000000008001f8e       0x38 ./Drivers/STM32F4xx_HAL_Driver/Src/stm32f4xx_hal_cortex.o
                0x0000000008001f8e                HAL_NVIC_SetPriority
 .text.HAL_NVIC_EnableIRQ
                0x0000000008001fc6       0x1c ./Drivers/STM32F4xx_HAL_Driver/Src/stm32f4xx_hal_cortex.o
                0x0000000008001fc6                HAL_NVIC_EnableIRQ
 .text.HAL_SYSTICK_Config
                0x0000000008001fe2       0x18 ./Drivers/STM32F4xx_HAL_Driver/Src/stm32f4xx_hal_cortex.o
                0x0000000008001fe2                HAL_SYSTICK_Config
 *fill*         0x0000000008001ffa        0x2 
 .text.HAL_DMA_Init
                0x0000000008001ffc      0x15c ./Drivers/STM32F4xx_HAL_Driver/Src/stm32f4xx_hal_dma.o
                0x0000000008001ffc                HAL_DMA_Init
 .text.HAL_DMA_Start_IT
                0x0000000008002158       0xb0 ./Drivers/STM32F4xx_HAL_Driver/Src/stm32f4xx_hal_dma.o
                0x0000000008002158                HAL_DMA_Start_IT
 .text.HAL_DMA_Abort
                0x0000000008002208       0xe0 ./Drivers/STM32F4xx_HAL_Driver/Src/stm32f4xx_hal_dma.o
                0x0000000008002208                HAL_DMA_Abort
 .text.HAL_DMA_Abort_IT
                0x00000000080022e8       0x44 ./Drivers/STM32F4xx_HAL_Driver/Src/stm32f4xx_hal_dma.o
                0x00000000080022e8                HAL_DMA_Abort_IT
 .text.HAL_DMA_IRQHandler
                0x000000000800232c      0x314 ./Drivers/STM32F4xx_HAL_Driver/Src/stm32f4xx_hal_dma.o
                0x000000000800232c                HAL_DMA_IRQHandler
 .text.DMA_SetConfig
                0x0000000008002640       0x5c ./Drivers/STM32F4xx_HAL_Driver/Src/stm32f4xx_hal_dma.o
 .text.DMA_CalcBaseAndBitshift
                0x000000000800269c       0x6c ./Drivers/STM32F4xx_HAL_Driver/Src/stm32f4xx_hal_dma.o
 .text.DMA_CheckFifoParam
                0x0000000008002708       0xf8 ./Drivers/STM32F4xx_HAL_Driver/Src/stm32f4xx_hal_dma.o
 .text.HAL_GPIO_Init
                0x0000000008002800      0x308 ./Drivers/STM32F4xx_HAL_Driver/Src/stm32f4xx_hal_gpio.o
                0x0000000008002800                HAL_GPIO_Init
 .text.HAL_GPIO_WritePin
                0x0000000008002b08       0x32 ./Drivers/STM32F4xx_HAL_Driver/Src/stm32f4xx_hal_gpio.o
                0x0000000008002b08                HAL_GPIO_WritePin
 .text.HAL_GPIO_TogglePin
                0x0000000008002b3a       0x34 ./Drivers/STM32F4xx_HAL_Driver/Src/stm32f4xx_hal_gpio.o
                0x0000000008002b3a                HAL_GPIO_TogglePin
 *fill*         0x0000000008002b6e        0x2 
 .text.HAL_GPIO_EXTI_IRQHandler
                0x0000000008002b70       0x30 ./Drivers/STM32F4xx_HAL_Driver/Src/stm32f4xx_hal_gpio.o
                0x0000000008002b70                HAL_GPIO_EXTI_IRQHandler
 .text.HAL_I2C_Init
                0x0000000008002ba0      0x288 ./Drivers/STM32F4xx_HAL_Driver/Src/stm32f4xx_hal_i2c.o
                0x0000000008002ba0                HAL_I2C_Init
 .text.HAL_RCC_OscConfig
                0x0000000008002e28      0x4f0 ./Drivers/STM32F4xx_HAL_Driver/Src/stm32f4xx_hal_rcc.o
                0x0000000008002e28                HAL_RCC_OscConfig
 .text.HAL_RCC_ClockConfig
                0x0000000008003318      0x1cc ./Drivers/STM32F4xx_HAL_Driver/Src/stm32f4xx_hal_rcc.o
                0x0000000008003318                HAL_RCC_ClockConfig
 .text.HAL_RCC_GetSysClockFreq
                0x00000000080034e4      0x16c ./Drivers/STM32F4xx_HAL_Driver/Src/stm32f4xx_hal_rcc.o
                0x00000000080034e4                HAL_RCC_GetSysClockFreq
 .text.HAL_RCC_GetHCLKFreq
                0x0000000008003650       0x18 ./Drivers/STM32F4xx_HAL_Driver/Src/stm32f4xx_hal_rcc.o
                0x0000000008003650                HAL_RCC_GetHCLKFreq
 .text.HAL_RCC_GetPCLK1Freq
                0x0000000008003668       0x28 ./Drivers/STM32F4xx_HAL_Driver/Src/stm32f4xx_hal_rcc.o
                0x0000000008003668                HAL_RCC_GetPCLK1Freq
 .text.HAL_RCC_GetPCLK2Freq
                0x0000000008003690       0x28 ./Drivers/STM32F4xx_HAL_Driver/Src/stm32f4xx_hal_rcc.o
                0x0000000008003690                HAL_RCC_GetPCLK2Freq
 .text.HAL_TIM_Base_Init
                0x00000000080036b8       0x9e ./Drivers/STM32F4xx_HAL_Driver/Src/stm32f4xx_hal_tim.o
                0x00000000080036b8                HAL_TIM_Base_Init
 *fill*         0x0000000008003756        0x2 
 .text.HAL_TIM_Base_Start_IT
                0x0000000008003758       0xc4 ./Drivers/STM32F4xx_HAL_Driver/Src/stm32f4xx_hal_tim.o
                0x0000000008003758                HAL_TIM_Base_Start_IT
 .text.HAL_TIM_IRQHandler
                0x000000000800381c      0x210 ./Drivers/STM32F4xx_HAL_Driver/Src/stm32f4xx_hal_tim.o
                0x000000000800381c                HAL_TIM_IRQHandler
 .text.HAL_TIM_ConfigClockSource
                0x0000000008003a2c      0x18e ./Drivers/STM32F4xx_HAL_Driver/Src/stm32f4xx_hal_tim.o
                0x0000000008003a2c                HAL_TIM_ConfigClockSource
 .text.HAL_TIM_OC_DelayElapsedCallback
                0x0000000008003bba       0x14 ./Drivers/STM32F4xx_HAL_Driver/Src/stm32f4xx_hal_tim.o
                0x0000000008003bba                HAL_TIM_OC_DelayElapsedCallback
 .text.HAL_TIM_IC_CaptureCallback
                0x0000000008003bce       0x14 ./Drivers/STM32F4xx_HAL_Driver/Src/stm32f4xx_hal_tim.o
                0x0000000008003bce                HAL_TIM_IC_CaptureCallback
 .text.HAL_TIM_PWM_PulseFinishedCallback
                0x0000000008003be2       0x14 ./Drivers/STM32F4xx_HAL_Driver/Src/stm32f4xx_hal_tim.o
                0x0000000008003be2                HAL_TIM_PWM_PulseFinishedCallback
 .text.HAL_TIM_TriggerCallback
                0x0000000008003bf6       0x14 ./Drivers/STM32F4xx_HAL_Driver/Src/stm32f4xx_hal_tim.o
                0x0000000008003bf6                HAL_TIM_TriggerCallback
 *fill*         0x0000000008003c0a        0x2 
 .text.TIM_Base_SetConfig
                0x0000000008003c0c      0x100 ./Drivers/STM32F4xx_HAL_Driver/Src/stm32f4xx_hal_tim.o
                0x0000000008003c0c                TIM_Base_SetConfig
 .text.TIM_TI1_ConfigInputStage
                0x0000000008003d0c       0x5e ./Drivers/STM32F4xx_HAL_Driver/Src/stm32f4xx_hal_tim.o
 .text.TIM_TI2_ConfigInputStage
                0x0000000008003d6a       0x60 ./Drivers/STM32F4xx_HAL_Driver/Src/stm32f4xx_hal_tim.o
 .text.TIM_ITRx_SetConfig
                0x0000000008003dca       0x36 ./Drivers/STM32F4xx_HAL_Driver/Src/stm32f4xx_hal_tim.o
 .text.TIM_ETR_SetConfig
                0x0000000008003e00       0x40 ./Drivers/STM32F4xx_HAL_Driver/Src/stm32f4xx_hal_tim.o
                0x0000000008003e00                TIM_ETR_SetConfig
 .text.HAL_TIMEx_MasterConfigSynchronization
                0x0000000008003e40       0xdc ./Drivers/STM32F4xx_HAL_Driver/Src/stm32f4xx_hal_tim_ex.o
                0x0000000008003e40                HAL_TIMEx_MasterConfigSynchronization
 .text.HAL_TIMEx_CommutCallback
                0x0000000008003f1c       0x14 ./Drivers/STM32F4xx_HAL_Driver/Src/stm32f4xx_hal_tim_ex.o
                0x0000000008003f1c                HAL_TIMEx_CommutCallback
 .text.HAL_TIMEx_BreakCallback
                0x0000000008003f30       0x14 ./Drivers/STM32F4xx_HAL_Driver/Src/stm32f4xx_hal_tim_ex.o
                0x0000000008003f30                HAL_TIMEx_BreakCallback
 .text.HAL_UART_Init
                0x0000000008003f44       0x9a ./Drivers/STM32F4xx_HAL_Driver/Src/stm32f4xx_hal_uart.o
                0x0000000008003f44                HAL_UART_Init
 *fill*         0x0000000008003fde        0x2 
 .text.HAL_UART_IRQHandler
                0x0000000008003fe0      0x51c ./Drivers/STM32F4xx_HAL_Driver/Src/stm32f4xx_hal_uart.o
                0x0000000008003fe0                HAL_UART_IRQHandler
 .text.HAL_UART_TxCpltCallback
                0x00000000080044fc       0x14 ./Drivers/STM32F4xx_HAL_Driver/Src/stm32f4xx_hal_uart.o
                0x00000000080044fc                HAL_UART_TxCpltCallback
 .text.HAL_UART_RxCpltCallback
                0x0000000008004510       0x14 ./Drivers/STM32F4xx_HAL_Driver/Src/stm32f4xx_hal_uart.o
                0x0000000008004510                HAL_UART_RxCpltCallback
 .text.HAL_UART_ErrorCallback
                0x0000000008004524       0x14 ./Drivers/STM32F4xx_HAL_Driver/Src/stm32f4xx_hal_uart.o
                0x0000000008004524                HAL_UART_ErrorCallback
 .text.HAL_UARTEx_RxEventCallback
                0x0000000008004538       0x18 ./Drivers/STM32F4xx_HAL_Driver/Src/stm32f4xx_hal_uart.o
                0x0000000008004538                HAL_UARTEx_RxEventCallback
 .text.UART_EndRxTransfer
                0x0000000008004550       0xc6 ./Drivers/STM32F4xx_HAL_Driver/Src/stm32f4xx_hal_uart.o
 .text.UART_DMAAbortOnError
                0x0000000008004616       0x28 ./Drivers/STM32F4xx_HAL_Driver/Src/stm32f4xx_hal_uart.o
 .text.UART_Transmit_IT
                0x000000000800463e       0xa0 ./Drivers/STM32F4xx_HAL_Driver/Src/stm32f4xx_hal_uart.o
 .text.UART_EndTransmit_IT
                0x00000000080046de       0x30 ./Drivers/STM32F4xx_HAL_Driver/Src/stm32f4xx_hal_uart.o
 .text.UART_Receive_IT
                0x000000000800470e      0x176 ./Drivers/STM32F4xx_HAL_Driver/Src/stm32f4xx_hal_uart.o
 .text.UART_SetConfig
                0x0000000008004884      0x390 ./Drivers/STM32F4xx_HAL_Driver/Src/stm32f4xx_hal_uart.o
 .text.get_ADCdata
                0x0000000008004c14      0x180 ./HardWare/adc_data.o
                0x0000000008004c14                get_ADCdata
 .text.Bat_Filter
                0x0000000008004d94       0x8c ./HardWare/battery_spy.o
                0x0000000008004d94                Bat_Filter
 .text.Bat_Spy  0x0000000008004e20       0x6c ./HardWare/battery_spy.o
                0x0000000008004e20                Bat_Spy
 .text.Open_LED
                0x0000000008004e8c       0x90 ./HardWare/led.o
                0x0000000008004e8c                Open_LED
 .text.Close_LED
                0x0000000008004f1c       0x90 ./HardWare/led.o
                0x0000000008004f1c                Close_LED
 .text.Motor_Open
                0x0000000008004fac       0x18 ./HardWare/motor.o
                0x0000000008004fac                Motor_Open
 .text.Motor_Close
                0x0000000008004fc4       0x18 ./HardWare/motor.o
                0x0000000008004fc4                Motor_Close
 .text.__libc_init_array
                0x0000000008004fdc       0x48 d:/stm32cubeidedatauser/stm32cubeide_1.7.0/stm32cubeide/plugins/com.st.stm32cube.ide.mcu.externaltools.gnu-tools-for-stm32.9-2020-q2-update.win32_2.0.0.202105311346/tools/bin/../lib/gcc/arm-none-eabi/9.3.1/../../../../arm-none-eabi/lib/thumb/v7e-m+fp/hard\libc_nano.a(lib_a-init.o)
                0x0000000008004fdc                __libc_init_array
 .text.memset   0x0000000008005024       0x10 d:/stm32cubeidedatauser/stm32cubeide_1.7.0/stm32cubeide/plugins/com.st.stm32cube.ide.mcu.externaltools.gnu-tools-for-stm32.9-2020-q2-update.win32_2.0.0.202105311346/tools/bin/../lib/gcc/arm-none-eabi/9.3.1/../../../../arm-none-eabi/lib/thumb/v7e-m+fp/hard\libc_nano.a(lib_a-memset.o)
                0x0000000008005024                memset
 *(.glue_7)
 .glue_7        0x0000000008005034        0x0 linker stubs
 *(.glue_7t)
 .glue_7t       0x0000000008005034        0x0 linker stubs
 *(.eh_frame)
 .eh_frame      0x0000000008005034        0x0 d:/stm32cubeidedatauser/stm32cubeide_1.7.0/stm32cubeide/plugins/com.st.stm32cube.ide.mcu.externaltools.gnu-tools-for-stm32.9-2020-q2-update.win32_2.0.0.202105311346/tools/bin/../lib/gcc/arm-none-eabi/9.3.1/thumb/v7e-m+fp/hard/crtbegin.o
 *(.init)
 .init          0x0000000008005034        0x4 d:/stm32cubeidedatauser/stm32cubeide_1.7.0/stm32cubeide/plugins/com.st.stm32cube.ide.mcu.externaltools.gnu-tools-for-stm32.9-2020-q2-update.win32_2.0.0.202105311346/tools/bin/../lib/gcc/arm-none-eabi/9.3.1/thumb/v7e-m+fp/hard/crti.o
                0x0000000008005034                _init
 .init          0x0000000008005038        0x8 d:/stm32cubeidedatauser/stm32cubeide_1.7.0/stm32cubeide/plugins/com.st.stm32cube.ide.mcu.externaltools.gnu-tools-for-stm32.9-2020-q2-update.win32_2.0.0.202105311346/tools/bin/../lib/gcc/arm-none-eabi/9.3.1/thumb/v7e-m+fp/hard/crtn.o
 *(.fini)
 .fini          0x0000000008005040        0x4 d:/stm32cubeidedatauser/stm32cubeide_1.7.0/stm32cubeide/plugins/com.st.stm32cube.ide.mcu.externaltools.gnu-tools-for-stm32.9-2020-q2-update.win32_2.0.0.202105311346/tools/bin/../lib/gcc/arm-none-eabi/9.3.1/thumb/v7e-m+fp/hard/crti.o
                0x0000000008005040                _fini
 .fini          0x0000000008005044        0x8 d:/stm32cubeidedatauser/stm32cubeide_1.7.0/stm32cubeide/plugins/com.st.stm32cube.ide.mcu.externaltools.gnu-tools-for-stm32.9-2020-q2-update.win32_2.0.0.202105311346/tools/bin/../lib/gcc/arm-none-eabi/9.3.1/thumb/v7e-m+fp/hard/crtn.o
                0x000000000800504c                . = ALIGN (0x4)
                0x000000000800504c                _etext = .

.vfp11_veneer   0x000000000800504c        0x0
 .vfp11_veneer  0x000000000800504c        0x0 linker stubs

.v4_bx          0x000000000800504c        0x0
 .v4_bx         0x000000000800504c        0x0 linker stubs

.iplt           0x000000000800504c        0x0
 .iplt          0x000000000800504c        0x0 d:/stm32cubeidedatauser/stm32cubeide_1.7.0/stm32cubeide/plugins/com.st.stm32cube.ide.mcu.externaltools.gnu-tools-for-stm32.9-2020-q2-update.win32_2.0.0.202105311346/tools/bin/../lib/gcc/arm-none-eabi/9.3.1/thumb/v7e-m+fp/hard/crtbegin.o

.rodata         0x000000000800504c       0x20
                0x000000000800504c                . = ALIGN (0x4)
 *(.rodata)
 *(.rodata*)
 .rodata.AHBPrescTable
                0x000000000800504c       0x10 ./Core/Src/system_stm32f4xx.o
                0x000000000800504c                AHBPrescTable
 .rodata.APBPrescTable
                0x000000000800505c        0x8 ./Core/Src/system_stm32f4xx.o
                0x000000000800505c                APBPrescTable
 .rodata.flagBitshiftOffset.8853
                0x0000000008005064        0x8 ./Drivers/STM32F4xx_HAL_Driver/Src/stm32f4xx_hal_dma.o
                0x000000000800506c                . = ALIGN (0x4)

.ARM.extab      0x000000000800506c        0x0
                0x000000000800506c                . = ALIGN (0x4)
 *(.ARM.extab* .gnu.linkonce.armextab.*)
                0x000000000800506c                . = ALIGN (0x4)

.ARM            0x000000000800506c        0x8
                0x000000000800506c                . = ALIGN (0x4)
                0x000000000800506c                __exidx_start = .
 *(.ARM.exidx*)
 .ARM.exidx     0x000000000800506c        0x8 d:/stm32cubeidedatauser/stm32cubeide_1.7.0/stm32cubeide/plugins/com.st.stm32cube.ide.mcu.externaltools.gnu-tools-for-stm32.9-2020-q2-update.win32_2.0.0.202105311346/tools/bin/../lib/gcc/arm-none-eabi/9.3.1/thumb/v7e-m+fp/hard\libgcc.a(_udivmoddi4.o)
                0x0000000008005074                __exidx_end = .
                0x0000000008005074                . = ALIGN (0x4)

.rel.dyn        0x0000000008005074        0x0
 .rel.iplt      0x0000000008005074        0x0 d:/stm32cubeidedatauser/stm32cubeide_1.7.0/stm32cubeide/plugins/com.st.stm32cube.ide.mcu.externaltools.gnu-tools-for-stm32.9-2020-q2-update.win32_2.0.0.202105311346/tools/bin/../lib/gcc/arm-none-eabi/9.3.1/thumb/v7e-m+fp/hard/crtbegin.o

.preinit_array  0x0000000008005074        0x0
                0x0000000008005074                . = ALIGN (0x4)
                0x0000000008005074                PROVIDE (__preinit_array_start = .)
 *(.preinit_array*)
                0x0000000008005074                PROVIDE (__preinit_array_end = .)
                0x0000000008005074                . = ALIGN (0x4)

.init_array     0x0000000008005074        0x4
                0x0000000008005074                . = ALIGN (0x4)
                0x0000000008005074                PROVIDE (__init_array_start = .)
 *(SORT_BY_NAME(.init_array.*))
 *(.init_array*)
 .init_array    0x0000000008005074        0x4 d:/stm32cubeidedatauser/stm32cubeide_1.7.0/stm32cubeide/plugins/com.st.stm32cube.ide.mcu.externaltools.gnu-tools-for-stm32.9-2020-q2-update.win32_2.0.0.202105311346/tools/bin/../lib/gcc/arm-none-eabi/9.3.1/thumb/v7e-m+fp/hard/crtbegin.o
                0x0000000008005078                PROVIDE (__init_array_end = .)
                0x0000000008005078                . = ALIGN (0x4)

.fini_array     0x0000000008005078        0x4
                0x0000000008005078                . = ALIGN (0x4)
                [!provide]                        PROVIDE (__fini_array_start = .)
 *(SORT_BY_NAME(.fini_array.*))
 *(.fini_array*)
 .fini_array    0x0000000008005078        0x4 d:/stm32cubeidedatauser/stm32cubeide_1.7.0/stm32cubeide/plugins/com.st.stm32cube.ide.mcu.externaltools.gnu-tools-for-stm32.9-2020-q2-update.win32_2.0.0.202105311346/tools/bin/../lib/gcc/arm-none-eabi/9.3.1/thumb/v7e-m+fp/hard/crtbegin.o
                [!provide]                        PROVIDE (__fini_array_end = .)
                0x000000000800507c                . = ALIGN (0x4)
                0x000000000800507c                _sidata = LOADADDR (.data)

.data           0x0000000020000000       0x28 load address 0x000000000800507c
                0x0000000020000000                . = ALIGN (0x4)
                0x0000000020000000                _sdata = .
 *(.data)
 *(.data*)
 .data.SystemCoreClock
                0x0000000020000000        0x4 ./Core/Src/system_stm32f4xx.o
                0x0000000020000000                SystemCoreClock
 .data.uwTickPrio
                0x0000000020000004        0x4 ./Drivers/STM32F4xx_HAL_Driver/Src/stm32f4xx_hal.o
                0x0000000020000004                uwTickPrio
 .data.uwTickFreq
                0x0000000020000008        0x1 ./Drivers/STM32F4xx_HAL_Driver/Src/stm32f4xx_hal.o
                0x0000000020000008                uwTickFreq
 *fill*         0x0000000020000009        0x3 
 .data.Emg_Data_Sent
                0x000000002000000c       0x14 ./HardWare/adc_data.o
                0x000000002000000c                Emg_Data_Sent
 .data.UP_Mid   0x0000000020000020        0x2 ./HardWare/battery_spy.o
                0x0000000020000020                UP_Mid
 .data.DOWN_Mid
                0x0000000020000022        0x2 ./HardWare/battery_spy.o
                0x0000000020000022                DOWN_Mid
 .data.UP_Low   0x0000000020000024        0x2 ./HardWare/battery_spy.o
                0x0000000020000024                UP_Low
 .data.Down_Low
                0x0000000020000026        0x2 ./HardWare/battery_spy.o
                0x0000000020000026                Down_Low
 *(.RamFunc)
 *(.RamFunc*)
                0x0000000020000028                . = ALIGN (0x4)
                0x0000000020000028                _edata = .

.igot.plt       0x0000000020000028        0x0 load address 0x00000000080050a4
 .igot.plt      0x0000000020000028        0x0 d:/stm32cubeidedatauser/stm32cubeide_1.7.0/stm32cubeide/plugins/com.st.stm32cube.ide.mcu.externaltools.gnu-tools-for-stm32.9-2020-q2-update.win32_2.0.0.202105311346/tools/bin/../lib/gcc/arm-none-eabi/9.3.1/thumb/v7e-m+fp/hard/crtbegin.o
                0x0000000020000028                . = ALIGN (0x4)

.bss            0x0000000020000028      0x354 load address 0x00000000080050a4
                0x0000000020000028                _sbss = .
                0x0000000020000028                __bss_start__ = _sbss
 *(.bss)
 .bss           0x0000000020000028       0x1c d:/stm32cubeidedatauser/stm32cubeide_1.7.0/stm32cubeide/plugins/com.st.stm32cube.ide.mcu.externaltools.gnu-tools-for-stm32.9-2020-q2-update.win32_2.0.0.202105311346/tools/bin/../lib/gcc/arm-none-eabi/9.3.1/thumb/v7e-m+fp/hard/crtbegin.o
 *(.bss*)
 .bss.User_ADC  0x0000000020000044       0x24 ./Core/Src/main.o
                0x0000000020000044                User_ADC
 .bss.AD_Value_Temp
                0x0000000020000068       0x24 ./HardWare/adc_data.o
                0x0000000020000068                AD_Value_Temp
 .bss.AD_Sent   0x000000002000008c       0x14 ./HardWare/adc_data.o
                0x000000002000008c                AD_Sent
 .bss.Li_battery
                0x00000000200000a0        0x4 ./HardWare/adc_data.o
                0x00000000200000a0                Li_battery
 .bss.index_B   0x00000000200000a4        0x1 ./HardWare/battery_spy.o
                0x00000000200000a4                index_B
 *fill*         0x00000000200000a5        0x1 
 .bss.sum       0x00000000200000a6        0x2 ./HardWare/battery_spy.o
                0x00000000200000a6                sum
 *(COMMON)
 COMMON         0x00000000200000a8       0xa8 ./Core/Src/adc.o
                0x00000000200000a8                hadc1
                0x00000000200000f0                hdma_adc1
 COMMON         0x0000000020000150       0x54 ./Core/Src/i2c.o
                0x0000000020000150                hi2c2
 COMMON         0x00000000200001a4       0x58 ./Core/Src/main.o
                0x00000000200001a4                Charge_state
                0x00000000200001a8                AD_Value
                0x00000000200001f8                Booth_state
                0x00000000200001f9                work_state
                0x00000000200001fa                htim9_flag
                0x00000000200001fb                TimeFlag
 COMMON         0x00000000200001fc      0x120 ./Core/Src/tim.o
                0x00000000200001fc                htim10
                0x0000000020000244                htim3
                0x000000002000028c                htim11
                0x00000000200002d4                htim9
 COMMON         0x000000002000031c       0x44 ./Core/Src/usart.o
                0x000000002000031c                huart1
 COMMON         0x0000000020000360        0x4 ./Drivers/STM32F4xx_HAL_Driver/Src/stm32f4xx_hal.o
                0x0000000020000360                uwTick
 COMMON         0x0000000020000364       0x16 ./HardWare/battery_spy.o
                0x0000000020000364                BatValueBuf
                0x0000000020000378                LI_Old_state
                0x000000002000037c                . = ALIGN (0x4)
 *fill*         0x000000002000037a        0x2 
                0x000000002000037c                _ebss = .
                0x000000002000037c                __bss_end__ = _ebss

._user_heap_stack
                0x000000002000037c      0x604 load address 0x00000000080050a4
                0x0000000020000380                . = ALIGN (0x8)
 *fill*         0x000000002000037c        0x4 
                [!provide]                        PROVIDE (end = .)
                0x0000000020000380                PROVIDE (_end = .)
                0x0000000020000580                . = (. + _Min_Heap_Size)
 *fill*         0x0000000020000380      0x200 
                0x0000000020000980                . = (. + _Min_Stack_Size)
 *fill*         0x0000000020000580      0x400 
                0x0000000020000980                . = ALIGN (0x8)

/DISCARD/
 libc.a(*)
 libm.a(*)
 libgcc.a(*)

.ARM.attributes
                0x0000000000000000       0x30
 *(.ARM.attributes)
 .ARM.attributes
                0x0000000000000000       0x1e d:/stm32cubeidedatauser/stm32cubeide_1.7.0/stm32cubeide/plugins/com.st.stm32cube.ide.mcu.externaltools.gnu-tools-for-stm32.9-2020-q2-update.win32_2.0.0.202105311346/tools/bin/../lib/gcc/arm-none-eabi/9.3.1/thumb/v7e-m+fp/hard/crti.o
 .ARM.attributes
                0x000000000000001e       0x34 d:/stm32cubeidedatauser/stm32cubeide_1.7.0/stm32cubeide/plugins/com.st.stm32cube.ide.mcu.externaltools.gnu-tools-for-stm32.9-2020-q2-update.win32_2.0.0.202105311346/tools/bin/../lib/gcc/arm-none-eabi/9.3.1/thumb/v7e-m+fp/hard/crtbegin.o
 .ARM.attributes
                0x0000000000000052       0x34 ./APP_User/app_user.o
 .ARM.attributes
                0x0000000000000086       0x34 ./APP_User/exit_work.o
 .ARM.attributes
                0x00000000000000ba       0x34 ./Core/Src/adc.o
 .ARM.attributes
                0x00000000000000ee       0x34 ./Core/Src/dma.o
 .ARM.attributes
                0x0000000000000122       0x34 ./Core/Src/gpio.o
 .ARM.attributes
                0x0000000000000156       0x34 ./Core/Src/i2c.o
 .ARM.attributes
                0x000000000000018a       0x34 ./Core/Src/main.o
 .ARM.attributes
                0x00000000000001be       0x34 ./Core/Src/stm32f4xx_hal_msp.o
 .ARM.attributes
                0x00000000000001f2       0x34 ./Core/Src/stm32f4xx_it.o
 .ARM.attributes
                0x0000000000000226       0x34 ./Core/Src/system_stm32f4xx.o
 .ARM.attributes
                0x000000000000025a       0x34 ./Core/Src/tim.o
 .ARM.attributes
                0x000000000000028e       0x34 ./Core/Src/usart.o
 .ARM.attributes
                0x00000000000002c2       0x21 ./Core/Startup/startup_stm32f411ceux.o
 .ARM.attributes
                0x00000000000002e3       0x34 ./Drivers/STM32F4xx_HAL_Driver/Src/stm32f4xx_hal.o
 .ARM.attributes
                0x0000000000000317       0x34 ./Drivers/STM32F4xx_HAL_Driver/Src/stm32f4xx_hal_adc.o
 .ARM.attributes
                0x000000000000034b       0x34 ./Drivers/STM32F4xx_HAL_Driver/Src/stm32f4xx_hal_cortex.o
 .ARM.attributes
                0x000000000000037f       0x34 ./Drivers/STM32F4xx_HAL_Driver/Src/stm32f4xx_hal_dma.o
 .ARM.attributes
                0x00000000000003b3       0x34 ./Drivers/STM32F4xx_HAL_Driver/Src/stm32f4xx_hal_gpio.o
 .ARM.attributes
                0x00000000000003e7       0x34 ./Drivers/STM32F4xx_HAL_Driver/Src/stm32f4xx_hal_i2c.o
 .ARM.attributes
                0x000000000000041b       0x34 ./Drivers/STM32F4xx_HAL_Driver/Src/stm32f4xx_hal_rcc.o
 .ARM.attributes
                0x000000000000044f       0x34 ./Drivers/STM32F4xx_HAL_Driver/Src/stm32f4xx_hal_tim.o
 .ARM.attributes
                0x0000000000000483       0x34 ./Drivers/STM32F4xx_HAL_Driver/Src/stm32f4xx_hal_tim_ex.o
 .ARM.attributes
                0x00000000000004b7       0x34 ./Drivers/STM32F4xx_HAL_Driver/Src/stm32f4xx_hal_uart.o
 .ARM.attributes
                0x00000000000004eb       0x34 ./HardWare/adc_data.o
 .ARM.attributes
                0x000000000000051f       0x34 ./HardWare/battery_spy.o
 .ARM.attributes
                0x0000000000000553       0x34 ./HardWare/led.o
 .ARM.attributes
                0x0000000000000587       0x34 ./HardWare/motor.o
 .ARM.attributes
                0x00000000000005bb       0x34 d:/stm32cubeidedatauser/stm32cubeide_1.7.0/stm32cubeide/plugins/com.st.stm32cube.ide.mcu.externaltools.gnu-tools-for-stm32.9-2020-q2-update.win32_2.0.0.202105311346/tools/bin/../lib/gcc/arm-none-eabi/9.3.1/../../../../arm-none-eabi/lib/thumb/v7e-m+fp/hard\libc_nano.a(lib_a-init.o)
 .ARM.attributes
                0x00000000000005ef       0x34 d:/stm32cubeidedatauser/stm32cubeide_1.7.0/stm32cubeide/plugins/com.st.stm32cube.ide.mcu.externaltools.gnu-tools-for-stm32.9-2020-q2-update.win32_2.0.0.202105311346/tools/bin/../lib/gcc/arm-none-eabi/9.3.1/../../../../arm-none-eabi/lib/thumb/v7e-m+fp/hard\libc_nano.a(lib_a-memset.o)
 .ARM.attributes
                0x0000000000000623       0x1e d:/stm32cubeidedatauser/stm32cubeide_1.7.0/stm32cubeide/plugins/com.st.stm32cube.ide.mcu.externaltools.gnu-tools-for-stm32.9-2020-q2-update.win32_2.0.0.202105311346/tools/bin/../lib/gcc/arm-none-eabi/9.3.1/thumb/v7e-m+fp/hard\libgcc.a(_aeabi_uldivmod.o)
 .ARM.attributes
                0x0000000000000641       0x34 d:/stm32cubeidedatauser/stm32cubeide_1.7.0/stm32cubeide/plugins/com.st.stm32cube.ide.mcu.externaltools.gnu-tools-for-stm32.9-2020-q2-update.win32_2.0.0.202105311346/tools/bin/../lib/gcc/arm-none-eabi/9.3.1/thumb/v7e-m+fp/hard\libgcc.a(_udivmoddi4.o)
 .ARM.attributes
                0x0000000000000675       0x1e d:/stm32cubeidedatauser/stm32cubeide_1.7.0/stm32cubeide/plugins/com.st.stm32cube.ide.mcu.externaltools.gnu-tools-for-stm32.9-2020-q2-update.win32_2.0.0.202105311346/tools/bin/../lib/gcc/arm-none-eabi/9.3.1/thumb/v7e-m+fp/hard\libgcc.a(_dvmd_tls.o)
 .ARM.attributes
                0x0000000000000693       0x1e d:/stm32cubeidedatauser/stm32cubeide_1.7.0/stm32cubeide/plugins/com.st.stm32cube.ide.mcu.externaltools.gnu-tools-for-stm32.9-2020-q2-update.win32_2.0.0.202105311346/tools/bin/../lib/gcc/arm-none-eabi/9.3.1/thumb/v7e-m+fp/hard/crtn.o
OUTPUT(User_Armlet.elf elf32-littlearm)
LOAD linker stubs
LOAD d:/stm32cubeidedatauser/stm32cubeide_1.7.0/stm32cubeide/plugins/com.st.stm32cube.ide.mcu.externaltools.gnu-tools-for-stm32.9-2020-q2-update.win32_2.0.0.202105311346/tools/bin/../lib/gcc/arm-none-eabi/9.3.1/../../../../arm-none-eabi/lib/thumb/v7e-m+fp/hard\libc.a
LOAD d:/stm32cubeidedatauser/stm32cubeide_1.7.0/stm32cubeide/plugins/com.st.stm32cube.ide.mcu.externaltools.gnu-tools-for-stm32.9-2020-q2-update.win32_2.0.0.202105311346/tools/bin/../lib/gcc/arm-none-eabi/9.3.1/../../../../arm-none-eabi/lib/thumb/v7e-m+fp/hard\libm.a
LOAD d:/stm32cubeidedatauser/stm32cubeide_1.7.0/stm32cubeide/plugins/com.st.stm32cube.ide.mcu.externaltools.gnu-tools-for-stm32.9-2020-q2-update.win32_2.0.0.202105311346/tools/bin/../lib/gcc/arm-none-eabi/9.3.1/thumb/v7e-m+fp/hard\libgcc.a

.debug_info     0x0000000000000000    0x1f42b
 .debug_info    0x0000000000000000     0x14ed ./APP_User/app_user.o
 .debug_info    0x00000000000014ed      0xfce ./APP_User/exit_work.o
 .debug_info    0x00000000000024bb     0x13a9 ./Core/Src/adc.o
 .debug_info    0x0000000000003864     0x1301 ./Core/Src/dma.o
 .debug_info    0x0000000000004b65     0x1467 ./Core/Src/gpio.o
 .debug_info    0x0000000000005fcc     0x1320 ./Core/Src/i2c.o
 .debug_info    0x00000000000072ec     0x14dd ./Core/Src/main.o
 .debug_info    0x00000000000087c9     0x1189 ./Core/Src/stm32f4xx_hal_msp.o
 .debug_info    0x0000000000009952     0x109e ./Core/Src/stm32f4xx_it.o
 .debug_info    0x000000000000a9f0      0x5d0 ./Core/Src/system_stm32f4xx.o
 .debug_info    0x000000000000afc0     0x14eb ./Core/Src/tim.o
 .debug_info    0x000000000000c4ab     0x14b5 ./Core/Src/usart.o
 .debug_info    0x000000000000d960       0x22 ./Core/Startup/startup_stm32f411ceux.o
 .debug_info    0x000000000000d982      0x944 ./Drivers/STM32F4xx_HAL_Driver/Src/stm32f4xx_hal.o
 .debug_info    0x000000000000e2c6      0xdb4 ./Drivers/STM32F4xx_HAL_Driver/Src/stm32f4xx_hal_adc.o
 .debug_info    0x000000000000f07a      0xe47 ./Drivers/STM32F4xx_HAL_Driver/Src/stm32f4xx_hal_cortex.o
 .debug_info    0x000000000000fec1      0x9e9 ./Drivers/STM32F4xx_HAL_Driver/Src/stm32f4xx_hal_dma.o
 .debug_info    0x00000000000108aa      0x862 ./Drivers/STM32F4xx_HAL_Driver/Src/stm32f4xx_hal_gpio.o
 .debug_info    0x000000000001110c     0x2653 ./Drivers/STM32F4xx_HAL_Driver/Src/stm32f4xx_hal_i2c.o
 .debug_info    0x000000000001375f      0x9be ./Drivers/STM32F4xx_HAL_Driver/Src/stm32f4xx_hal_rcc.o
 .debug_info    0x000000000001411d     0x2c1a ./Drivers/STM32F4xx_HAL_Driver/Src/stm32f4xx_hal_tim.o
 .debug_info    0x0000000000016d37     0x159a ./Drivers/STM32F4xx_HAL_Driver/Src/stm32f4xx_hal_tim_ex.o
 .debug_info    0x00000000000182d1     0x31d6 ./Drivers/STM32F4xx_HAL_Driver/Src/stm32f4xx_hal_uart.o
 .debug_info    0x000000000001b4a7     0x101e ./HardWare/adc_data.o
 .debug_info    0x000000000001c4c5     0x1042 ./HardWare/battery_spy.o
 .debug_info    0x000000000001d507      0xfb7 ./HardWare/led.o
 .debug_info    0x000000000001e4be      0xf6d ./HardWare/motor.o

.debug_abbrev   0x0000000000000000     0x33b9
 .debug_abbrev  0x0000000000000000      0x1ef ./APP_User/app_user.o
 .debug_abbrev  0x00000000000001ef      0x17e ./APP_User/exit_work.o
 .debug_abbrev  0x000000000000036d      0x1e1 ./Core/Src/adc.o
 .debug_abbrev  0x000000000000054e      0x190 ./Core/Src/dma.o
 .debug_abbrev  0x00000000000006de      0x19b ./Core/Src/gpio.o
 .debug_abbrev  0x0000000000000879      0x1ce ./Core/Src/i2c.o
 .debug_abbrev  0x0000000000000a47      0x221 ./Core/Src/main.o
 .debug_abbrev  0x0000000000000c68      0x192 ./Core/Src/stm32f4xx_hal_msp.o
 .debug_abbrev  0x0000000000000dfa      0x1a1 ./Core/Src/stm32f4xx_it.o
 .debug_abbrev  0x0000000000000f9b      0x145 ./Core/Src/system_stm32f4xx.o
 .debug_abbrev  0x00000000000010e0      0x1f1 ./Core/Src/tim.o
 .debug_abbrev  0x00000000000012d1      0x1d7 ./Core/Src/usart.o
 .debug_abbrev  0x00000000000014a8       0x12 ./Core/Startup/startup_stm32f411ceux.o
 .debug_abbrev  0x00000000000014ba      0x21e ./Drivers/STM32F4xx_HAL_Driver/Src/stm32f4xx_hal.o
 .debug_abbrev  0x00000000000016d8      0x1ef ./Drivers/STM32F4xx_HAL_Driver/Src/stm32f4xx_hal_adc.o
 .debug_abbrev  0x00000000000018c7      0x33c ./Drivers/STM32F4xx_HAL_Driver/Src/stm32f4xx_hal_cortex.o
 .debug_abbrev  0x0000000000001c03      0x219 ./Drivers/STM32F4xx_HAL_Driver/Src/stm32f4xx_hal_dma.o
 .debug_abbrev  0x0000000000001e1c      0x1f1 ./Drivers/STM32F4xx_HAL_Driver/Src/stm32f4xx_hal_gpio.o
 .debug_abbrev  0x000000000000200d      0x293 ./Drivers/STM32F4xx_HAL_Driver/Src/stm32f4xx_hal_i2c.o
 .debug_abbrev  0x00000000000022a0      0x275 ./Drivers/STM32F4xx_HAL_Driver/Src/stm32f4xx_hal_rcc.o
 .debug_abbrev  0x0000000000002515      0x26f ./Drivers/STM32F4xx_HAL_Driver/Src/stm32f4xx_hal_tim.o
 .debug_abbrev  0x0000000000002784      0x277 ./Drivers/STM32F4xx_HAL_Driver/Src/stm32f4xx_hal_tim_ex.o
 .debug_abbrev  0x00000000000029fb      0x2fc ./Drivers/STM32F4xx_HAL_Driver/Src/stm32f4xx_hal_uart.o
 .debug_abbrev  0x0000000000002cf7      0x1e1 ./HardWare/adc_data.o
 .debug_abbrev  0x0000000000002ed8      0x1da ./HardWare/battery_spy.o
 .debug_abbrev  0x00000000000030b2      0x19a ./HardWare/led.o
 .debug_abbrev  0x000000000000324c      0x16d ./HardWare/motor.o

.debug_aranges  0x0000000000000000     0x11b8
 .debug_aranges
                0x0000000000000000       0x50 ./APP_User/app_user.o
 .debug_aranges
                0x0000000000000050       0x20 ./APP_User/exit_work.o
 .debug_aranges
                0x0000000000000070       0x30 ./Core/Src/adc.o
 .debug_aranges
                0x00000000000000a0       0x20 ./Core/Src/dma.o
 .debug_aranges
                0x00000000000000c0       0x20 ./Core/Src/gpio.o
 .debug_aranges
                0x00000000000000e0       0x30 ./Core/Src/i2c.o
 .debug_aranges
                0x0000000000000110       0x38 ./Core/Src/main.o
 .debug_aranges
                0x0000000000000148       0x20 ./Core/Src/stm32f4xx_hal_msp.o
 .debug_aranges
                0x0000000000000168       0xa8 ./Core/Src/stm32f4xx_it.o
 .debug_aranges
                0x0000000000000210       0x28 ./Core/Src/system_stm32f4xx.o
 .debug_aranges
                0x0000000000000238       0x48 ./Core/Src/tim.o
 .debug_aranges
                0x0000000000000280       0x30 ./Core/Src/usart.o
 .debug_aranges
                0x00000000000002b0       0x28 ./Core/Startup/startup_stm32f411ceux.o
 .debug_aranges
                0x00000000000002d8       0xf0 ./Drivers/STM32F4xx_HAL_Driver/Src/stm32f4xx_hal.o
 .debug_aranges
                0x00000000000003c8       0xe8 ./Drivers/STM32F4xx_HAL_Driver/Src/stm32f4xx_hal_adc.o
 .debug_aranges
                0x00000000000004b0      0x118 ./Drivers/STM32F4xx_HAL_Driver/Src/stm32f4xx_hal_cortex.o
 .debug_aranges
                0x00000000000005c8       0x90 ./Drivers/STM32F4xx_HAL_Driver/Src/stm32f4xx_hal_dma.o
 .debug_aranges
                0x0000000000000658       0x58 ./Drivers/STM32F4xx_HAL_Driver/Src/stm32f4xx_hal_gpio.o
 .debug_aranges
                0x00000000000006b0      0x2a0 ./Drivers/STM32F4xx_HAL_Driver/Src/stm32f4xx_hal_i2c.o
 .debug_aranges
                0x0000000000000950       0x88 ./Drivers/STM32F4xx_HAL_Driver/Src/stm32f4xx_hal_rcc.o
 .debug_aranges
                0x00000000000009d8      0x3d0 ./Drivers/STM32F4xx_HAL_Driver/Src/stm32f4xx_hal_tim.o
 .debug_aranges
                0x0000000000000da8      0x168 ./Drivers/STM32F4xx_HAL_Driver/Src/stm32f4xx_hal_tim_ex.o
 .debug_aranges
                0x0000000000000f10      0x200 ./Drivers/STM32F4xx_HAL_Driver/Src/stm32f4xx_hal_uart.o
 .debug_aranges
                0x0000000000001110       0x28 ./HardWare/adc_data.o
 .debug_aranges
                0x0000000000001138       0x28 ./HardWare/battery_spy.o
 .debug_aranges
                0x0000000000001160       0x30 ./HardWare/led.o
 .debug_aranges
                0x0000000000001190       0x28 ./HardWare/motor.o

.debug_ranges   0x0000000000000000     0x1068
 .debug_ranges  0x0000000000000000       0x40 ./APP_User/app_user.o
 .debug_ranges  0x0000000000000040       0x10 ./APP_User/exit_work.o
 .debug_ranges  0x0000000000000050       0x20 ./Core/Src/adc.o
 .debug_ranges  0x0000000000000070       0x10 ./Core/Src/dma.o
 .debug_ranges  0x0000000000000080       0x10 ./Core/Src/gpio.o
 .debug_ranges  0x0000000000000090       0x20 ./Core/Src/i2c.o
 .debug_ranges  0x00000000000000b0       0x28 ./Core/Src/main.o
 .debug_ranges  0x00000000000000d8       0x10 ./Core/Src/stm32f4xx_hal_msp.o
 .debug_ranges  0x00000000000000e8       0x98 ./Core/Src/stm32f4xx_it.o
 .debug_ranges  0x0000000000000180       0x18 ./Core/Src/system_stm32f4xx.o
 .debug_ranges  0x0000000000000198       0x38 ./Core/Src/tim.o
 .debug_ranges  0x00000000000001d0       0x20 ./Core/Src/usart.o
 .debug_ranges  0x00000000000001f0       0x20 ./Core/Startup/startup_stm32f411ceux.o
 .debug_ranges  0x0000000000000210       0xe0 ./Drivers/STM32F4xx_HAL_Driver/Src/stm32f4xx_hal.o
 .debug_ranges  0x00000000000002f0       0xd8 ./Drivers/STM32F4xx_HAL_Driver/Src/stm32f4xx_hal_adc.o
 .debug_ranges  0x00000000000003c8      0x108 ./Drivers/STM32F4xx_HAL_Driver/Src/stm32f4xx_hal_cortex.o
 .debug_ranges  0x00000000000004d0       0x80 ./Drivers/STM32F4xx_HAL_Driver/Src/stm32f4xx_hal_dma.o
 .debug_ranges  0x0000000000000550       0x48 ./Drivers/STM32F4xx_HAL_Driver/Src/stm32f4xx_hal_gpio.o
 .debug_ranges  0x0000000000000598      0x2b8 ./Drivers/STM32F4xx_HAL_Driver/Src/stm32f4xx_hal_i2c.o
 .debug_ranges  0x0000000000000850       0x78 ./Drivers/STM32F4xx_HAL_Driver/Src/stm32f4xx_hal_rcc.o
 .debug_ranges  0x00000000000008c8      0x3c0 ./Drivers/STM32F4xx_HAL_Driver/Src/stm32f4xx_hal_tim.o
 .debug_ranges  0x0000000000000c88      0x158 ./Drivers/STM32F4xx_HAL_Driver/Src/stm32f4xx_hal_tim_ex.o
 .debug_ranges  0x0000000000000de0      0x220 ./Drivers/STM32F4xx_HAL_Driver/Src/stm32f4xx_hal_uart.o
 .debug_ranges  0x0000000000001000       0x18 ./HardWare/adc_data.o
 .debug_ranges  0x0000000000001018       0x18 ./HardWare/battery_spy.o
 .debug_ranges  0x0000000000001030       0x20 ./HardWare/led.o
 .debug_ranges  0x0000000000001050       0x18 ./HardWare/motor.o

.debug_macro    0x0000000000000000    0x1947d
 .debug_macro   0x0000000000000000      0x297 ./APP_User/app_user.o
 .debug_macro   0x0000000000000297      0xaa8 ./APP_User/app_user.o
 .debug_macro   0x0000000000000d3f      0x2a7 ./APP_User/app_user.o
 .debug_macro   0x0000000000000fe6       0x2e ./APP_User/app_user.o
 .debug_macro   0x0000000000001014       0x28 ./APP_User/app_user.o
 .debug_macro   0x000000000000103c       0x22 ./APP_User/app_user.o
 .debug_macro   0x000000000000105e       0x8e ./APP_User/app_user.o
 .debug_macro   0x00000000000010ec       0x51 ./APP_User/app_user.o
 .debug_macro   0x000000000000113d      0x103 ./APP_User/app_user.o
 .debug_macro   0x0000000000001240       0x6a ./APP_User/app_user.o
 .debug_macro   0x00000000000012aa      0x1df ./APP_User/app_user.o
 .debug_macro   0x0000000000001489       0x1c ./APP_User/app_user.o
 .debug_macro   0x00000000000014a5       0x22 ./APP_User/app_user.o
 .debug_macro   0x00000000000014c7       0xdf ./APP_User/app_user.o
 .debug_macro   0x00000000000015a6     0x102d ./APP_User/app_user.o
 .debug_macro   0x00000000000025d3      0x11f ./APP_User/app_user.o
 .debug_macro   0x00000000000026f2     0xb953 ./APP_User/app_user.o
 .debug_macro   0x000000000000e045       0x6d ./APP_User/app_user.o
 .debug_macro   0x000000000000e0b2     0x3666 ./APP_User/app_user.o
 .debug_macro   0x0000000000011718      0x174 ./APP_User/app_user.o
 .debug_macro   0x000000000001188c       0x5c ./APP_User/app_user.o
 .debug_macro   0x00000000000118e8      0x447 ./APP_User/app_user.o
 .debug_macro   0x0000000000011d2f      0x9fe ./APP_User/app_user.o
 .debug_macro   0x000000000001272d      0x116 ./APP_User/app_user.o
 .debug_macro   0x0000000000012843      0x11b ./APP_User/app_user.o
 .debug_macro   0x000000000001295e       0xa5 ./APP_User/app_user.o
 .debug_macro   0x0000000000012a03      0x15f ./APP_User/app_user.o
 .debug_macro   0x0000000000012b62      0x287 ./APP_User/app_user.o
 .debug_macro   0x0000000000012de9       0x5f ./APP_User/app_user.o
 .debug_macro   0x0000000000012e48      0x236 ./APP_User/app_user.o
 .debug_macro   0x000000000001307e      0x9e1 ./APP_User/app_user.o
 .debug_macro   0x0000000000013a5f      0x38b ./APP_User/app_user.o
 .debug_macro   0x0000000000013dea      0x17d ./APP_User/app_user.o
 .debug_macro   0x0000000000013f67       0xf9 ./APP_User/app_user.o
 .debug_macro   0x0000000000014060      0x132 ./APP_User/app_user.o
 .debug_macro   0x0000000000014192      0x264 ./APP_User/app_user.o
 .debug_macro   0x00000000000143f6       0x2e ./APP_User/app_user.o
 .debug_macro   0x0000000000014424      0x1b5 ./APP_User/app_user.o
 .debug_macro   0x00000000000145d9       0x22 ./APP_User/app_user.o
 .debug_macro   0x00000000000145fb       0xd6 ./APP_User/app_user.o
 .debug_macro   0x00000000000146d1      0x11a ./APP_User/app_user.o
 .debug_macro   0x00000000000147eb       0x85 ./APP_User/app_user.o
 .debug_macro   0x0000000000014870       0x89 ./APP_User/app_user.o
 .debug_macro   0x00000000000148f9      0x8d1 ./APP_User/app_user.o
 .debug_macro   0x00000000000151ca       0x47 ./APP_User/app_user.o
 .debug_macro   0x0000000000015211      0x295 ./APP_User/app_user.o
 .debug_macro   0x00000000000154a6      0x126 ./APP_User/app_user.o
 .debug_macro   0x00000000000155cc       0xfa ./APP_User/app_user.o
 .debug_macro   0x00000000000156c6       0xa6 ./APP_User/app_user.o
 .debug_macro   0x000000000001576c      0x297 ./APP_User/exit_work.o
 .debug_macro   0x0000000000015a03      0x297 ./Core/Src/adc.o
 .debug_macro   0x0000000000015c9a      0x29d ./Core/Src/dma.o
 .debug_macro   0x0000000000015f37      0x29d ./Core/Src/gpio.o
 .debug_macro   0x00000000000161d4       0xf4 ./Core/Src/gpio.o
 .debug_macro   0x00000000000162c8      0x297 ./Core/Src/i2c.o
 .debug_macro   0x000000000001655f      0x2b1 ./Core/Src/main.o
 .debug_macro   0x0000000000016810      0x293 ./Core/Src/stm32f4xx_hal_msp.o
 .debug_macro   0x0000000000016aa3      0x29d ./Core/Src/stm32f4xx_it.o
 .debug_macro   0x0000000000016d40      0x20f ./Core/Src/system_stm32f4xx.o
 .debug_macro   0x0000000000016f4f      0x297 ./Core/Src/tim.o
 .debug_macro   0x00000000000171e6      0x297 ./Core/Src/usart.o
 .debug_macro   0x000000000001747d      0x26f ./Drivers/STM32F4xx_HAL_Driver/Src/stm32f4xx_hal.o
 .debug_macro   0x00000000000176ec      0x210 ./Drivers/STM32F4xx_HAL_Driver/Src/stm32f4xx_hal_adc.o
 .debug_macro   0x00000000000178fc      0x20f ./Drivers/STM32F4xx_HAL_Driver/Src/stm32f4xx_hal_cortex.o
 .debug_macro   0x0000000000017b0b      0x215 ./Drivers/STM32F4xx_HAL_Driver/Src/stm32f4xx_hal_dma.o
 .debug_macro   0x0000000000017d20      0x215 ./Drivers/STM32F4xx_HAL_Driver/Src/stm32f4xx_hal_gpio.o
 .debug_macro   0x0000000000017f35      0x256 ./Drivers/STM32F4xx_HAL_Driver/Src/stm32f4xx_hal_i2c.o
 .debug_macro   0x000000000001818b      0x233 ./Drivers/STM32F4xx_HAL_Driver/Src/stm32f4xx_hal_rcc.o
 .debug_macro   0x00000000000183be      0x210 ./Drivers/STM32F4xx_HAL_Driver/Src/stm32f4xx_hal_tim.o
 .debug_macro   0x00000000000185ce      0x20f ./Drivers/STM32F4xx_HAL_Driver/Src/stm32f4xx_hal_tim_ex.o
 .debug_macro   0x00000000000187dd      0x210 ./Drivers/STM32F4xx_HAL_Driver/Src/stm32f4xx_hal_uart.o
 .debug_macro   0x00000000000189ed      0x29b ./HardWare/adc_data.o
 .debug_macro   0x0000000000018c88      0x2c7 ./HardWare/battery_spy.o
 .debug_macro   0x0000000000018f4f      0x297 ./HardWare/led.o
 .debug_macro   0x00000000000191e6      0x297 ./HardWare/motor.o

.debug_line     0x0000000000000000    0x19e29
 .debug_line    0x0000000000000000      0x996 ./APP_User/app_user.o
 .debug_line    0x0000000000000996      0x8bf ./APP_User/exit_work.o
 .debug_line    0x0000000000001255      0x9c3 ./Core/Src/adc.o
 .debug_line    0x0000000000001c18      0x899 ./Core/Src/dma.o
 .debug_line    0x00000000000024b1      0x8df ./Core/Src/gpio.o
 .debug_line    0x0000000000002d90      0x90e ./Core/Src/i2c.o
 .debug_line    0x000000000000369e      0x9d3 ./Core/Src/main.o
 .debug_line    0x0000000000004071      0x89e ./Core/Src/stm32f4xx_hal_msp.o
 .debug_line    0x000000000000490f      0xa38 ./Core/Src/stm32f4xx_it.o
 .debug_line    0x0000000000005347      0x837 ./Core/Src/system_stm32f4xx.o
 .debug_line    0x0000000000005b7e      0xa0e ./Core/Src/tim.o
 .debug_line    0x000000000000658c      0x8ff ./Core/Src/usart.o
 .debug_line    0x0000000000006e8b       0x88 ./Core/Startup/startup_stm32f411ceux.o
 .debug_line    0x0000000000006f13      0xa9d ./Drivers/STM32F4xx_HAL_Driver/Src/stm32f4xx_hal.o
 .debug_line    0x00000000000079b0     0x1261 ./Drivers/STM32F4xx_HAL_Driver/Src/stm32f4xx_hal_adc.o
 .debug_line    0x0000000000008c11      0xd4c ./Drivers/STM32F4xx_HAL_Driver/Src/stm32f4xx_hal_cortex.o
 .debug_line    0x000000000000995d     0x1002 ./Drivers/STM32F4xx_HAL_Driver/Src/stm32f4xx_hal_dma.o
 .debug_line    0x000000000000a95f      0xbd7 ./Drivers/STM32F4xx_HAL_Driver/Src/stm32f4xx_hal_gpio.o
 .debug_line    0x000000000000b536     0x3a49 ./Drivers/STM32F4xx_HAL_Driver/Src/stm32f4xx_hal_i2c.o
 .debug_line    0x000000000000ef7f      0xe17 ./Drivers/STM32F4xx_HAL_Driver/Src/stm32f4xx_hal_rcc.o
 .debug_line    0x000000000000fd96     0x356b ./Drivers/STM32F4xx_HAL_Driver/Src/stm32f4xx_hal_tim.o
 .debug_line    0x0000000000013301     0x1a35 ./Drivers/STM32F4xx_HAL_Driver/Src/stm32f4xx_hal_tim_ex.o
 .debug_line    0x0000000000014d36     0x2b24 ./Drivers/STM32F4xx_HAL_Driver/Src/stm32f4xx_hal_uart.o
 .debug_line    0x000000000001785a      0xa68 ./HardWare/adc_data.o
 .debug_line    0x00000000000182c2      0x95c ./HardWare/battery_spy.o
 .debug_line    0x0000000000018c1e      0x95e ./HardWare/led.o
 .debug_line    0x000000000001957c      0x8ad ./HardWare/motor.o

.debug_str      0x0000000000000000    0x98f75
 .debug_str     0x0000000000000000    0x9511d ./APP_User/app_user.o
                                      0x954de (size before relaxing)
 .debug_str     0x000000000009511d       0x55 ./APP_User/exit_work.o
                                      0x94f68 (size before relaxing)
 .debug_str     0x0000000000095172       0xa7 ./Core/Src/adc.o
                                      0x95143 (size before relaxing)
 .debug_str     0x0000000000095219       0x29 ./Core/Src/dma.o
                                      0x953e7 (size before relaxing)
 .debug_str     0x0000000000095242       0x3c ./Core/Src/gpio.o
                                      0x95462 (size before relaxing)
 .debug_str     0x000000000009527e       0x4b ./Core/Src/i2c.o
                                      0x95101 (size before relaxing)
 .debug_str     0x00000000000952c9      0x1c0 ./Core/Src/main.o
                                      0x95250 (size before relaxing)
 .debug_str     0x0000000000095489       0x2c ./Core/Src/stm32f4xx_hal_msp.o
                                      0x95054 (size before relaxing)
 .debug_str     0x00000000000954b5      0x17a ./Core/Src/stm32f4xx_it.o
                                      0x95097 (size before relaxing)
 .debug_str     0x000000000009562f       0xaf ./Core/Src/system_stm32f4xx.o
                                      0x93cda (size before relaxing)
 .debug_str     0x00000000000956de      0x111 ./Core/Src/tim.o
                                      0x95501 (size before relaxing)
 .debug_str     0x00000000000957ef       0x57 ./Core/Src/usart.o
                                      0x954a3 (size before relaxing)
 .debug_str     0x0000000000095846       0x36 ./Core/Startup/startup_stm32f411ceux.o
                                         0x67 (size before relaxing)
 .debug_str     0x000000000009587c      0x58d ./Drivers/STM32F4xx_HAL_Driver/Src/stm32f4xx_hal.o
                                      0x94664 (size before relaxing)
 .debug_str     0x0000000000095e09      0x2a2 ./Drivers/STM32F4xx_HAL_Driver/Src/stm32f4xx_hal_adc.o
                                      0x94274 (size before relaxing)
 .debug_str     0x00000000000960ab      0x392 ./Drivers/STM32F4xx_HAL_Driver/Src/stm32f4xx_hal_cortex.o
                                      0x94441 (size before relaxing)
 .debug_str     0x000000000009643d      0x323 ./Drivers/STM32F4xx_HAL_Driver/Src/stm32f4xx_hal_dma.o
                                      0x940f2 (size before relaxing)
 .debug_str     0x0000000000096760      0x122 ./Drivers/STM32F4xx_HAL_Driver/Src/stm32f4xx_hal_gpio.o
                                      0x93e81 (size before relaxing)
 .debug_str     0x0000000000096882      0xaae ./Drivers/STM32F4xx_HAL_Driver/Src/stm32f4xx_hal_i2c.o
                                      0x94c4f (size before relaxing)
 .debug_str     0x0000000000097330      0x24e ./Drivers/STM32F4xx_HAL_Driver/Src/stm32f4xx_hal_rcc.o
                                      0x940dc (size before relaxing)
 .debug_str     0x000000000009757e      0xdb5 ./Drivers/STM32F4xx_HAL_Driver/Src/stm32f4xx_hal_tim.o
                                      0x94ff7 (size before relaxing)
 .debug_str     0x0000000000098333      0x4ee ./Drivers/STM32F4xx_HAL_Driver/Src/stm32f4xx_hal_tim_ex.o
                                      0x947a8 (size before relaxing)
 .debug_str     0x0000000000098821      0x602 ./Drivers/STM32F4xx_HAL_Driver/Src/stm32f4xx_hal_uart.o
                                      0x94650 (size before relaxing)
 .debug_str     0x0000000000098e23       0x42 ./HardWare/adc_data.o
                                      0x94f5a (size before relaxing)
 .debug_str     0x0000000000098e65       0xb0 ./HardWare/battery_spy.o
                                      0x94fc9 (size before relaxing)
 .debug_str     0x0000000000098f15       0x35 ./HardWare/led.o
                                      0x94f4e (size before relaxing)
 .debug_str     0x0000000000098f4a       0x2b ./HardWare/motor.o
                                      0x94f3e (size before relaxing)

.comment        0x0000000000000000       0x53
 .comment       0x0000000000000000       0x53 ./APP_User/app_user.o
                                         0x54 (size before relaxing)
 .comment       0x0000000000000053       0x54 ./APP_User/exit_work.o
 .comment       0x0000000000000053       0x54 ./Core/Src/adc.o
 .comment       0x0000000000000053       0x54 ./Core/Src/dma.o
 .comment       0x0000000000000053       0x54 ./Core/Src/gpio.o
 .comment       0x0000000000000053       0x54 ./Core/Src/i2c.o
 .comment       0x0000000000000053       0x54 ./Core/Src/main.o
 .comment       0x0000000000000053       0x54 ./Core/Src/stm32f4xx_hal_msp.o
 .comment       0x0000000000000053       0x54 ./Core/Src/stm32f4xx_it.o
 .comment       0x0000000000000053       0x54 ./Core/Src/system_stm32f4xx.o
 .comment       0x0000000000000053       0x54 ./Core/Src/tim.o
 .comment       0x0000000000000053       0x54 ./Core/Src/usart.o
 .comment       0x0000000000000053       0x54 ./Drivers/STM32F4xx_HAL_Driver/Src/stm32f4xx_hal.o
 .comment       0x0000000000000053       0x54 ./Drivers/STM32F4xx_HAL_Driver/Src/stm32f4xx_hal_adc.o
 .comment       0x0000000000000053       0x54 ./Drivers/STM32F4xx_HAL_Driver/Src/stm32f4xx_hal_cortex.o
 .comment       0x0000000000000053       0x54 ./Drivers/STM32F4xx_HAL_Driver/Src/stm32f4xx_hal_dma.o
 .comment       0x0000000000000053       0x54 ./Drivers/STM32F4xx_HAL_Driver/Src/stm32f4xx_hal_gpio.o
 .comment       0x0000000000000053       0x54 ./Drivers/STM32F4xx_HAL_Driver/Src/stm32f4xx_hal_i2c.o
 .comment       0x0000000000000053       0x54 ./Drivers/STM32F4xx_HAL_Driver/Src/stm32f4xx_hal_rcc.o
 .comment       0x0000000000000053       0x54 ./Drivers/STM32F4xx_HAL_Driver/Src/stm32f4xx_hal_tim.o
 .comment       0x0000000000000053       0x54 ./Drivers/STM32F4xx_HAL_Driver/Src/stm32f4xx_hal_tim_ex.o
 .comment       0x0000000000000053       0x54 ./Drivers/STM32F4xx_HAL_Driver/Src/stm32f4xx_hal_uart.o
 .comment       0x0000000000000053       0x54 ./HardWare/adc_data.o
 .comment       0x0000000000000053       0x54 ./HardWare/battery_spy.o
 .comment       0x0000000000000053       0x54 ./HardWare/led.o
 .comment       0x0000000000000053       0x54 ./HardWare/motor.o

.debug_frame    0x0000000000000000     0x4828
 .debug_frame   0x0000000000000000       0xf4 ./APP_User/app_user.o
 .debug_frame   0x00000000000000f4       0x34 ./APP_User/exit_work.o
 .debug_frame   0x0000000000000128       0x7c ./Core/Src/adc.o
 .debug_frame   0x00000000000001a4       0x34 ./Core/Src/dma.o
 .debug_frame   0x00000000000001d8       0x34 ./Core/Src/gpio.o
 .debug_frame   0x000000000000020c       0x74 ./Core/Src/i2c.o
 .debug_frame   0x0000000000000280       0x8c ./Core/Src/main.o
 .debug_frame   0x000000000000030c       0x38 ./Core/Src/stm32f4xx_hal_msp.o
 .debug_frame   0x0000000000000344      0x200 ./Core/Src/stm32f4xx_it.o
 .debug_frame   0x0000000000000544       0x58 ./Core/Src/system_stm32f4xx.o
 .debug_frame   0x000000000000059c       0xd8 ./Core/Src/tim.o
 .debug_frame   0x0000000000000674       0x74 ./Core/Src/usart.o
 .debug_frame   0x00000000000006e8      0x374 ./Drivers/STM32F4xx_HAL_Driver/Src/stm32f4xx_hal.o
 .debug_frame   0x0000000000000a5c      0x3fc ./Drivers/STM32F4xx_HAL_Driver/Src/stm32f4xx_hal_adc.o
 .debug_frame   0x0000000000000e58      0x498 ./Drivers/STM32F4xx_HAL_Driver/Src/stm32f4xx_hal_cortex.o
 .debug_frame   0x00000000000012f0      0x250 ./Drivers/STM32F4xx_HAL_Driver/Src/stm32f4xx_hal_dma.o
 .debug_frame   0x0000000000001540      0x14c ./Drivers/STM32F4xx_HAL_Driver/Src/stm32f4xx_hal_gpio.o
 .debug_frame   0x000000000000168c      0xc5c ./Drivers/STM32F4xx_HAL_Driver/Src/stm32f4xx_hal_i2c.o
 .debug_frame   0x00000000000022e8      0x1ec ./Drivers/STM32F4xx_HAL_Driver/Src/stm32f4xx_hal_rcc.o
 .debug_frame   0x00000000000024d4     0x11bc ./Drivers/STM32F4xx_HAL_Driver/Src/stm32f4xx_hal_tim.o
 .debug_frame   0x0000000000003690      0x638 ./Drivers/STM32F4xx_HAL_Driver/Src/stm32f4xx_hal_tim_ex.o
 .debug_frame   0x0000000000003cc8      0x92c ./Drivers/STM32F4xx_HAL_Driver/Src/stm32f4xx_hal_uart.o
 .debug_frame   0x00000000000045f4       0x54 ./HardWare/adc_data.o
 .debug_frame   0x0000000000004648       0x5c ./HardWare/battery_spy.o
 .debug_frame   0x00000000000046a4       0x88 ./HardWare/led.o
 .debug_frame   0x000000000000472c       0x50 ./HardWare/motor.o
 .debug_frame   0x000000000000477c       0x2c d:/stm32cubeidedatauser/stm32cubeide_1.7.0/stm32cubeide/plugins/com.st.stm32cube.ide.mcu.externaltools.gnu-tools-for-stm32.9-2020-q2-update.win32_2.0.0.202105311346/tools/bin/../lib/gcc/arm-none-eabi/9.3.1/../../../../arm-none-eabi/lib/thumb/v7e-m+fp/hard\libc_nano.a(lib_a-init.o)
 .debug_frame   0x00000000000047a8       0x20 d:/stm32cubeidedatauser/stm32cubeide_1.7.0/stm32cubeide/plugins/com.st.stm32cube.ide.mcu.externaltools.gnu-tools-for-stm32.9-2020-q2-update.win32_2.0.0.202105311346/tools/bin/../lib/gcc/arm-none-eabi/9.3.1/../../../../arm-none-eabi/lib/thumb/v7e-m+fp/hard\libc_nano.a(lib_a-memset.o)
 .debug_frame   0x00000000000047c8       0x2c d:/stm32cubeidedatauser/stm32cubeide_1.7.0/stm32cubeide/plugins/com.st.stm32cube.ide.mcu.externaltools.gnu-tools-for-stm32.9-2020-q2-update.win32_2.0.0.202105311346/tools/bin/../lib/gcc/arm-none-eabi/9.3.1/thumb/v7e-m+fp/hard\libgcc.a(_aeabi_uldivmod.o)
 .debug_frame   0x00000000000047f4       0x34 d:/stm32cubeidedatauser/stm32cubeide_1.7.0/stm32cubeide/plugins/com.st.stm32cube.ide.mcu.externaltools.gnu-tools-for-stm32.9-2020-q2-update.win32_2.0.0.202105311346/tools/bin/../lib/gcc/arm-none-eabi/9.3.1/thumb/v7e-m+fp/hard\libgcc.a(_udivmoddi4.o)
